Component: ARM Compiler 5.06 update 7 (build 960) Tool: armlink [4d3601]

==============================================================================

Section Cross References

    startup_stm32f446xx.o(STACK) refers (Special) to heapauxi.o(.text) for __use_two_region_memory
    startup_stm32f446xx.o(HEAP) refers (Special) to heapauxi.o(.text) for __use_two_region_memory
    startup_stm32f446xx.o(RESET) refers (Special) to heapauxi.o(.text) for __use_two_region_memory
    startup_stm32f446xx.o(RESET) refers to startup_stm32f446xx.o(STACK) for __initial_sp
    startup_stm32f446xx.o(RESET) refers to startup_stm32f446xx.o(.text) for Reset_Handler
    startup_stm32f446xx.o(RESET) refers to stm32f4xx_it.o(i.NMI_Handler) for NMI_Handler
    startup_stm32f446xx.o(RESET) refers to stm32f4xx_it.o(i.HardFault_Handler) for HardFault_Handler
    startup_stm32f446xx.o(RESET) refers to stm32f4xx_it.o(i.MemManage_Handler) for MemManage_Handler
    startup_stm32f446xx.o(RESET) refers to stm32f4xx_it.o(i.BusFault_Handler) for BusFault_Handler
    startup_stm32f446xx.o(RESET) refers to stm32f4xx_it.o(i.UsageFault_Handler) for UsageFault_Handler
    startup_stm32f446xx.o(RESET) refers to stm32f4xx_it.o(i.SVC_Handler) for SVC_Handler
    startup_stm32f446xx.o(RESET) refers to stm32f4xx_it.o(i.DebugMon_Handler) for DebugMon_Handler
    startup_stm32f446xx.o(RESET) refers to stm32f4xx_it.o(i.PendSV_Handler) for PendSV_Handler
    startup_stm32f446xx.o(RESET) refers to stm32f4xx_it.o(i.SysTick_Handler) for SysTick_Handler
    startup_stm32f446xx.o(RESET) refers to stm32f4xx_it.o(i.CAN1_RX0_IRQHandler) for CAN1_RX0_IRQHandler
    startup_stm32f446xx.o(RESET) refers to stm32f4xx_it.o(i.CAN1_RX1_IRQHandler) for CAN1_RX1_IRQHandler
    startup_stm32f446xx.o(RESET) refers to stm32f4xx_it.o(i.I2C1_EV_IRQHandler) for I2C1_EV_IRQHandler
    startup_stm32f446xx.o(RESET) refers to stm32f4xx_it.o(i.I2C1_ER_IRQHandler) for I2C1_ER_IRQHandler
    startup_stm32f446xx.o(RESET) refers to stm32f4xx_it.o(i.TIM8_TRG_COM_TIM14_IRQHandler) for TIM8_TRG_COM_TIM14_IRQHandler
    startup_stm32f446xx.o(RESET) refers to stm32f4xx_it.o(i.DMA1_Stream7_IRQHandler) for DMA1_Stream7_IRQHandler
    startup_stm32f446xx.o(RESET) refers to stm32f4xx_it.o(i.UART4_IRQHandler) for UART4_IRQHandler
    startup_stm32f446xx.o(RESET) refers to stm32f4xx_it.o(i.UART5_IRQHandler) for UART5_IRQHandler
    startup_stm32f446xx.o(RESET) refers to stm32f4xx_it.o(i.CAN2_RX0_IRQHandler) for CAN2_RX0_IRQHandler
    startup_stm32f446xx.o(RESET) refers to stm32f4xx_it.o(i.CAN2_RX1_IRQHandler) for CAN2_RX1_IRQHandler
    startup_stm32f446xx.o(.text) refers (Special) to heapauxi.o(.text) for __use_two_region_memory
    startup_stm32f446xx.o(.text) refers to system_stm32f4xx.o(i.SystemInit) for SystemInit
    startup_stm32f446xx.o(.text) refers to __main.o(!!!main) for __main
    startup_stm32f446xx.o(.text) refers to startup_stm32f446xx.o(HEAP) for Heap_Mem
    startup_stm32f446xx.o(.text) refers to startup_stm32f446xx.o(STACK) for Stack_Mem
    main.o(i.Absolute_Position_Reception) refers to main.o(.bss) for .bss
    main.o(i.Absolute_Position_Reception) refers to main.o(.data) for .data
    main.o(i.Brake_Controls) refers to stm32f4xx_hal_gpio.o(i.HAL_GPIO_WritePin) for HAL_GPIO_WritePin
    main.o(i.Brake_Controls) refers to main.o(.data) for .data
    main.o(i.CAN_Reception) refers to main.o(.data) for .data
    main.o(i.CAN_Transmit) refers to rt_memcpy_w.o(.text) for __aeabi_memcpy4
    main.o(i.CAN_Transmit) refers to stm32f4xx_hal_can.o(i.HAL_CAN_AddTxMessage) for HAL_CAN_AddTxMessage
    main.o(i.CAN_Transmit) refers to stm32f4xx_hal.o(i.HAL_Delay) for HAL_Delay
    main.o(i.CAN_Transmit) refers to main.o(.bss) for .bss
    main.o(i.CAN_Transmit) refers to main.o(.data) for .data
    main.o(i.Error_Handler) refers to main.o(i.Set_Motor_Torque) for Set_Motor_Torque
    main.o(i.Error_Handler) refers to main.o(i.Set_Motor_Velocity) for Set_Motor_Velocity
    main.o(i.HAL_CAN_RxFifo1MsgPendingCallback) refers to stm32f4xx_hal_can.o(i.HAL_CAN_GetRxMessage) for HAL_CAN_GetRxMessage
    main.o(i.HAL_CAN_RxFifo1MsgPendingCallback) refers to main.o(i.convertRawDataToFloat) for convertRawDataToFloat
    main.o(i.HAL_CAN_RxFifo1MsgPendingCallback) refers to main.o(i.CAN_Reception) for CAN_Reception
    main.o(i.HAL_CAN_RxFifo1MsgPendingCallback) refers to main.o(i.Absolute_Position_Reception) for Absolute_Position_Reception
    main.o(i.HAL_CAN_RxFifo1MsgPendingCallback) refers to main.o(.data) for .data
    main.o(i.HAL_CAN_RxFifo1MsgPendingCallback) refers to main.o(.bss) for .bss
    main.o(i.HAL_UART_RxCpltCallback) refers to stm32f4xx_hal_uart.o(i.HAL_UART_Receive_IT) for HAL_UART_Receive_IT
    main.o(i.HAL_UART_RxCpltCallback) refers to main.o(.data) for .data
    main.o(i.HAL_UART_RxCpltCallback) refers to main.o(.bss) for .bss
    main.o(i.Joystick_Reception) refers to main.o(.data) for .data
[...]
    $v0                                      0x08005a84   Number         0  dcmpi.o(x$fpl$dcmpinf)
    x$fpl$ddiv                               0x08005a9c   Section      688  ddiv.o(x$fpl$ddiv)
    $v0                                      0x08005a9c   Number         0  ddiv.o(x$fpl$ddiv)
    ddiv_entry                               0x08005aa3   Thumb Code     0  ddiv.o(x$fpl$ddiv)
    x$fpl$deqf                               0x08005d4c   Section      120  deqf.o(x$fpl$deqf)
    $v0                                      0x08005d4c   Number         0  deqf.o(x$fpl$deqf)
    x$fpl$dfix                               0x08005dc4   Section       94  dfix.o(x$fpl$dfix)
    $v0                                      0x08005dc4   Number         0  dfix.o(x$fpl$dfix)
    x$fpl$dflt                               0x08005e22   Section       46  dflt_clz.o(x$fpl$dflt)
    $v0                                      0x08005e22   Number         0  dflt_clz.o(x$fpl$dflt)
    x$fpl$dfltu                              0x08005e50   Section       38  dflt_clz.o(x$fpl$dfltu)
    $v0                                      0x08005e50   Number         0  dflt_clz.o(x$fpl$dfltu)
    x$fpl$dleqf                              0x08005e78   Section      120  dleqf.o(x$fpl$dleqf)
    $v0                                      0x08005e78   Number         0  dleqf.o(x$fpl$dleqf)
    x$fpl$dmul                               0x08005ef0   Section      340  dmul.o(x$fpl$dmul)
    $v0                                      0x08005ef0   Number         0  dmul.o(x$fpl$dmul)
    x$fpl$dnaninf                            0x08006044   Section      156  dnaninf.o(x$fpl$dnaninf)
    $v0                                      0x08006044   Number         0  dnaninf.o(x$fpl$dnaninf)
    x$fpl$dretinf                            0x080060e0   Section       12  dretinf.o(x$fpl$dretinf)
    $v0                                      0x080060e0   Number         0  dretinf.o(x$fpl$dretinf)
    x$fpl$drleqf                             0x080060ec   Section      108  drleqf.o(x$fpl$drleqf)
    $v0                                      0x080060ec   Number         0  drleqf.o(x$fpl$drleqf)
    x$fpl$drnd                               0x08006158   Section      180  drnd.o(x$fpl$drnd)
    $v0                                      0x08006158   Number         0  drnd.o(x$fpl$drnd)
    x$fpl$drsb                               0x0800620c   Section       22  daddsub_clz.o(x$fpl$drsb)
    $v0                                      0x0800620c   Number         0  daddsub_clz.o(x$fpl$drsb)
    x$fpl$dsub                               0x08006224   Section      468  daddsub_clz.o(x$fpl$dsub)
    $v0                                      0x08006224   Number         0  daddsub_clz.o(x$fpl$dsub)
    _dsub1                                   0x08006235   Thumb Code     0  daddsub_clz.o(x$fpl$dsub)
    x$fpl$f2d                                0x080063f8   Section       86  f2d.o(x$fpl$f2d)
    $v0                                      0x080063f8   Number         0  f2d.o(x$fpl$f2d)
    x$fpl$fnaninf                            0x0800644e   Section      140  fnaninf.o(x$fpl$fnaninf)
    $v0                                      0x0800644e   Number         0  fnaninf.o(x$fpl$fnaninf)
    x$fpl$fpinit                             0x080064da   Section       10  fpinit.o(x$fpl$fpinit)
    $v0                                      0x080064da   Number         0  fpinit.o(x$fpl$fpinit)
    x$fpl$fretinf                            0x080064e4   Section       10  fretinf.o(x$fpl$fretinf)
    $v0                                      0x080064e4   Number         0  fretinf.o(x$fpl$fretinf)
    .constdata                               0x080064ee   Section        8  stm32f4xx_hal_dma.o(.constdata)
    x$fpl$usenofp                            0x080064ee   Section        0  usenofp.o(x$fpl$usenofp)
    flagBitshiftOffset                       0x080064ee   Data           8  stm32f4xx_hal_dma.o(.constdata)
    .constdata                               0x080064f6   Section       16  system_stm32f4xx.o(.constdata)
    .constdata                               0x08006506   Section        8  system_stm32f4xx.o(.constdata)
    .constdata                               0x08006510   Section       56  log.o(.constdata)
    Lg2                                      0x08006510   Data          24  log.o(.constdata)
    Lg                                       0x08006528   Data          32  log.o(.constdata)
    .constdata                               0x08006548   Section       48  cos_i.o(.constdata)
    C                                        0x08006548   Data          48  cos_i.o(.constdata)
    .constdata                               0x08006578   Section        8  qnan.o(.constdata)
    .constdata                               0x08006580   Section      200  rred.o(.constdata)
    pio2s                                    0x08006580   Data          48  rred.o(.constdata)
    twooverpi                                0x080065b0   Data         152  rred.o(.constdata)
    .constdata                               0x08006648   Section       40  sin_i.o(.constdata)
    S                                        0x08006648   Data          40  sin_i.o(.constdata)
    .constdata                               0x08006670   Section       96  tan_i.o(.constdata)
    Todd                                     0x08006670   Data          48  tan_i.o(.constdata)
    Teven                                    0x080066a0   Data          48  tan_i.o(.constdata)
    .data                                    0x20000000   Section      200  main.o(.data)
    .data                                    0x200000c8   Section        4  stm32f4xx_hal_msp.o(.data)
    HAL_RCC_CAN1_CLK_ENABLED                 0x200000c8   Data           4  stm32f4xx_hal_msp.o(.data)
    .data                                    0x200000cc   Section       12  stm32f4xx_hal.o(.data)
    .data                                    0x200000d8   Section        4  system_stm32f4xx.o(.data)
    .bss                                     0x200000dc   Section      776  main.o(.bss)
    .bss                                     0x200003e4   Section       96  main.o(.bss)
    .bss                                     0x20000444   Section       96  libspace.o(.bss)
    HEAP                                     0x200004a8   Section      512  startup_stm32f446xx.o(HEAP)
    Heap_Mem                                 0x200004a8   Data         512  startup_stm32f446xx.o(HEAP)
    STACK                                    0x200006a8   Section     1024  startup_stm32f446xx.o(STACK)
    Stack_Mem                                0x200006a8   Data        1024  startup_stm32f446xx.o(STACK)
    __initial_sp                             0x20000aa8   Data           0  startup_stm32f446xx.o(STACK)

    Global Symbols

    Symbol Name                              Value     Ov Type        Size  Object(Section)

    BuildAttributes$$THM_ISAv4$E$P$D$K$B$S$7EM$VFPi3$EXTD16$VFPS$VFMA$PE$A:L22UL41UL21$X:L11$S22US41US21$IEEE1$IW$USESV6$~STKCKD$USESV7$~SHL$OTIME$ROPI$IEEEX$EBA8$UX$STANDARDLIB$REQ8$PRES8$EABIv2 0x00000000   Number         0  anon$$obj.o ABSOLUTE
    __ARM_use_no_argv                        0x00000000   Number         0  main.o ABSOLUTE
    __ARM_exceptions_init                     - Undefined Weak Reference
    __alloca_initialize                       - Undefined Weak Reference
    __arm_fini_                               - Undefined Weak Reference
    __arm_preinit_                            - Undefined Weak Reference
    __cpp_initialize__aeabi_                  - Undefined Weak Reference
    __cxa_finalize                            - Undefined Weak Reference
    __rt_locale                               - Undefined Weak Reference
    __sigvec_lookup                           - Undefined Weak Reference
    _atexit_init                              - Undefined Weak Reference
    _call_atexit_fns                          - Undefined Weak Reference
    _clock_init                               - Undefined Weak Reference
    _fp_trap_init                             - Undefined Weak Reference
    _fp_trap_shutdown                         - Undefined Weak Reference
    _get_lc_collate                           - Undefined Weak Reference
    _get_lc_ctype                             - Undefined Weak Reference
    _get_lc_monetary                          - Undefined Weak Reference
    _get_lc_numeric                           - Undefined Weak Reference
    _get_lc_time                              - Undefined Weak Reference
    _getenv_init                              - Undefined Weak Reference
    _handle_redirection                       - Undefined Weak Reference
    _init_alloc                               - Undefined Weak Reference
    _init_user_alloc                          - Undefined Weak Reference
    _initio                                   - Undefined Weak Reference
    _rand_init                                - Undefined Weak Reference
    _signal_finish                            - Undefined Weak Reference
    _signal_init                              - Undefined Weak Reference
    _terminate_alloc                          - Undefined Weak Reference
    _terminate_user_alloc                     - Undefined Weak Reference
    _terminateio                              - Undefined Weak Reference
    __Vectors_Size                           0x000001c4   Number         0  startup_stm32f446xx.o ABSOLUTE
    __Vectors                                0x08000000   Data           4  startup_stm32f446xx.o(RESET)
    __Vectors_End                            0x080001c4   Data           0  startup_stm32f446xx.o(RESET)
    __main                                   0x080001c5   Thumb Code     8  __main.o(!!!main)
    __scatterload                            0x080001cd   Thumb Code     0  __scatter.o(!!!scatter)
    __scatterload_rt2                        0x080001cd   Thumb Code    44  __scatter.o(!!!scatter)
    __scatterload_rt2_thumb_only             0x080001cd   Thumb Code     0  __scatter.o(!!!scatter)
    __scatterload_null                       0x080001db   Thumb Code     0  __scatter.o(!!!scatter)
    __scatterload_copy                       0x08000201   Thumb Code    26  __scatter_copy.o(!!handler_copy)
    __scatterload_zeroinit                   0x0800021d   Thumb Code    28  __scatter_zi.o(!!handler_zi)
    __rt_lib_init                            0x08000239   Thumb Code     0  libinit.o(.ARM.Collect$$libinit$$00000000)
    __rt_lib_init_fp_1                       0x0800023b   Thumb Code     0  libinit2.o(.ARM.Collect$$libinit$$00000001)
    __rt_lib_init_alloca_1                   0x0800023f   Thumb Code     0  libinit2.o(.ARM.Collect$$libinit$$0000002E)
    __rt_lib_init_argv_1                     0x0800023f   Thumb Code     0  libinit2.o(.ARM.Collect$$libinit$$0000002C)
    __rt_lib_init_atexit_1                   0x0800023f   Thumb Code     0  libinit2.o(.ARM.Collect$$libinit$$0000001B)
    __rt_lib_init_clock_1                    0x0800023f   Thumb Code     0  libinit2.o(.ARM.Collect$$libinit$$00000021)
    __rt_lib_init_cpp_1                      0x0800023f   Thumb Code     0  libinit2.o(.ARM.Collect$$libinit$$00000032)
    __rt_lib_init_exceptions_1               0x0800023f   Thumb Code     0  libinit2.o(.ARM.Collect$$libinit$$00000030)
    __rt_lib_init_fp_trap_1                  0x0800023f   Thumb Code     0  libinit2.o(.ARM.Collect$$libinit$$0000001F)
    __rt_lib_init_getenv_1                   0x0800023f   Thumb Code     0  libinit2.o(.ARM.Collect$$libinit$$00000023)
    __rt_lib_init_heap_1                     0x0800023f   Thumb Code     0  libinit2.o(.ARM.Collect$$libinit$$0000000A)
    __rt_lib_init_lc_collate_1               0x0800023f   Thumb Code     0  libinit2.o(.ARM.Collect$$libinit$$00000011)
    __rt_lib_init_lc_ctype_1                 0x0800023f   Thumb Code     0  libinit2.o(.ARM.Collect$$libinit$$00000013)
    __rt_lib_init_lc_monetary_1              0x0800023f   Thumb Code     0  libinit2.o(.ARM.Collect$$libinit$$00000015)
    __rt_lib_init_lc_numeric_1               0x0800023f   Thumb Code     0  libinit2.o(.ARM.Collect$$libinit$$00000017)
    __rt_lib_init_lc_time_1                  0x0800023f   Thumb Code     0  libinit2.o(.ARM.Collect$$libinit$$00000019)
    __rt_lib_init_preinit_1                  0x0800023f   Thumb Code     0  libinit2.o(.ARM.Collect$$libinit$$00000004)
    __rt_lib_init_rand_1                     0x0800023f   Thumb Code     0  libinit2.o(.ARM.Collect$$libinit$$0000000E)
    __rt_lib_init_return                     0x0800023f   Thumb Code     0  libinit2.o(.ARM.Collect$$libinit$$00000033)
    __rt_lib_init_signal_1                   0x0800023f   Thumb Code     0  libinit2.o(.ARM.Collect$$libinit$$0000001D)
    __rt_lib_init_stdio_1                    0x0800023f   Thumb Code     0  libinit2.o(.ARM.Collect$$libinit$$00000025)
    __rt_lib_init_user_alloc_1               0x0800023f   Thumb Code     0  libinit2.o(.ARM.Collect$$libinit$$0000000C)
    __rt_lib_shutdown                        0x08000241   Thumb Code     0  libshutdown.o(.ARM.Collect$$libshutdown$$00000000)
    __rt_lib_shutdown_cpp_1                  0x08000243   Thumb Code     0  libshutdown2.o(.ARM.Collect$$libshutdown$$00000004)
    __rt_lib_shutdown_fini_1                 0x08000243   Thumb Code     0  libshutdown2.o(.ARM.Collect$$libshutdown$$00000002)
    __rt_lib_shutdown_fp_trap_1              0x08000243   Thumb Code     0  libshutdown2.o(.ARM.Collect$$libshutdown$$00000009)
    __rt_lib_shutdown_heap_1                 0x08000243   Thumb Code     0  libshutdown2.o(.ARM.Collect$$libshutdown$$00000011)
    __rt_lib_shutdown_return                 0x08000243   Thumb Code     0  libshutdown2.o(.ARM.Collect$$libshutdown$$00000012)
    __rt_lib_shutdown_signal_1               0x08000243   Thumb Code     0  libshutdown2.o(.ARM.Collect$$libshutdown$$0000000C)
    __rt_lib_shutdown_stdio_1                0x08000243   Thumb Code     0  libshutdown2.o(.ARM.Collect$$libshutdown$$00000006)
    __rt_lib_shutdown_user_alloc_1           0x08000243   Thumb Code     0  libshutdown2.o(.ARM.Collect$$libshutdown$$0000000E)
    __rt_entry                               0x08000245   Thumb Code     0  __rtentry.o(.ARM.Collect$$rtentry$$00000000)
    __rt_entry_presh_1                       0x08000245   Thumb Code     0  __rtentry2.o(.ARM.Collect$$rtentry$$00000002)
    __rt_entry_sh                            0x08000245   Thumb Code     0  __rtentry4.o(.ARM.Collect$$rtentry$$00000004)
    __rt_entry_li                            0x0800024b   Thumb Code     0  __rtentry2.o(.ARM.Collect$$rtentry$$0000000A)
    __rt_entry_postsh_1                      0x0800024b   Thumb Code     0  __rtentry2.o(.ARM.Collect$$rtentry$$00000009)
    __rt_entry_main                          0x0800024f   Thumb Code     0  __rtentry2.o(.ARM.Collect$$rtentry$$0000000D)
    __rt_entry_postli_1                      0x0800024f   Thumb Code     0  __rtentry2.o(.ARM.Collect$$rtentry$$0000000C)
    __rt_exit                                0x08000257   Thumb Code     0  rtexit.o(.ARM.Collect$$rtexit$$00000000)
    __rt_exit_ls                             0x08000259   Thumb Code     0  rtexit2.o(.ARM.Collect$$rtexit$$00000003)
    __rt_exit_prels_1                        0x08000259   Thumb Code     0  rtexit2.o(.ARM.Collect$$rtexit$$00000002)
    __rt_exit_exit                           0x0800025d   Thumb Code     0  rtexit2.o(.ARM.Collect$$rtexit$$00000004)
    Reset_Handler                            0x08000265   Thumb Code     8  startup_stm32f446xx.o(.text)
    ADC_IRQHandler                           0x0800027f   Thumb Code     0  startup_stm32f446xx.o(.text)
    CAN1_SCE_IRQHandler                      0x0800027f   Thumb Code     0  startup_stm32f446xx.o(.text)
    CAN1_TX_IRQHandler                       0x0800027f   Thumb Code     0  startup_stm32f446xx.o(.text)
    CAN2_SCE_IRQHandler                      0x0800027f   Thumb Code     0  startup_stm32f446xx.o(.text)
    CAN2_TX_IRQHandler                       0x0800027f   Thumb Code     0  startup_stm32f446xx.o(.text)
    CEC_IRQHandler                           0x0800027f   Thumb Code     0  startup_stm32f446xx.o(.text)
    DCMI_IRQHandler                          0x0800027f   Thumb Code     0  startup_stm32f446xx.o(.text)
    DMA1_Stream0_IRQHandler                  0x0800027f   Thumb Code     0  startup_stm32f446xx.o(.text)
    DMA1_Stream1_IRQHandler                  0x0800027f   Thumb Code     0  startup_stm32f446xx.o(.text)
    DMA1_Stream2_IRQHandler                  0x0800027f   Thumb Code     0  startup_stm32f446xx.o(.text)
    DMA1_Stream3_IRQHandler                  0x0800027f   Thumb Code     0  startup_stm32f446xx.o(.text)
    DMA1_Stream4_IRQHandler                  0x0800027f   Thumb Code     0  startup_stm32f446xx.o(.text)
    DMA1_Stream5_IRQHandler                  0x0800027f   Thumb Code     0  startup_stm32f446xx.o(.text)
    DMA1_Stream6_IRQHandler                  0x0800027f   Thumb Code     0  startup_stm32f446xx.o(.text)
    DMA2_Stream0_IRQHandler                  0x0800027f   Thumb Code     0  startup_stm32f446xx.o(.text)
    DMA2_Stream1_IRQHandler                  0x0800027f   Thumb Code     0  startup_stm32f446xx.o(.text)
    DMA2_Stream2_IRQHandler                  0x0800027f   Thumb Code     0  startup_stm32f446xx.o(.text)
    DMA2_Stream3_IRQHandler                  0x0800027f   Thumb Code     0  startup_stm32f446xx.o(.text)
    DMA2_Stream4_IRQHandler                  0x0800027f   Thumb Code     0  startup_stm32f446xx.o(.text)
    DMA2_Stream5_IRQHandler                  0x0800027f   Thumb Code     0  startup_stm32f446xx.o(.text)
    DMA2_Stream6_IRQHandler                  0x0800027f   Thumb Code     0  startup_stm32f446xx.o(.text)
    DMA2_Stream7_IRQHandler                  0x0800027f   Thumb Code     0  startup_stm32f446xx.o(.text)
    EXTI0_IRQHandler                         0x0800027f   Thumb Code     0  startup_stm32f446xx.o(.text)
    EXTI15_10_IRQHandler                     0x0800027f   Thumb Code     0  startup_stm32f446xx.o(.text)
    EXTI1_IRQHandler                         0x0800027f   Thumb Code     0  startup_stm32f446xx.o(.text)
    EXTI2_IRQHandler                         0x0800027f   Thumb Code     0  startup_stm32f446xx.o(.text)
    EXTI3_IRQHandler                         0x0800027f   Thumb Code     0  startup_stm32f446xx.o(.text)
    EXTI4_IRQHandler                         0x0800027f   Thumb Code     0  startup_stm32f446xx.o(.text)
    EXTI9_5_IRQHandler                       0x0800027f   Thumb Code     0  startup_stm32f446xx.o(.text)
    FLASH_IRQHandler                         0x0800027f   Thumb Code     0  startup_stm32f446xx.o(.text)
    FMC_IRQHandler                           0x0800027f   Thumb Code     0  startup_stm32f446xx.o(.text)
    FMPI2C1_ER_IRQHandler                    0x0800027f   Thumb Code     0  startup_stm32f446xx.o(.text)
    FMPI2C1_EV_IRQHandler                    0x0800027f   Thumb Code     0  startup_stm32f446xx.o(.text)
    FPU_IRQHandler                           0x0800027f   Thumb Code     0  startup_stm32f446xx.o(.text)
    I2C2_ER_IRQHandler                       0x0800027f   Thumb Code     0  startup_stm32f446xx.o(.text)
    I2C2_EV_IRQHandler                       0x0800027f   Thumb Code     0  startup_stm32f446xx.o(.text)
    I2C3_ER_IRQHandler                       0x0800027f   Thumb Code     0  startup_stm32f446xx.o(.text)
    I2C3_EV_IRQHandler                       0x0800027f   Thumb Code     0  startup_stm32f446xx.o(.text)
    OTG_FS_IRQHandler                        0x0800027f   Thumb Code     0  startup_stm32f446xx.o(.text)
    OTG_FS_WKUP_IRQHandler                   0x0800027f   Thumb Code     0  startup_stm32f446xx.o(.text)
    OTG_HS_EP1_IN_IRQHandler                 0x0800027f   Thumb Code     0  startup_stm32f446xx.o(.text)
    OTG_HS_EP1_OUT_IRQHandler                0x0800027f   Thumb Code     0  startup_stm32f446xx.o(.text)
    OTG_HS_IRQHandler                        0x0800027f   Thumb Code     0  startup_stm32f446xx.o(.text)
    OTG_HS_WKUP_IRQHandler                   0x0800027f   Thumb Code     0  startup_stm32f446xx.o(.text)
    PVD_IRQHandler                           0x0800027f   Thumb Code     0  startup_stm32f446xx.o(.text)
    QUADSPI_IRQHandler                       0x0800027f   Thumb Code     0  startup_stm32f446xx.o(.text)
    RCC_IRQHandler                           0x0800027f   Thumb Code     0  startup_stm32f446xx.o(.text)
    RTC_Alarm_IRQHandler                     0x0800027f   Thumb Code     0  startup_stm32f446xx.o(.text)
    RTC_WKUP_IRQHandler                      0x0800027f   Thumb Code     0  startup_stm32f446xx.o(.text)
    SAI1_IRQHandler                          0x0800027f   Thumb Code     0  startup_stm32f446xx.o(.text)
    SAI2_IRQHandler                          0x0800027f   Thumb Code     0  startup_stm32f446xx.o(.text)
    SDIO_IRQHandler                          0x0800027f   Thumb Code     0  startup_stm32f446xx.o(.text)
    SPDIF_RX_IRQHandler                      0x0800027f   Thumb Code     0  startup_stm32f446xx.o(.text)
    SPI1_IRQHandler                          0x0800027f   Thumb Code     0  startup_stm32f446xx.o(.text)
    SPI2_IRQHandler                          0x0800027f   Thumb Code     0  startup_stm32f446xx.o(.text)
    SPI3_IRQHandler                          0x0800027f   Thumb Code     0  startup_stm32f446xx.o(.text)
    SPI4_IRQHandler                          0x0800027f   Thumb Code     0  startup_stm32f446xx.o(.text)
    TAMP_STAMP_IRQHandler                    0x0800027f   Thumb Code     0  startup_stm32f446xx.o(.text)
    TIM1_BRK_TIM9_IRQHandler                 0x0800027f   Thumb Code     0  startup_stm32f446xx.o(.text)
    TIM1_CC_IRQHandler                       0x0800027f   Thumb Code     0  startup_stm32f446xx.o(.text)
    TIM1_TRG_COM_TIM11_IRQHandler            0x0800027f   Thumb Code     0  startup_stm32f446xx.o(.text)
    TIM1_UP_TIM10_IRQHandler                 0x0800027f   Thumb Code     0  startup_stm32f446xx.o(.text)
    TIM2_IRQHandler                          0x0800027f   Thumb Code     0  startup_stm32f446xx.o(.text)
    TIM3_IRQHandler                          0x0800027f   Thumb Code     0  startup_stm32f446xx.o(.text)
    TIM4_IRQHandler                          0x0800027f   Thumb Code     0  startup_stm32f446xx.o(.text)
    TIM5_IRQHandler                          0x0800027f   Thumb Code     0  startup_stm32f446xx.o(.text)
    TIM6_DAC_IRQHandler                      0x0800027f   Thumb Code     0  startup_stm32f446xx.o(.text)
    TIM7_IRQHandler                          0x0800027f   Thumb Code     0  startup_stm32f446xx.o(.text)
    TIM8_BRK_TIM12_IRQHandler                0x0800027f   Thumb Code     0  startup_stm32f446xx.o(.text)
    TIM8_CC_IRQHandler                       0x0800027f   Thumb Code     0  startup_stm32f446xx.o(.text)
    TIM8_UP_TIM13_IRQHandler                 0x0800027f   Thumb Code     0  startup_stm32f446xx.o(.text)
    USART1_IRQHandler                        0x0800027f   Thumb Code     0  startup_stm32f446xx.o(.text)
    USART2_IRQHandler                        0x0800027f   Thumb Code     0  startup_stm32f446xx.o(.text)
    USART3_IRQHandler                        0x0800027f   Thumb Code     0  startup_stm32f446xx.o(.text)
    USART6_IRQHandler                        0x0800027f   Thumb Code     0  startup_stm32f446xx.o(.text)
    WWDG_IRQHandler                          0x0800027f   Thumb Code     0  startup_stm32f446xx.o(.text)
    __user_initial_stackheap                 0x08000281   Thumb Code     0  startup_stm32f446xx.o(.text)
    __aeabi_uldivmod                         0x080002a5   Thumb Code     0  lludivv7m.o(.text)
    _ll_udiv                                 0x080002a5   Thumb Code   238  lludivv7m.o(.text)
    __aeabi_memcpy4                          0x08000393   Thumb Code     0  rt_memcpy_w.o(.text)
    __aeabi_memcpy8                          0x08000393   Thumb Code     0  rt_memcpy_w.o(.text)
    __rt_memcpy_w                            0x08000393   Thumb Code   100  rt_memcpy_w.o(.text)
    _memcpy_lastbytes_aligned                0x080003db   Thumb Code     0  rt_memcpy_w.o(.text)
    __aeabi_memset                           0x080003f7   Thumb Code    16  aeabi_memset.o(.text)
    __aeabi_memclr4                          0x08000407   Thumb Code     0  rt_memclr_w.o(.text)
    __aeabi_memclr8                          0x08000407   Thumb Code     0  rt_memclr_w.o(.text)
    __rt_memclr_w                            0x08000407   Thumb Code    78  rt_memclr_w.o(.text)
    _memset_w                                0x0800040b   Thumb Code     0  rt_memclr_w.o(.text)
    __use_two_region_memory                  0x08000455   Thumb Code     2  heapauxi.o(.text)
    __rt_heap_escrow$2region                 0x08000457   Thumb Code     2  heapauxi.o(.text)
    __rt_heap_expand$2region                 0x08000459   Thumb Code     2  heapauxi.o(.text)
    __read_errno                             0x0800045b   Thumb Code    10  _rserrno.o(.text)
    __set_errno                              0x08000465   Thumb Code    12  _rserrno.o(.text)
    __aeabi_memclr                           0x08000471   Thumb Code     0  rt_memclr.o(.text)
    __rt_memclr                              0x08000471   Thumb Code    68  rt_memclr.o(.text)
    _memset                                  0x08000475   Thumb Code     0  rt_memclr.o(.text)
    __aeabi_errno_addr                       0x080004b5   Thumb Code     8  rt_errno_addr_intlibspace.o(.text)
    __errno$intlibspace                      0x080004b5   Thumb Code     0  rt_errno_addr_intlibspace.o(.text)
    __rt_errno_addr$intlibspace              0x080004b5   Thumb Code     0  rt_errno_addr_intlibspace.o(.text)
    __user_libspace                          0x080004bd   Thumb Code     8  libspace.o(.text)
    __user_perproc_libspace                  0x080004bd   Thumb Code     0  libspace.o(.text)
    __user_perthread_libspace                0x080004bd   Thumb Code     0  libspace.o(.text)
    __user_setup_stackheap                   0x080004c5   Thumb Code    74  sys_stackheap_outer.o(.text)
    exit                                     0x0800050f   Thumb Code    18  exit.o(.text)
    _sys_exit                                0x08000521   Thumb Code     8  sys_exit.o(.text)
    __I$use$semihosting                      0x0800052d   Thumb Code     0  use_no_semi.o(.text)
    __use_no_semihosting_swi                 0x0800052d   Thumb Code     2  use_no_semi.o(.text)
    __semihosting_library_function           0x0800052f   Thumb Code     0  indicate_semi.o(.text)
    Absolute_Position_Reception              0x08000531   Thumb Code    32  main.o(i.Absolute_Position_Reception)
    Brake_Controls                           0x08000559   Thumb Code    22  main.o(i.Brake_Controls)
    BusFault_Handler                         0x08000579   Thumb Code     2  stm32f4xx_it.o(i.BusFault_Handler)
    CAN1_RX0_IRQHandler                      0x0800057d   Thumb Code     6  stm32f4xx_it.o(i.CAN1_RX0_IRQHandler)
    CAN1_RX1_IRQHandler                      0x08000589   Thumb Code     6  stm32f4xx_it.o(i.CAN1_RX1_IRQHandler)
    CAN2_RX0_IRQHandler                      0x08000595   Thumb Code     6  stm32f4xx_it.o(i.CAN2_RX0_IRQHandler)
    CAN2_RX1_IRQHandler                      0x080005a1   Thumb Code     6  stm32f4xx_it.o(i.CAN2_RX1_IRQHandler)
    CAN_Reception                            0x080005ad   Thumb Code    50  main.o(i.CAN_Reception)
    CAN_Transmit                             0x080005e5   Thumb Code   250  main.o(i.CAN_Transmit)
    DMA1_Stream7_IRQHandler                  0x080006e9   Thumb Code     6  stm32f4xx_it.o(i.DMA1_Stream7_IRQHandler)
    DebugMon_Handler                         0x08000771   Thumb Code     2  stm32f4xx_it.o(i.DebugMon_Handler)
    EEPROM_PageErase                         0x08000775   Thumb Code   110  eeprom.o(i.EEPROM_PageErase)
    Error_Handler                            0x080007f9   Thumb Code   104  main.o(i.Error_Handler)
    HAL_CAN_ActivateNotification             0x08000865   Thumb Code    36  stm32f4xx_hal_can.o(i.HAL_CAN_ActivateNotification)
    HAL_CAN_AddTxMessage                     0x08000889   Thumb Code   208  stm32f4xx_hal_can.o(i.HAL_CAN_AddTxMessage)
    HAL_CAN_ConfigFilter                     0x08000959   Thumb Code   262  stm32f4xx_hal_can.o(i.HAL_CAN_ConfigFilter)
    HAL_CAN_ErrorCallback                    0x08000a65   Thumb Code     2  stm32f4xx_hal_can.o(i.HAL_CAN_ErrorCallback)
    HAL_CAN_GetRxMessage                     0x08000a67   Thumb Code   244  stm32f4xx_hal_can.o(i.HAL_CAN_GetRxMessage)
    HAL_CAN_IRQHandler                       0x08000b5b   Thumb Code   508  stm32f4xx_hal_can.o(i.HAL_CAN_IRQHandler)
    HAL_CAN_Init                             0x08000d57   Thumb Code   282  stm32f4xx_hal_can.o(i.HAL_CAN_Init)
    HAL_CAN_MspInit                          0x08000e71   Thumb Code   264  stm32f4xx_hal_msp.o(i.HAL_CAN_MspInit)
    HAL_CAN_RxFifo0FullCallback              0x08000f91   Thumb Code     2  stm32f4xx_hal_can.o(i.HAL_CAN_RxFifo0FullCallback)
    HAL_CAN_RxFifo0MsgPendingCallback        0x08000f93   Thumb Code     2  stm32f4xx_hal_can.o(i.HAL_CAN_RxFifo0MsgPendingCallback)
    HAL_CAN_RxFifo1FullCallback              0x08000f95   Thumb Code     2  stm32f4xx_hal_can.o(i.HAL_CAN_RxFifo1FullCallback)
    HAL_CAN_RxFifo1MsgPendingCallback        0x08000f99   Thumb Code   252  main.o(i.HAL_CAN_RxFifo1MsgPendingCallback)
    HAL_CAN_SleepCallback                    0x0800109d   Thumb Code     2  stm32f4xx_hal_can.o(i.HAL_CAN_SleepCallback)
    HAL_CAN_Start                            0x080010a1   Thumb Code    88  stm32f4xx_hal_can.o(i.HAL_CAN_Start)
    HAL_CAN_TxMailbox0AbortCallback          0x080010f9   Thumb Code     2  stm32f4xx_hal_can.o(i.HAL_CAN_TxMailbox0AbortCallback)
    HAL_CAN_TxMailbox0CompleteCallback       0x080010fb   Thumb Code     2  stm32f4xx_hal_can.o(i.HAL_CAN_TxMailbox0CompleteCallback)
    HAL_CAN_TxMailbox1AbortCallback          0x080010fd   Thumb Code     2  stm32f4xx_hal_can.o(i.HAL_CAN_TxMailbox1AbortCallback)
    HAL_CAN_TxMailbox1CompleteCallback       0x080010ff   Thumb Code     2  stm32f4xx_hal_can.o(i.HAL_CAN_TxMailbox1CompleteCallback)
    HAL_CAN_TxMailbox2AbortCallback          0x08001101   Thumb Code     2  stm32f4xx_hal_can.o(i.HAL_CAN_TxMailbox2AbortCallback)
    HAL_CAN_TxMailbox2CompleteCallback       0x08001103   Thumb Code     2  stm32f4xx_hal_can.o(i.HAL_CAN_TxMailbox2CompleteCallback)
    HAL_CAN_WakeUpFromRxMsgCallback          0x08001105   Thumb Code     2  stm32f4xx_hal_can.o(i.HAL_CAN_WakeUpFromRxMsgCallback)
    HAL_DMA_Abort                            0x08001107   Thumb Code   146  stm32f4xx_hal_dma.o(i.HAL_DMA_Abort)
    HAL_DMA_Abort_IT                         0x08001199   Thumb Code    36  stm32f4xx_hal_dma.o(i.HAL_DMA_Abort_IT)
    HAL_DMA_GetState                         0x080011bd   Thumb Code     6  stm32f4xx_hal_dma.o(i.HAL_DMA_GetState)
    HAL_DMA_IRQHandler                       0x080011c5   Thumb Code   412  stm32f4xx_hal_dma.o(i.HAL_DMA_IRQHandler)
    HAL_DMA_Init                             0x08001365   Thumb Code   206  stm32f4xx_hal_dma.o(i.HAL_DMA_Init)
    HAL_Delay                                0x08001439   Thumb Code    32  stm32f4xx_hal.o(i.HAL_Delay)
    HAL_GPIO_Init                            0x0800145d   Thumb Code   436  stm32f4xx_hal_gpio.o(i.HAL_GPIO_Init)
    HAL_GPIO_WritePin                        0x08001639   Thumb Code    10  stm32f4xx_hal_gpio.o(i.HAL_GPIO_WritePin)
    HAL_GetTick                              0x08001645   Thumb Code     6  stm32f4xx_hal.o(i.HAL_GetTick)
    HAL_I2C_AbortCpltCallback                0x08001651   Thumb Code     2  stm32f4xx_hal_i2c.o(i.HAL_I2C_AbortCpltCallback)
    HAL_I2C_AddrCallback                     0x08001653   Thumb Code     2  stm32f4xx_hal_i2c.o(i.HAL_I2C_AddrCallback)
    HAL_I2C_ER_IRQHandler                    0x08001655   Thumb Code   186  stm32f4xx_hal_i2c.o(i.HAL_I2C_ER_IRQHandler)
    HAL_I2C_EV_IRQHandler                    0x0800170f   Thumb Code   560  stm32f4xx_hal_i2c.o(i.HAL_I2C_EV_IRQHandler)
    HAL_I2C_ErrorCallback                    0x0800193f   Thumb Code     2  stm32f4xx_hal_i2c.o(i.HAL_I2C_ErrorCallback)
    HAL_I2C_Init                             0x08001941   Thumb Code   376  stm32f4xx_hal_i2c.o(i.HAL_I2C_Init)
    HAL_I2C_ListenCpltCallback               0x08001ac9   Thumb Code     2  stm32f4xx_hal_i2c.o(i.HAL_I2C_ListenCpltCallback)
    HAL_I2C_MasterRxCpltCallback             0x08001acb   Thumb Code     2  stm32f4xx_hal_i2c.o(i.HAL_I2C_MasterRxCpltCallback)
    HAL_I2C_MasterTxCpltCallback             0x08001acd   Thumb Code     2  stm32f4xx_hal_i2c.o(i.HAL_I2C_MasterTxCpltCallback)
    HAL_I2C_MemRxCpltCallback                0x08001acf   Thumb Code     2  stm32f4xx_hal_i2c.o(i.HAL_I2C_MemRxCpltCallback)
    HAL_I2C_MemTxCpltCallback                0x08001ad1   Thumb Code     2  stm32f4xx_hal_i2c.o(i.HAL_I2C_MemTxCpltCallback)
    HAL_I2C_Mem_Write                        0x08001ad5   Thumb Code   294  stm32f4xx_hal_i2c.o(i.HAL_I2C_Mem_Write)
    HAL_I2C_MspInit                          0x08001c05   Thumb Code   124  stm32f4xx_hal_msp.o(i.HAL_I2C_MspInit)
    HAL_I2C_SlaveRxCpltCallback              0x08001c8d   Thumb Code     2  stm32f4xx_hal_i2c.o(i.HAL_I2C_SlaveRxCpltCallback)
    HAL_I2C_SlaveTxCpltCallback              0x08001c8f   Thumb Code     2  stm32f4xx_hal_i2c.o(i.HAL_I2C_SlaveTxCpltCallback)
    HAL_IncTick                              0x08001c91   Thumb Code    12  stm32f4xx_hal.o(i.HAL_IncTick)
    HAL_Init                                 0x08001ca1   Thumb Code    48  stm32f4xx_hal.o(i.HAL_Init)
    HAL_InitTick                             0x08001cd5   Thumb Code    54  stm32f4xx_hal.o(i.HAL_InitTick)
    HAL_MspInit                              0x08001d15   Thumb Code    42  stm32f4xx_hal_msp.o(i.HAL_MspInit)
    HAL_NVIC_EnableIRQ                       0x08001d45   Thumb Code    26  stm32f4xx_hal_cortex.o(i.HAL_NVIC_EnableIRQ)
    HAL_NVIC_SetPriority                     0x08001d61   Thumb Code    60  stm32f4xx_hal_cortex.o(i.HAL_NVIC_SetPriority)
    HAL_NVIC_SetPriorityGrouping             0x08001da1   Thumb Code    26  stm32f4xx_hal_cortex.o(i.HAL_NVIC_SetPriorityGrouping)
    HAL_PWREx_EnableOverDrive                0x08001dc5   Thumb Code    98  stm32f4xx_hal_pwr_ex.o(i.HAL_PWREx_EnableOverDrive)
    HAL_RCC_ClockConfig                      0x08001e35   Thumb Code   288  stm32f4xx_hal_rcc.o(i.HAL_RCC_ClockConfig)
    HAL_RCC_GetPCLK1Freq                     0x08001f69   Thumb Code    20  stm32f4xx_hal_rcc.o(i.HAL_RCC_GetPCLK1Freq)
    HAL_RCC_GetPCLK2Freq                     0x08001f89   Thumb Code    20  stm32f4xx_hal_rcc.o(i.HAL_RCC_GetPCLK2Freq)
    HAL_RCC_GetSysClockFreq                  0x08001fa9   Thumb Code   140  stm32f4xx_hal_rcc_ex.o(i.HAL_RCC_GetSysClockFreq)
    HAL_RCC_OscConfig                        0x0800203d   Thumb Code   900  stm32f4xx_hal_rcc_ex.o(i.HAL_RCC_OscConfig)
    HAL_SPI_Init                             0x080023d5   Thumb Code   188  stm32f4xx_hal_spi.o(i.HAL_SPI_Init)
    HAL_SPI_MspInit                          0x08002491   Thumb Code    92  stm32f4xx_hal_msp.o(i.HAL_SPI_MspInit)
    HAL_SYSTICK_Config                       0x080024f9   Thumb Code    40  stm32f4xx_hal_cortex.o(i.HAL_SYSTICK_Config)
    HAL_TIMEx_BreakCallback                  0x08002521   Thumb Code     2  stm32f4xx_hal_tim_ex.o(i.HAL_TIMEx_BreakCallback)
    HAL_TIMEx_CommutCallback                 0x08002523   Thumb Code     2  stm32f4xx_hal_tim_ex.o(i.HAL_TIMEx_CommutCallback)
    HAL_TIM_Base_Init                        0x08002525   Thumb Code    90  stm32f4xx_hal_tim.o(i.HAL_TIM_Base_Init)
    HAL_TIM_Base_MspInit                     0x08002581   Thumb Code    50  stm32f4xx_hal_msp.o(i.HAL_TIM_Base_MspInit)
    HAL_TIM_IC_CaptureCallback               0x080025bd   Thumb Code     2  stm32f4xx_hal_tim.o(i.HAL_TIM_IC_CaptureCallback)
    HAL_TIM_IRQHandler                       0x080025bf   Thumb Code   304  stm32f4xx_hal_tim.o(i.HAL_TIM_IRQHandler)
    HAL_TIM_OC_DelayElapsedCallback          0x080026ef   Thumb Code     2  stm32f4xx_hal_tim.o(i.HAL_TIM_OC_DelayElapsedCallback)
    HAL_TIM_PWM_PulseFinishedCallback        0x080026f1   Thumb Code     2  stm32f4xx_hal_tim.o(i.HAL_TIM_PWM_PulseFinishedCallback)
    HAL_TIM_PeriodElapsedCallback            0x080026f3   Thumb Code     2  stm32f4xx_hal_tim.o(i.HAL_TIM_PeriodElapsedCallback)
    HAL_TIM_TriggerCallback                  0x080026f5   Thumb Code     2  stm32f4xx_hal_tim.o(i.HAL_TIM_TriggerCallback)
    HAL_UARTEx_RxEventCallback               0x080026f7   Thumb Code     2  stm32f4xx_hal_uart.o(i.HAL_UARTEx_RxEventCallback)
    HAL_UART_ErrorCallback                   0x080026f9   Thumb Code     2  stm32f4xx_hal_uart.o(i.HAL_UART_ErrorCallback)
    HAL_UART_IRQHandler                      0x080026fd   Thumb Code   618  stm32f4xx_hal_uart.o(i.HAL_UART_IRQHandler)
    HAL_UART_Init                            0x0800296d   Thumb Code   100  stm32f4xx_hal_uart.o(i.HAL_UART_Init)
    HAL_UART_MspInit                         0x080029d1   Thumb Code   276  stm32f4xx_hal_msp.o(i.HAL_UART_MspInit)
    HAL_UART_Receive_IT                      0x08002b05   Thumb Code    28  stm32f4xx_hal_uart.o(i.HAL_UART_Receive_IT)
    HAL_UART_RxCpltCallback                  0x08002b21   Thumb Code    24  main.o(i.HAL_UART_RxCpltCallback)
    HAL_UART_TxCpltCallback                  0x08002b41   Thumb Code     2  stm32f4xx_hal_uart.o(i.HAL_UART_TxCpltCallback)
    HardFault_Handler                        0x08002b43   Thumb Code     2  stm32f4xx_it.o(i.HardFault_Handler)
    I2C1_ER_IRQHandler                       0x08002b45   Thumb Code     6  stm32f4xx_it.o(i.I2C1_ER_IRQHandler)
    I2C1_EV_IRQHandler                       0x08002b51   Thumb Code     6  stm32f4xx_it.o(i.I2C1_EV_IRQHandler)
    Joystick_Reception                       0x080037dd   Thumb Code    58  main.o(i.Joystick_Reception)
    KMPHtoRPS                                0x0800381d   Thumb Code    34  main.o(i.KMPHtoRPS)
    Macro_Controls                           0x08003af9   Thumb Code   104  main.o(i.Macro_Controls)
    MemManage_Handler                        0x08003b69   Thumb Code     2  stm32f4xx_it.o(i.MemManage_Handler)
    NMI_Handler                              0x08003b6b   Thumb Code     2  stm32f4xx_it.o(i.NMI_Handler)
    New_Drive_Controls                       0x08003b6d   Thumb Code   338  main.o(i.New_Drive_Controls)
    PendSV_Handler                           0x08003ccd   Thumb Code     2  stm32f4xx_it.o(i.PendSV_Handler)
    SVC_Handler                              0x08003ccf   Thumb Code     2  stm32f4xx_it.o(i.SVC_Handler)
    Set_Motor_Position                       0x08003cd1   Thumb Code    10  main.o(i.Set_Motor_Position)
    Set_Motor_Torque                         0x08003cdb   Thumb Code    24  main.o(i.Set_Motor_Torque)
    Set_Motor_Velocity                       0x08003cf3   Thumb Code    10  main.o(i.Set_Motor_Velocity)
    Start_Calibration_For                    0x08003cfd   Thumb Code    52  main.o(i.Start_Calibration_For)
    Steering_Controls                        0x08003d39   Thumb Code   800  main.o(i.Steering_Controls)
    SysTick_Handler                          0x080040cd   Thumb Code     4  stm32f4xx_it.o(i.SysTick_Handler)
    SystemClock_Config                       0x080040d1   Thumb Code   140  main.o(i.SystemClock_Config)
    SystemInit                               0x08004165   Thumb Code    12  system_stm32f4xx.o(i.SystemInit)
    TIM8_TRG_COM_TIM14_IRQHandler            0x08004175   Thumb Code     6  stm32f4xx_it.o(i.TIM8_TRG_COM_TIM14_IRQHandler)
    TIM_Base_SetConfig                       0x08004181   Thumb Code   170  stm32f4xx_hal_tim.o(i.TIM_Base_SetConfig)
    Transmit_Motor_Torque                    0x08004259   Thumb Code   160  main.o(i.Transmit_Motor_Torque)
    UART4_IRQHandler                         0x08004301   Thumb Code     6  stm32f4xx_it.o(i.UART4_IRQHandler)
    UART5_IRQHandler                         0x0800430d   Thumb Code     6  stm32f4xx_it.o(i.UART5_IRQHandler)
    UART_Start_Receive_IT                    0x08004545   Thumb Code    54  stm32f4xx_hal_uart.o(i.UART_Start_Receive_IT)
    UsageFault_Handler                       0x0800457b   Thumb Code     2  stm32f4xx_it.o(i.UsageFault_Handler)
    __ARM_fpclassify                         0x0800457d   Thumb Code    48  fpclassify.o(i.__ARM_fpclassify)
    __hardfp_log                             0x080045d1   Thumb Code   872  log.o(i.__hardfp_log)
    __hardfp_round                           0x08004999   Thumb Code   194  round.o(i.__hardfp_round)
    __hardfp_sin                             0x08004a79   Thumb Code   180  sin.o(i.__hardfp_sin)
    __hardfp_tan                             0x08004b41   Thumb Code   108  tan.o(i.__hardfp_tan)
    __ieee754_rem_pio2                       0x08004bc1   Thumb Code   938  rred.o(i.__ieee754_rem_pio2)
    __kernel_cos                             0x08004ff9   Thumb Code   322  cos_i.o(i.__kernel_cos)
    __kernel_poly                            0x08005169   Thumb Code   248  poly.o(i.__kernel_poly)
    __kernel_sin                             0x08005261   Thumb Code   280  sin_i.o(i.__kernel_sin)
    __kernel_tan                             0x08005391   Thumb Code   764  tan_i.o(i.__kernel_tan)
    __mathlib_dbl_divzero                    0x080056e1   Thumb Code    28  dunder.o(i.__mathlib_dbl_divzero)
    __mathlib_dbl_infnan                     0x08005711   Thumb Code    20  dunder.o(i.__mathlib_dbl_infnan)
    __mathlib_dbl_invalid                    0x08005729   Thumb Code    24  dunder.o(i.__mathlib_dbl_invalid)
    __mathlib_dbl_underflow                  0x08005749   Thumb Code    24  dunder.o(i.__mathlib_dbl_underflow)
    convertRawDataToFloat                    0x08005769   Thumb Code    22  main.o(i.convertRawDataToFloat)
    fabs                                     0x0800577f   Thumb Code    24  fabs.o(i.fabs)
    main                                     0x08005799   Thumb Code   266  main.o(i.main)
    __aeabi_dneg                             0x080058b9   Thumb Code     0  basic.o(x$fpl$basic)
    _dneg                                    0x080058b9   Thumb Code     6  basic.o(x$fpl$basic)
    __aeabi_fneg                             0x080058bf   Thumb Code     0  basic.o(x$fpl$basic)
    _fneg                                    0x080058bf   Thumb Code     6  basic.o(x$fpl$basic)
    _dabs                                    0x080058c5   Thumb Code     6  basic.o(x$fpl$basic)
    _fabs                                    0x080058cb   Thumb Code     6  basic.o(x$fpl$basic)
    __aeabi_d2f                              0x080058d1   Thumb Code     0  d2f.o(x$fpl$d2f)
    _d2f                                     0x080058d1   Thumb Code    98  d2f.o(x$fpl$d2f)
    __aeabi_dadd                             0x08005935   Thumb Code     0  daddsub_clz.o(x$fpl$dadd)
    _dadd                                    0x08005935   Thumb Code   332  daddsub_clz.o(x$fpl$dadd)
    __fpl_dcmp_Inf                           0x08005a85   Thumb Code    24  dcmpi.o(x$fpl$dcmpinf)
    __aeabi_ddiv                             0x08005a9d   Thumb Code     0  ddiv.o(x$fpl$ddiv)
    _ddiv                                    0x08005a9d   Thumb Code   552  ddiv.o(x$fpl$ddiv)
    __aeabi_cdcmpeq                          0x08005d4d   Thumb Code     0  deqf.o(x$fpl$deqf)
    _dcmpeq                                  0x08005d4d   Thumb Code   120  deqf.o(x$fpl$deqf)
    __aeabi_d2iz                             0x08005dc5   Thumb Code     0  dfix.o(x$fpl$dfix)
    _dfix                                    0x08005dc5   Thumb Code    94  dfix.o(x$fpl$dfix)
    __aeabi_i2d                              0x08005e23   Thumb Code     0  dflt_clz.o(x$fpl$dflt)
    _dflt                                    0x08005e23   Thumb Code    46  dflt_clz.o(x$fpl$dflt)
    __aeabi_ui2d                             0x08005e51   Thumb Code     0  dflt_clz.o(x$fpl$dfltu)
    _dfltu                                   0x08005e51   Thumb Code    38  dflt_clz.o(x$fpl$dfltu)
    __aeabi_cdcmple                          0x08005e79   Thumb Code     0  dleqf.o(x$fpl$dleqf)
    _dcmple                                  0x08005e79   Thumb Code   120  dleqf.o(x$fpl$dleqf)
    __fpl_dcmple_InfNaN                      0x08005edb   Thumb Code     0  dleqf.o(x$fpl$dleqf)
    __aeabi_dmul                             0x08005ef1   Thumb Code     0  dmul.o(x$fpl$dmul)
    _dmul                                    0x08005ef1   Thumb Code   332  dmul.o(x$fpl$dmul)
    __fpl_dnaninf                            0x08006045   Thumb Code   156  dnaninf.o(x$fpl$dnaninf)
    __fpl_dretinf                            0x080060e1   Thumb Code    12  dretinf.o(x$fpl$dretinf)
    __aeabi_cdrcmple                         0x080060ed   Thumb Code     0  drleqf.o(x$fpl$drleqf)
    _drcmple                                 0x080060ed   Thumb Code   108  drleqf.o(x$fpl$drleqf)
    _drnd                                    0x08006159   Thumb Code   180  drnd.o(x$fpl$drnd)
    __aeabi_drsub                            0x0800620d   Thumb Code     0  daddsub_clz.o(x$fpl$drsb)
    _drsb                                    0x0800620d   Thumb Code    22  daddsub_clz.o(x$fpl$drsb)
    __aeabi_dsub                             0x08006225   Thumb Code     0  daddsub_clz.o(x$fpl$dsub)
    _dsub                                    0x08006225   Thumb Code   464  daddsub_clz.o(x$fpl$dsub)
    __aeabi_f2d                              0x080063f9   Thumb Code     0  f2d.o(x$fpl$f2d)
    _f2d                                     0x080063f9   Thumb Code    86  f2d.o(x$fpl$f2d)
    __fpl_fnaninf                            0x0800644f   Thumb Code   140  fnaninf.o(x$fpl$fnaninf)
    _fp_init                                 0x080064db   Thumb Code    10  fpinit.o(x$fpl$fpinit)
    __fplib_config_fpu_vfp                   0x080064e3   Thumb Code     0  fpinit.o(x$fpl$fpinit)
    __fplib_config_pureend_doubles           0x080064e3   Thumb Code     0  fpinit.o(x$fpl$fpinit)
    __fpl_fretinf                            0x080064e5   Thumb Code    10  fretinf.o(x$fpl$fretinf)
    __I$use$fp                               0x080064ee   Number         0  usenofp.o(x$fpl$usenofp)
    AHBPrescTable                            0x080064f6   Data          16  system_stm32f4xx.o(.constdata)
    APBPrescTable                            0x08006506   Data           8  system_stm32f4xx.o(.constdata)
    __mathlib_zero                           0x08006578   Data           8  qnan.o(.constdata)
    Region$$Table$$Base                      0x080066d0   Number         0  anon$$obj.o(Region$$Table)
    Region$$Table$$Limit                     0x080066f0   Number         0  anon$$obj.o(Region$$Table)
    Received_Node_Id                         0x20000000   Data           1  main.o(.data)
    Received_Command_Id                      0x20000001   Data           1  main.o(.data)
    Mode                                     0x20000002   Data           1  main.o(.data)
    Speed                                    0x20000003   Data           1  main.o(.data)
    Joystick                                 0x20000004   Data           1  main.o(.data)
    Steering_Mode                            0x20000005   Data           1  main.o(.data)
    Shearing                                 0x20000006   Data           1  main.o(.data)
    Pot_Angle                                0x20000007   Data           1  main.o(.data)
    Joystick_Temp                            0x20000008   Data           1  main.o(.data)
    Buzzer_Acivated                          0x20000009   Data           1  main.o(.data)
    Left_IMU_State                           0x2000000a   Data           1  main.o(.data)
    Left_Vel_Limit                           0x2000000b   Data           1  main.o(.data)
    Right_Vel_Limit                          0x2000000c   Data           1  main.o(.data)
    Prev_Left_Vel_Limit                      0x2000000d   Data           1  main.o(.data)
    Prev_Right_Vel_Limit                     0x2000000e   Data           1  main.o(.data)
    Left_Transmit_Vel                        0x2000000f   Data           1  main.o(.data)
    Right_Transmit_Vel                       0x20000010   Data           1  main.o(.data)
    Brake_Check                              0x20000011   Data           1  main.o(.data)
    node_id_BLE                              0x20000012   Data           1  main.o(.data)
    command_id_BLE                           0x20000013   Data           1  main.o(.data)
    BT_Count                                 0x20000014   Data           2  main.o(.data)
    Left_IMU_Node                            0x20000016   Data           2  main.o(.data)
    Left_Encoder_Node                        0x20000018   Data           2  main.o(.data)
    Right_Encoder_Node                       0x2000001a   Data           2  main.o(.data)
    CAN_Count                                0x2000001c   Data           4  main.o(.data)
    Macro_Speed                              0x20000020   Data           4  main.o(.data)
    Macro_Speed_Temp                         0x20000024   Data           4  main.o(.data)
    Wheel_Torque                             0x20000028   Data           4  main.o(.data)
    Vel_Limit                                0x2000002c   Data           4  main.o(.data)
    Torque                                   0x20000030   Data           4  main.o(.data)
    Torque_Temp                              0x20000034   Data           4  main.o(.data)
    Left_Encoder                             0x20000038   Data           4  main.o(.data)
    Right_Encoder                            0x2000003c   Data           4  main.o(.data)
    Left_Steering_Speed                      0x20000040   Data           4  main.o(.data)
    Right_Steering_Speed                     0x20000044   Data           4  main.o(.data)
    Left_Frame_Speed                         0x20000048   Data           4  main.o(.data)
    Right_Turn_Radius                        0x2000004c   Data           4  main.o(.data)
    Chord_Dist                               0x20000050   Data           4  main.o(.data)
    Turning_Radius                           0x20000054   Data           4  main.o(.data)
    Right_Motor_Position                     0x20000058   Data           4  main.o(.data)
    Right_Front_Steer_Pos                    0x2000005c   Data           4  main.o(.data)
    Right_Rear_Steer_Pos                     0x20000060   Data           4  main.o(.data)
    Right_Front_Steer_Pos_Temp               0x20000064   Data           4  main.o(.data)
    Right_Rear_Steer_Pos_Temp                0x20000068   Data           4  main.o(.data)
    TxMailbox                                0x2000006c   Data           4  main.o(.data)
    Left_roll_value                          0x20000070   Data           4  main.o(.data)
    Left_pitch_value                         0x20000074   Data           4  main.o(.data)
    Right_roll_value                         0x20000078   Data           4  main.o(.data)
    Right_pitch_value                        0x2000007c   Data           4  main.o(.data)
    Right_Steer_Angle                        0x20000080   Data           8  main.o(.data)
    TimeTaken                                0x20000088   Data           8  main.o(.data)
    Inner_Speed                              0x20000090   Data           8  main.o(.data)
    Outer_Speed                              0x20000098   Data           8  main.o(.data)
    Mean_kmph                                0x200000a0   Data           8  main.o(.data)
    BT_Rx                                    0x200000a8   Data           8  main.o(.data)
    TxData                                   0x200000b0   Data           8  main.o(.data)
    RxData2                                  0x200000b8   Data           8  main.o(.data)
    RxBuff                                   0x200000c0   Data           8  main.o(.data)
    uwTickFreq                               0x200000cc   Data           1  stm32f4xx_hal.o(.data)
    uwTickPrio                               0x200000d0   Data           4  stm32f4xx_hal.o(.data)
    uwTick                                   0x200000d4   Data           4  stm32f4xx_hal.o(.data)
    SystemCoreClock                          0x200000d8   Data           4  system_stm32f4xx.o(.data)
    hcan1                                    0x200000dc   Data          40  main.o(.bss)
    hcan2                                    0x20000104   Data          40  main.o(.bss)
    hi2c1                                    0x2000012c   Data          84  main.o(.bss)
    hspi1                                    0x20000180   Data          88  main.o(.bss)
    htim14                                   0x200001d8   Data          72  main.o(.bss)
    huart4                                   0x20000220   Data          72  main.o(.bss)
    huart5                                   0x20000268   Data          72  main.o(.bss)
    TxHeader                                 0x200002b0   Data          24  main.o(.bss)
    RxHeader2                                0x200002c8   Data          28  main.o(.bss)
    Node_Id                                  0x200002e4   Data          23  main.o(.bss)
    Sensor_Id                                0x200002fb   Data          10  main.o(.bss)
    Axis_State                               0x20000305   Data          20  main.o(.bss)
    Motor_Velocity                           0x2000031c   Data          80  main.o(.bss)
    Absolute_Position                        0x2000036c   Data          80  main.o(.bss)
    Absolute_Position_Int                    0x200003bc   Data          40  main.o(.bss)
    hdma_uart5_tx                            0x200003e4   Data          96  main.o(.bss)
    __libspace_start                         0x20000444   Data          96  libspace.o(.bss)
    __temporary_stack_top$libspace           0x200004a4   Data           0  libspace.o(.bss)



==============================================================================

Memory Map of the image

  Image Entry point : 0x080001c5

  Load Region LR_IROM1 (Base: 0x08000000, Size: 0x000067cc, Max: 0x00080000, ABSOLUTE)

    Execution Region ER_IROM1 (Exec base: 0x08000000, Load base: 0x08000000, Size: 0x000066f0, Max: 0x00080000, ABSOLUTE)

    Exec Addr    Load Addr    Size         Type   Attr      Idx    E Section Name        Object

    0x08000000   0x08000000   0x000001c4   Data   RO            3    RESET               startup_stm32f446xx.o
    0x080001c4   0x080001c4   0x00000008   Code   RO         4341  * !!!main             c_w.l(__main.o)
    0x080001cc   0x080001cc   0x00000034   Code   RO         4653    !!!scatter          c_w.l(__scatter.o)
    0x08000200   0x08000200   0x0000001a   Code   RO         4655    !!handler_copy      c_w.l(__scatter_copy.o)
    0x0800021a   0x0800021a   0x00000002   PAD
    0x0800021c   0x0800021c   0x0000001c   Code   RO         4657    !!handler_zi        c_w.l(__scatter_zi.o)
    0x08000238   0x08000238   0x00000002   Code   RO         4524    .ARM.Collect$$libinit$$00000000  c_w.l(libinit.o)
    0x0800023a   0x0800023a   0x00000004   Code   RO         4533    .ARM.Collect$$libinit$$00000001  c_w.l(libinit2.o)
    0x0800023e   0x0800023e   0x00000000   Code   RO         4536    .ARM.Collect$$libinit$$00000004  c_w.l(libinit2.o)
    0x0800023e   0x0800023e   0x00000000   Code   RO         4539    .ARM.Collect$$libinit$$0000000A  c_w.l(libinit2.o)
    0x0800023e   0x0800023e   0x00000000   Code   RO         4541    .ARM.Collect$$libinit$$0000000C  c_w.l(libinit2.o)
    0x0800023e   0x0800023e   0x00000000   Code   RO         4543    .ARM.Collect$$libinit$$0000000E  c_w.l(libinit2.o)
    0x0800023e   0x0800023e   0x00000000   Code   RO         4546    .ARM.Collect$$libinit$$00000011  c_w.l(libinit2.o)
    0x0800023e   0x0800023e   0x00000000   Code   RO         4548    .ARM.Collect$$libinit$$00000013  c_w.l(libinit2.o)
    0x0800023e   0x0800023e   0x00000000   Code   RO         4550    .ARM.Collect$$libinit$$00000015  c_w.l(libinit2.o)
    0x0800023e   0x0800023e   0x00000000   Code   RO         4552    .ARM.Collect$$libinit$$00000017  c_w.l(libinit2.o)
    0x0800023e   0x0800023e   0x00000000   Code   RO         4554    .ARM.Collect$$libinit$$00000019  c_w.l(libinit2.o)
    0x0800023e   0x0800023e   0x00000000   Code   RO         4556    .ARM.Collect$$libinit$$0000001B  c_w.l(libinit2.o)
    0x0800023e   0x0800023e   0x00000000   Code   RO         4558    .ARM.Collect$$libinit$$0000001D  c_w.l(libinit2.o)
    0x0800023e   0x0800023e   0x00000000   Code   RO         4560    .ARM.Collect$$libinit$$0000001F  c_w.l(libinit2.o)
    0x0800023e   0x0800023e   0x00000000   Code   RO         4562    .ARM.Collect$$libinit$$00000021  c_w.l(libinit2.o)
    0x0800023e   0x0800023e   0x00000000   Code   RO         4564    .ARM.Collect$$libinit$$00000023  c_w.l(libinit2.o)
    0x0800023e   0x0800023e   0x00000000   Code   RO         4566    .ARM.Collect$$libinit$$00000025  c_w.l(libinit2.o)
    0x0800023e   0x0800023e   0x00000000   Code   RO         4570    .ARM.Collect$$libinit$$0000002C  c_w.l(libinit2.o)
    0x0800023e   0x0800023e   0x00000000   Code   RO         4572    .ARM.Collect$$libinit$$0000002E  c_w.l(libinit2.o)
    0x0800023e   0x0800023e   0x00000000   Code   RO         4574    .ARM.Collect$$libinit$$00000030  c_w.l(libinit2.o)
    0x0800023e   0x0800023e   0x00000000   Code   RO         4576    .ARM.Collect$$libinit$$00000032  c_w.l(libinit2.o)
    0x0800023e   0x0800023e   0x00000002   Code   RO         4577    .ARM.Collect$$libinit$$00000033  c_w.l(libinit2.o)
    0x08000240   0x08000240   0x00000002   Code   RO         4608    .ARM.Collect$$libshutdown$$00000000  c_w.l(libshutdown.o)
    0x08000242   0x08000242   0x00000000   Code   RO         4634    .ARM.Collect$$libshutdown$$00000002  c_w.l(libshutdown2.o)
    0x08000242   0x08000242   0x00000000   Code   RO         4636    .ARM.Collect$$libshutdown$$00000004  c_w.l(libshutdown2.o)
    0x08000242   0x08000242   0x00000000   Code   RO         4638    .ARM.Collect$$libshutdown$$00000006  c_w.l(libshutdown2.o)
    0x08000242   0x08000242   0x00000000   Code   RO         4641    .ARM.Collect$$libshutdown$$00000009  c_w.l(libshutdown2.o)
    0x08000242   0x08000242   0x00000000   Code   RO         4644    .ARM.Collect$$libshutdown$$0000000C  c_w.l(libshutdown2.o)
    0x08000242   0x08000242   0x00000000   Code   RO         4646    .ARM.Collect$$libshutdown$$0000000E  c_w.l(libshutdown2.o)
    0x08000242   0x08000242   0x00000000   Code   RO         4649    .ARM.Collect$$libshutdown$$00000011  c_w.l(libshutdown2.o)
    0x08000242   0x08000242   0x00000002   Code   RO         4650    .ARM.Collect$$libshutdown$$00000012  c_w.l(libshutdown2.o)
    0x08000244   0x08000244   0x00000000   Code   RO         4411    .ARM.Collect$$rtentry$$00000000  c_w.l(__rtentry.o)
    0x08000244   0x08000244   0x00000000   Code   RO         4477    .ARM.Collect$$rtentry$$00000002  c_w.l(__rtentry2.o)
    0x08000244   0x08000244   0x00000006   Code   RO         4489    .ARM.Collect$$rtentry$$00000004  c_w.l(__rtentry4.o)
    0x0800024a   0x0800024a   0x00000000   Code   RO         4479    .ARM.Collect$$rtentry$$00000009  c_w.l(__rtentry2.o)
    0x0800024a   0x0800024a   0x00000004   Code   RO         4480    .ARM.Collect$$rtentry$$0000000A  c_w.l(__rtentry2.o)
    0x0800024e   0x0800024e   0x00000000   Code   RO         4482    .ARM.Collect$$rtentry$$0000000C  c_w.l(__rtentry2.o)
    0x0800024e   0x0800024e   0x00000008   Code   RO         4483    .ARM.Collect$$rtentry$$0000000D  c_w.l(__rtentry2.o)
    0x08000256   0x08000256   0x00000002   Code   RO         4525    .ARM.Collect$$rtexit$$00000000  c_w.l(rtexit.o)
    0x08000258   0x08000258   0x00000000   Code   RO         4581    .ARM.Collect$$rtexit$$00000002  c_w.l(rtexit2.o)
    0x08000258   0x08000258   0x00000004   Code   RO         4582    .ARM.Collect$$rtexit$$00000003  c_w.l(rtexit2.o)
    0x0800025c   0x0800025c   0x00000006   Code   RO         4583    .ARM.Collect$$rtexit$$00000004  c_w.l(rtexit2.o)
    0x08000262   0x08000262   0x00000002   PAD
    0x08000264   0x08000264   0x00000040   Code   RO            4    .text               startup_stm32f446xx.o
    0x080002a4   0x080002a4   0x000000ee   Code   RO         4331    .text               c_w.l(lludivv7m.o)
    0x08000392   0x08000392   0x00000064   Code   RO         4333    .text               c_w.l(rt_memcpy_w.o)
    0x080003f6   0x080003f6   0x00000010   Code   RO         4335    .text               c_w.l(aeabi_memset.o)
    0x08000406   0x08000406   0x0000004e   Code   RO         4337    .text               c_w.l(rt_memclr_w.o)
    0x08000454   0x08000454   0x00000006   Code   RO         4339    .text               c_w.l(heapauxi.o)
    0x0800045a   0x0800045a   0x00000016   Code   RO         4416    .text               c_w.l(_rserrno.o)
    0x08000470   0x08000470   0x00000044   Code   RO         4418    .text               c_w.l(rt_memclr.o)
    0x080004b4   0x080004b4   0x00000008   Code   RO         4496    .text               c_w.l(rt_errno_addr_intlibspace.o)
    0x080004bc   0x080004bc   0x00000008   Code   RO         4508    .text               c_w.l(libspace.o)
    0x080004c4   0x080004c4   0x0000004a   Code   RO         4511    .text               c_w.l(sys_stackheap_outer.o)
    0x0800050e   0x0800050e   0x00000012   Code   RO         4513    .text               c_w.l(exit.o)
    0x08000520   0x08000520   0x0000000c   Code   RO         4578    .text               c_w.l(sys_exit.o)
    0x0800052c   0x0800052c   0x00000002   Code   RO         4597    .text               c_w.l(use_no_semi.o)
    0x0800052e   0x0800052e   0x00000000   Code   RO         4599    .text               c_w.l(indicate_semi.o)
    0x0800052e   0x0800052e   0x00000002   PAD
    0x08000530   0x08000530   0x00000028   Code   RO           13    i.Absolute_Position_Reception  main.o
    0x08000558   0x08000558   0x00000020   Code   RO           14    i.Brake_Controls    main.o
    0x08000578   0x08000578   0x00000002   Code   RO          405    i.BusFault_Handler  stm32f4xx_it.o
    0x0800057a   0x0800057a   0x00000002   PAD
    0x0800057c   0x0800057c   0x0000000c   Code   RO          406    i.CAN1_RX0_IRQHandler  stm32f4xx_it.o
    0x08000588   0x08000588   0x0000000c   Code   RO          407    i.CAN1_RX1_IRQHandler  stm32f4xx_it.o
    0x08000594   0x08000594   0x0000000c   Code   RO          408    i.CAN2_RX0_IRQHandler  stm32f4xx_it.o
    0x080005a0   0x080005a0   0x0000000c   Code   RO          409    i.CAN2_RX1_IRQHandler  stm32f4xx_it.o
    0x080005ac   0x080005ac   0x00000038   Code   RO           15    i.CAN_Reception     main.o
    0x080005e4   0x080005e4   0x00000104   Code   RO           16    i.CAN_Transmit      main.o
    0x080006e8   0x080006e8   0x0000000c   Code   RO          410    i.DMA1_Stream7_IRQHandler  stm32f4xx_it.o
    0x080006f4   0x080006f4   0x00000028   Code   RO         1472    i.DMA_CalcBaseAndBitshift  stm32f4xx_hal_dma.o
    0x0800071c   0x0800071c   0x00000054   Code   RO         1473    i.DMA_CheckFifoParam  stm32f4xx_hal_dma.o
    0x08000770   0x08000770   0x00000002   Code   RO          411    i.DebugMon_Handler  stm32f4xx_it.o
    0x08000772   0x08000772   0x00000002   PAD
    0x08000774   0x08000774   0x00000084   Code   RO          629    i.EEPROM_PageErase  eeprom.o
    0x080007f8   0x080007f8   0x0000006c   Code   RO           17    i.Error_Handler     main.o
    0x08000864   0x08000864   0x00000024   Code   RO          696    i.HAL_CAN_ActivateNotification  stm32f4xx_hal_can.o
    0x08000888   0x08000888   0x000000d0   Code   RO          697    i.HAL_CAN_AddTxMessage  stm32f4xx_hal_can.o
    0x08000958   0x08000958   0x0000010c   Code   RO          698    i.HAL_CAN_ConfigFilter  stm32f4xx_hal_can.o
    0x08000a64   0x08000a64   0x00000002   Code   RO          701    i.HAL_CAN_ErrorCallback  stm32f4xx_hal_can.o
    0x08000a66   0x08000a66   0x000000f4   Code   RO          704    i.HAL_CAN_GetRxMessage  stm32f4xx_hal_can.o
    0x08000b5a   0x08000b5a   0x000001fc   Code   RO          708    i.HAL_CAN_IRQHandler  stm32f4xx_hal_can.o
    0x08000d56   0x08000d56   0x0000011a   Code   RO          709    i.HAL_CAN_Init      stm32f4xx_hal_can.o
    0x08000e70   0x08000e70   0x00000120   Code   RO          542    i.HAL_CAN_MspInit   stm32f4xx_hal_msp.o
    0x08000f90   0x08000f90   0x00000002   Code   RO          716    i.HAL_CAN_RxFifo0FullCallback  stm32f4xx_hal_can.o
    0x08000f92   0x08000f92   0x00000002   Code   RO          717    i.HAL_CAN_RxFifo0MsgPendingCallback  stm32f4xx_hal_can.o
    0x08000f94   0x08000f94   0x00000002   Code   RO          718    i.HAL_CAN_RxFifo1FullCallback  stm32f4xx_hal_can.o
    0x08000f96   0x08000f96   0x00000002   PAD
    0x08000f98   0x08000f98   0x00000104   Code   RO           18    i.HAL_CAN_RxFifo1MsgPendingCallback  main.o
    0x0800109c   0x0800109c   0x00000002   Code   RO          720    i.HAL_CAN_SleepCallback  stm32f4xx_hal_can.o
    0x0800109e   0x0800109e   0x00000002   PAD
    0x080010a0   0x080010a0   0x00000058   Code   RO          721    i.HAL_CAN_Start     stm32f4xx_hal_can.o
    0x080010f8   0x080010f8   0x00000002   Code   RO          723    i.HAL_CAN_TxMailbox0AbortCallback  stm32f4xx_hal_can.o
    0x080010fa   0x080010fa   0x00000002   Code   RO          724    i.HAL_CAN_TxMailbox0CompleteCallback  stm32f4xx_hal_can.o
    0x080010fc   0x080010fc   0x00000002   Code   RO          725    i.HAL_CAN_TxMailbox1AbortCallback  stm32f4xx_hal_can.o
    0x080010fe   0x080010fe   0x00000002   Code   RO          726    i.HAL_CAN_TxMailbox1CompleteCallback  stm32f4xx_hal_can.o
    0x08001100   0x08001100   0x00000002   Code   RO          727    i.HAL_CAN_TxMailbox2AbortCallback  stm32f4xx_hal_can.o
    0x08001102   0x08001102   0x00000002   Code   RO          728    i.HAL_CAN_TxMailbox2CompleteCallback  stm32f4xx_hal_can.o
    0x08001104   0x08001104   0x00000002   Code   RO          730    i.HAL_CAN_WakeUpFromRxMsgCallback  stm32f4xx_hal_can.o
    0x08001106   0x08001106   0x00000092   Code   RO         1475    i.HAL_DMA_Abort     stm32f4xx_hal_dma.o
    0x08001198   0x08001198   0x00000024   Code   RO         1476    i.HAL_DMA_Abort_IT  stm32f4xx_hal_dma.o
    0x080011bc   0x080011bc   0x00000006   Code   RO         1479    i.HAL_DMA_GetState  stm32f4xx_hal_dma.o
    0x080011c2   0x080011c2   0x00000002   PAD
    0x080011c4   0x080011c4   0x000001a0   Code   RO         1480    i.HAL_DMA_IRQHandler  stm32f4xx_hal_dma.o
    0x08001364   0x08001364   0x000000d4   Code   RO         1481    i.HAL_DMA_Init      stm32f4xx_hal_dma.o
    0x08001438   0x08001438   0x00000024   Code   RO         1918    i.HAL_Delay         stm32f4xx_hal.o
    0x0800145c   0x0800145c   0x000001dc   Code   RO         1368    i.HAL_GPIO_Init     stm32f4xx_hal_gpio.o
    0x08001638   0x08001638   0x0000000a   Code   RO         1372    i.HAL_GPIO_WritePin  stm32f4xx_hal_gpio.o
    0x08001642   0x08001642   0x00000002   PAD
    0x08001644   0x08001644   0x0000000c   Code   RO         1924    i.HAL_GetTick       stm32f4xx_hal.o
    0x08001650   0x08001650   0x00000002   Code   RO         2169    i.HAL_I2C_AbortCpltCallback  stm32f4xx_hal_i2c.o
    0x08001652   0x08001652   0x00000002   Code   RO         2170    i.HAL_I2C_AddrCallback  stm32f4xx_hal_i2c.o
    0x08001654   0x08001654   0x000000ba   Code   RO         2173    i.HAL_I2C_ER_IRQHandler  stm32f4xx_hal_i2c.o
    0x0800170e   0x0800170e   0x00000230   Code   RO         2174    i.HAL_I2C_EV_IRQHandler  stm32f4xx_hal_i2c.o
    0x0800193e   0x0800193e   0x00000002   Code   RO         2176    i.HAL_I2C_ErrorCallback  stm32f4xx_hal_i2c.o
    0x08001940   0x08001940   0x00000188   Code   RO         2180    i.HAL_I2C_Init      stm32f4xx_hal_i2c.o
    0x08001ac8   0x08001ac8   0x00000002   Code   RO         2182    i.HAL_I2C_ListenCpltCallback  stm32f4xx_hal_i2c.o
    0x08001aca   0x08001aca   0x00000002   Code   RO         2183    i.HAL_I2C_MasterRxCpltCallback  stm32f4xx_hal_i2c.o
    0x08001acc   0x08001acc   0x00000002   Code   RO         2184    i.HAL_I2C_MasterTxCpltCallback  stm32f4xx_hal_i2c.o
    0x08001ace   0x08001ace   0x00000002   Code   RO         2196    i.HAL_I2C_MemRxCpltCallback  stm32f4xx_hal_i2c.o
    0x08001ad0   0x08001ad0   0x00000002   Code   RO         2197    i.HAL_I2C_MemTxCpltCallback  stm32f4xx_hal_i2c.o
    0x08001ad2   0x08001ad2   0x00000002   PAD
    0x08001ad4   0x08001ad4   0x00000130   Code   RO         2201    i.HAL_I2C_Mem_Write  stm32f4xx_hal_i2c.o
    0x08001c04   0x08001c04   0x00000088   Code   RO          544    i.HAL_I2C_MspInit   stm32f4xx_hal_msp.o
    0x08001c8c   0x08001c8c   0x00000002   Code   RO         2206    i.HAL_I2C_SlaveRxCpltCallback  stm32f4xx_hal_i2c.o
    0x08001c8e   0x08001c8e   0x00000002   Code   RO         2207    i.HAL_I2C_SlaveTxCpltCallback  stm32f4xx_hal_i2c.o
    0x08001c90   0x08001c90   0x00000010   Code   RO         1930    i.HAL_IncTick       stm32f4xx_hal.o
    0x08001ca0   0x08001ca0   0x00000034   Code   RO         1931    i.HAL_Init          stm32f4xx_hal.o
    0x08001cd4   0x08001cd4   0x00000040   Code   RO         1932    i.HAL_InitTick      stm32f4xx_hal.o
    0x08001d14   0x08001d14   0x00000030   Code   RO          545    i.HAL_MspInit       stm32f4xx_hal_msp.o
    0x08001d44   0x08001d44   0x0000001a   Code   RO         1776    i.HAL_NVIC_EnableIRQ  stm32f4xx_hal_cortex.o
    0x08001d5e   0x08001d5e   0x00000002   PAD
    0x08001d60   0x08001d60   0x00000040   Code   RO         1782    i.HAL_NVIC_SetPriority  stm32f4xx_hal_cortex.o
    0x08001da0   0x08001da0   0x00000024   Code   RO         1783    i.HAL_NVIC_SetPriorityGrouping  stm32f4xx_hal_cortex.o
    0x08001dc4   0x08001dc4   0x00000070   Code   RO         1704    i.HAL_PWREx_EnableOverDrive  stm32f4xx_hal_pwr_ex.o
    0x08001e34   0x08001e34   0x00000134   Code   RO          930    i.HAL_RCC_ClockConfig  stm32f4xx_hal_rcc.o
    0x08001f68   0x08001f68   0x00000020   Code   RO          937    i.HAL_RCC_GetPCLK1Freq  stm32f4xx_hal_rcc.o
    0x08001f88   0x08001f88   0x00000020   Code   RO          938    i.HAL_RCC_GetPCLK2Freq  stm32f4xx_hal_rcc.o
    0x08001fa8   0x08001fa8   0x00000094   Code   RO         1041    i.HAL_RCC_GetSysClockFreq  stm32f4xx_hal_rcc_ex.o
    0x0800203c   0x0800203c   0x00000398   Code   RO         1042    i.HAL_RCC_OscConfig  stm32f4xx_hal_rcc_ex.o
    0x080023d4   0x080023d4   0x000000bc   Code   RO         2647    i.HAL_SPI_Init      stm32f4xx_hal_spi.o
    0x08002490   0x08002490   0x00000068   Code   RO          547    i.HAL_SPI_MspInit   stm32f4xx_hal_msp.o
    0x080024f8   0x080024f8   0x00000028   Code   RO         1787    i.HAL_SYSTICK_Config  stm32f4xx_hal_cortex.o
    0x08002520   0x08002520   0x00000002   Code   RO         3664    i.HAL_TIMEx_BreakCallback  stm32f4xx_hal_tim_ex.o
    0x08002522   0x08002522   0x00000002   Code   RO         3665    i.HAL_TIMEx_CommutCallback  stm32f4xx_hal_tim_ex.o
    0x08002524   0x08002524   0x0000005a   Code   RO         2960    i.HAL_TIM_Base_Init  stm32f4xx_hal_tim.o
    0x0800257e   0x0800257e   0x00000002   PAD
    0x08002580   0x08002580   0x0000003c   Code   RO          549    i.HAL_TIM_Base_MspInit  stm32f4xx_hal_msp.o
    0x080025bc   0x080025bc   0x00000002   Code   RO         2994    i.HAL_TIM_IC_CaptureCallback  stm32f4xx_hal_tim.o
    0x080025be   0x080025be   0x00000130   Code   RO         3008    i.HAL_TIM_IRQHandler  stm32f4xx_hal_tim.o
    0x080026ee   0x080026ee   0x00000002   Code   RO         3011    i.HAL_TIM_OC_DelayElapsedCallback  stm32f4xx_hal_tim.o
    0x080026f0   0x080026f0   0x00000002   Code   RO         3038    i.HAL_TIM_PWM_PulseFinishedCallback  stm32f4xx_hal_tim.o
    0x080026f2   0x080026f2   0x00000002   Code   RO         3046    i.HAL_TIM_PeriodElapsedCallback  stm32f4xx_hal_tim.o
    0x080026f4   0x080026f4   0x00000002   Code   RO         3051    i.HAL_TIM_TriggerCallback  stm32f4xx_hal_tim.o
    0x080026f6   0x080026f6   0x00000002   Code   RO         3943    i.HAL_UARTEx_RxEventCallback  stm32f4xx_hal_uart.o
    0x080026f8   0x080026f8   0x00000002   Code   RO         3957    i.HAL_UART_ErrorCallback  stm32f4xx_hal_uart.o
    0x080026fa   0x080026fa   0x00000002   PAD
    0x080026fc   0x080026fc   0x00000270   Code   RO         3960    i.HAL_UART_IRQHandler  stm32f4xx_hal_uart.o
    0x0800296c   0x0800296c   0x00000064   Code   RO         3961    i.HAL_UART_Init     stm32f4xx_hal_uart.o
    0x080029d0   0x080029d0   0x00000134   Code   RO          551    i.HAL_UART_MspInit  stm32f4xx_hal_msp.o
    0x08002b04   0x08002b04   0x0000001c   Code   RO         3966    i.HAL_UART_Receive_IT  stm32f4xx_hal_uart.o
    0x08002b20   0x08002b20   0x00000020   Code   RO           19    i.HAL_UART_RxCpltCallback  main.o
    0x08002b40   0x08002b40   0x00000002   Code   RO         3972    i.HAL_UART_TxCpltCallback  stm32f4xx_hal_uart.o
    0x08002b42   0x08002b42   0x00000002   Code   RO          412    i.HardFault_Handler  stm32f4xx_it.o
    0x08002b44   0x08002b44   0x0000000c   Code   RO          413    i.I2C1_ER_IRQHandler  stm32f4xx_it.o
    0x08002b50   0x08002b50   0x0000000c   Code   RO          414    i.I2C1_EV_IRQHandler  stm32f4xx_it.o
    0x08002b5c   0x08002b5c   0x000000bc   Code   RO         2218    i.I2C_DMAAbort      stm32f4xx_hal_i2c.o
    0x08002c18   0x08002c18   0x00000010   Code   RO         2221    i.I2C_Flush_DR      stm32f4xx_hal_i2c.o
    0x08002c28   0x08002c28   0x00000158   Code   RO         2222    i.I2C_ITError       stm32f4xx_hal_i2c.o
    0x08002d80   0x08002d80   0x0000002e   Code   RO         2223    i.I2C_IsAcknowledgeFailed  stm32f4xx_hal_i2c.o
    0x08002dae   0x08002dae   0x000000da   Code   RO         2224    i.I2C_MasterReceive_BTF  stm32f4xx_hal_i2c.o
    0x08002e88   0x08002e88   0x000000f4   Code   RO         2225    i.I2C_MasterReceive_RXNE  stm32f4xx_hal_i2c.o
    0x08002f7c   0x08002f7c   0x00000082   Code   RO         2228    i.I2C_MasterTransmit_BTF  stm32f4xx_hal_i2c.o
    0x08002ffe   0x08002ffe   0x00000002   PAD
    0x08003000   0x08003000   0x000000b6   Code   RO         2229    i.I2C_MasterTransmit_TXE  stm32f4xx_hal_i2c.o
    0x080030b6   0x080030b6   0x00000002   PAD
    0x080030b8   0x080030b8   0x00000118   Code   RO         2230    i.I2C_Master_ADDR   stm32f4xx_hal_i2c.o
    0x080031d0   0x080031d0   0x0000008c   Code   RO         2231    i.I2C_Master_SB     stm32f4xx_hal_i2c.o
    0x0800325c   0x0800325c   0x000000a8   Code   RO         2232    i.I2C_MemoryTransmit_TXE_BTF  stm32f4xx_hal_i2c.o
    0x08003304   0x08003304   0x000000a8   Code   RO         2234    i.I2C_RequestMemoryWrite  stm32f4xx_hal_i2c.o
    0x080033ac   0x080033ac   0x00000046   Code   RO         2235    i.I2C_Slave_ADDR    stm32f4xx_hal_i2c.o
    0x080033f2   0x080033f2   0x00000002   PAD
    0x080033f4   0x080033f4   0x00000090   Code   RO         2236    i.I2C_Slave_AF      stm32f4xx_hal_i2c.o
    0x08003484   0x08003484   0x0000015c   Code   RO         2237    i.I2C_Slave_STOPF   stm32f4xx_hal_i2c.o
    0x080035e0   0x080035e0   0x00000056   Code   RO         2238    i.I2C_WaitOnBTFFlagUntilTimeout  stm32f4xx_hal_i2c.o
    0x08003636   0x08003636   0x00000002   PAD
    0x08003638   0x08003638   0x00000090   Code   RO         2239    i.I2C_WaitOnFlagUntilTimeout  stm32f4xx_hal_i2c.o
    0x080036c8   0x080036c8   0x000000bc   Code   RO         2240    i.I2C_WaitOnMasterAddressFlagUntilTimeout  stm32f4xx_hal_i2c.o
    0x08003784   0x08003784   0x00000056   Code   RO         2242    i.I2C_WaitOnTXEFlagUntilTimeout  stm32f4xx_hal_i2c.o
    0x080037da   0x080037da   0x00000002   PAD
    0x080037dc   0x080037dc   0x00000040   Code   RO           20    i.Joystick_Reception  main.o
    0x0800381c   0x0800381c   0x00000034   Code   RO           21    i.KMPHtoRPS         main.o
    0x08003850   0x08003850   0x00000064   Code   RO           22    i.MX_CAN1_Init      main.o
    0x080038b4   0x080038b4   0x00000064   Code   RO           23    i.MX_CAN2_Init      main.o
    0x08003918   0x08003918   0x000000fc   Code   RO           24    i.MX_GPIO_Init      main.o
    0x08003a14   0x08003a14   0x0000003c   Code   RO           25    i.MX_I2C1_Init      main.o
    0x08003a50   0x08003a50   0x00000040   Code   RO           26    i.MX_SPI1_Init      main.o
    0x08003a90   0x08003a90   0x00000034   Code   RO           27    i.MX_UART4_Init     main.o
    0x08003ac4   0x08003ac4   0x00000034   Code   RO           28    i.MX_UART5_Init     main.o
    0x08003af8   0x08003af8   0x00000070   Code   RO           29    i.Macro_Controls    main.o
    0x08003b68   0x08003b68   0x00000002   Code   RO          415    i.MemManage_Handler  stm32f4xx_it.o
    0x08003b6a   0x08003b6a   0x00000002   Code   RO          416    i.NMI_Handler       stm32f4xx_it.o
    0x08003b6c   0x08003b6c   0x00000160   Code   RO           30    i.New_Drive_Controls  main.o
    0x08003ccc   0x08003ccc   0x00000002   Code   RO          417    i.PendSV_Handler    stm32f4xx_it.o
    0x08003cce   0x08003cce   0x00000002   Code   RO          418    i.SVC_Handler       stm32f4xx_it.o
    0x08003cd0   0x08003cd0   0x0000000a   Code   RO           32    i.Set_Motor_Position  main.o
    0x08003cda   0x08003cda   0x00000018   Code   RO           33    i.Set_Motor_Torque  main.o
    0x08003cf2   0x08003cf2   0x0000000a   Code   RO           34    i.Set_Motor_Velocity  main.o
    0x08003cfc   0x08003cfc   0x0000003c   Code   RO           35    i.Start_Calibration_For  main.o
    0x08003d38   0x08003d38   0x00000394   Code   RO           36    i.Steering_Controls  main.o
    0x080040cc   0x080040cc   0x00000004   Code   RO          419    i.SysTick_Handler   stm32f4xx_it.o
    0x080040d0   0x080040d0   0x00000094   Code   RO           37    i.SystemClock_Config  main.o
    0x08004164   0x08004164   0x00000010   Code   RO         4295    i.SystemInit        system_stm32f4xx.o
    0x08004174   0x08004174   0x0000000c   Code   RO          420    i.TIM8_TRG_COM_TIM14_IRQHandler  stm32f4xx_it.o
    0x08004180   0x08004180   0x000000d8   Code   RO         3053    i.TIM_Base_SetConfig  stm32f4xx_hal_tim.o
    0x08004258   0x08004258   0x000000a8   Code   RO           38    i.Transmit_Motor_Torque  main.o
    0x08004300   0x08004300   0x0000000c   Code   RO          421    i.UART4_IRQHandler  stm32f4xx_it.o
    0x0800430c   0x0800430c   0x0000000c   Code   RO          422    i.UART5_IRQHandler  stm32f4xx_it.o
    0x08004318   0x08004318   0x00000010   Code   RO         3974    i.UART_DMAAbortOnError  stm32f4xx_hal_uart.o
    0x08004328   0x08004328   0x0000004e   Code   RO         3984    i.UART_EndRxTransfer  stm32f4xx_hal_uart.o
    0x08004376   0x08004376   0x000000c2   Code   RO         3986    i.UART_Receive_IT   stm32f4xx_hal_uart.o
    0x08004438   0x08004438   0x0000010c   Code   RO         3987    i.UART_SetConfig    stm32f4xx_hal_uart.o
    0x08004544   0x08004544   0x00000036   Code   RO         3989    i.UART_Start_Receive_IT  stm32f4xx_hal_uart.o
    0x0800457a   0x0800457a   0x00000002   Code   RO          423    i.UsageFault_Handler  stm32f4xx_it.o
    0x0800457c   0x0800457c   0x00000030   Code   RO         4506    i.__ARM_fpclassify  m_wm.l(fpclassify.o)
    0x080045ac   0x080045ac   0x00000020   Code   RO         1789    i.__NVIC_SetPriority  stm32f4xx_hal_cortex.o
    0x080045cc   0x080045cc   0x00000004   PAD
    0x080045d0   0x080045d0   0x000003c4   Code   RO         4369    i.__hardfp_log      m_wm.l(log.o)
    0x08004994   0x08004994   0x00000004   PAD
    0x08004998   0x08004998   0x000000e0   Code   RO         4383    i.__hardfp_round    m_wm.l(round.o)
    0x08004a78   0x08004a78   0x000000c8   Code   RO         4387    i.__hardfp_sin      m_wm.l(sin.o)
    0x08004b40   0x08004b40   0x00000080   Code   RO         4399    i.__hardfp_tan      m_wm.l(tan.o)
    0x08004bc0   0x08004bc0   0x00000438   Code   RO         4459    i.__ieee754_rem_pio2  m_wm.l(rred.o)
    0x08004ff8   0x08004ff8   0x00000170   Code   RO         4439    i.__kernel_cos      m_wm.l(cos_i.o)
    0x08005168   0x08005168   0x000000f8   Code   RO         4456    i.__kernel_poly     m_wm.l(poly.o)
    0x08005260   0x08005260   0x00000130   Code   RO         4464    i.__kernel_sin      m_wm.l(sin_i.o)
    0x08005390   0x08005390   0x00000350   Code   RO         4470    i.__kernel_tan      m_wm.l(tan_i.o)
    0x080056e0   0x080056e0   0x00000030   Code   RO         4442    i.__mathlib_dbl_divzero  m_wm.l(dunder.o)
    0x08005710   0x08005710   0x00000014   Code   RO         4443    i.__mathlib_dbl_infnan  m_wm.l(dunder.o)
    0x08005724   0x08005724   0x00000004   PAD
    0x08005728   0x08005728   0x00000020   Code   RO         4445    i.__mathlib_dbl_invalid  m_wm.l(dunder.o)
    0x08005748   0x08005748   0x00000020   Code   RO         4448    i.__mathlib_dbl_underflow  m_wm.l(dunder.o)
    0x08005768   0x08005768   0x00000016   Code   RO           40    i.convertRawDataToFloat  main.o
    0x0800577e   0x0800577e   0x00000018   Code   RO         4502    i.fabs              m_wm.l(fabs.o)
    0x08005796   0x08005796   0x00000002   PAD
    0x08005798   0x08005798   0x00000120   Code   RO           41    i.main              main.o
    0x080058b8   0x080058b8   0x00000018   Code   RO         4420    x$fpl$basic         fz_wm.l(basic.o)
    0x080058d0   0x080058d0   0x00000062   Code   RO         4343    x$fpl$d2f           fz_wm.l(d2f.o)
    0x08005932   0x08005932   0x00000002   PAD
    0x08005934   0x08005934   0x00000150   Code   RO         4345    x$fpl$dadd          fz_wm.l(daddsub_clz.o)
    0x08005a84   0x08005a84   0x00000018   Code   RO         4498    x$fpl$dcmpinf       fz_wm.l(dcmpi.o)
    0x08005a9c   0x08005a9c   0x000002b0   Code   RO         4352    x$fpl$ddiv          fz_wm.l(ddiv.o)
    0x08005d4c   0x08005d4c   0x00000078   Code   RO         4422    x$fpl$deqf          fz_wm.l(deqf.o)
    0x08005dc4   0x08005dc4   0x0000005e   Code   RO         4355    x$fpl$dfix          fz_wm.l(dfix.o)
    0x08005e22   0x08005e22   0x0000002e   Code   RO         4360    x$fpl$dflt          fz_wm.l(dflt_clz.o)
    0x08005e50   0x08005e50   0x00000026   Code   RO         4359    x$fpl$dfltu         fz_wm.l(dflt_clz.o)
    0x08005e76   0x08005e76   0x00000002   PAD
    0x08005e78   0x08005e78   0x00000078   Code   RO         4424    x$fpl$dleqf         fz_wm.l(dleqf.o)
    0x08005ef0   0x08005ef0   0x00000154   Code   RO         4365    x$fpl$dmul          fz_wm.l(dmul.o)
    0x08006044   0x08006044   0x0000009c   Code   RO         4426    x$fpl$dnaninf       fz_wm.l(dnaninf.o)
    0x080060e0   0x080060e0   0x0000000c   Code   RO         4428    x$fpl$dretinf       fz_wm.l(dretinf.o)
    0x080060ec   0x080060ec   0x0000006c   Code   RO         4430    x$fpl$drleqf        fz_wm.l(drleqf.o)
    0x08006158   0x08006158   0x000000b4   Code   RO         4432    x$fpl$drnd          fz_wm.l(drnd.o)
    0x0800620c   0x0800620c   0x00000016   Code   RO         4346    x$fpl$drsb          fz_wm.l(daddsub_clz.o)
    0x08006222   0x08006222   0x00000002   PAD
    0x08006224   0x08006224   0x000001d4   Code   RO         4347    x$fpl$dsub          fz_wm.l(daddsub_clz.o)
    0x080063f8   0x080063f8   0x00000056   Code   RO         4367    x$fpl$f2d           fz_wm.l(f2d.o)
    0x0800644e   0x0800644e   0x0000008c   Code   RO         4434    x$fpl$fnaninf       fz_wm.l(fnaninf.o)
    0x080064da   0x080064da   0x0000000a   Code   RO         4593    x$fpl$fpinit        fz_wm.l(fpinit.o)
    0x080064e4   0x080064e4   0x0000000a   Code   RO         4436    x$fpl$fretinf       fz_wm.l(fretinf.o)
    0x080064ee   0x080064ee   0x00000000   Code   RO         4438    x$fpl$usenofp       fz_wm.l(usenofp.o)
    0x080064ee   0x080064ee   0x00000008   Data   RO         1487    .constdata          stm32f4xx_hal_dma.o
    0x080064f6   0x080064f6   0x00000010   Data   RO         4296    .constdata          system_stm32f4xx.o
    0x08006506   0x08006506   0x00000008   Data   RO         4297    .constdata          system_stm32f4xx.o
    0x0800650e   0x0800650e   0x00000002   PAD
    0x08006510   0x08006510   0x00000038   Data   RO         4372    .constdata          m_wm.l(log.o)
    0x08006548   0x08006548   0x00000030   Data   RO         4440    .constdata          m_wm.l(cos_i.o)
    0x08006578   0x08006578   0x00000008   Data   RO         4458    .constdata          m_wm.l(qnan.o)
    0x08006580   0x08006580   0x000000c8   Data   RO         4461    .constdata          m_wm.l(rred.o)
    0x08006648   0x08006648   0x00000028   Data   RO         4465    .constdata          m_wm.l(sin_i.o)
    0x08006670   0x08006670   0x00000060   Data   RO         4471    .constdata          m_wm.l(tan_i.o)
    0x080066d0   0x080066d0   0x00000020   Data   RO         4651    Region$$Table       anon$$obj.o


    Execution Region RW_IRAM1 (Exec base: 0x20000000, Load base: 0x080066f0, Size: 0x00000aa8, Max: 0x00020000, ABSOLUTE)

    Exec Addr    Load Addr    Size         Type   Attr      Idx    E Section Name        Object

    0x20000000   0x080066f0   0x000000c8   Data   RW           56    .data               main.o
    0x200000c8   0x080067b8   0x00000004   Data   RW          552    .data               stm32f4xx_hal_msp.o
    0x200000cc   0x080067bc   0x0000000c   Data   RW         1938    .data               stm32f4xx_hal.o
    0x200000d8   0x080067c8   0x00000004   Data   RW         4298    .data               system_stm32f4xx.o
    0x200000dc        -       0x00000308   Zero   RW           43    .bss                main.o
    0x200003e4        -       0x00000060   Zero   RW           44    .bss                main.o
    0x20000444        -       0x00000060   Zero   RW         4509    .bss                c_w.l(libspace.o)
    0x200004a4   0x080067cc   0x00000004   PAD
    0x200004a8        -       0x00000200   Zero   RW            2    HEAP                startup_stm32f446xx.o
    0x200006a8        -       0x00000400   Zero   RW            1    STACK               startup_stm32f446xx.o


==============================================================================

Image component sizes


      Code (inc. data)   RO Data    RW Data    ZI Data      Debug   Object Name

       132         22          0          0          0        687   eeprom.o
      3694        360          0        200        872     763806   main.o
        64         26        452          0       1536        880   startup_stm32f446xx.o
       180         28          0         12          0       9549   stm32f4xx_hal.o
      1658          6          0          0          0      15011   stm32f4xx_hal_can.o
       198         14          0          0          0      34023   stm32f4xx_hal_cortex.o
       940         16          8          0          0       6486   stm32f4xx_hal_dma.o
       486         40          0          0          0       2292   stm32f4xx_hal_gpio.o
      4652         72          0          0          0      31153   stm32f4xx_hal_i2c.o
       944         96          0          4          0       5370   stm32f4xx_hal_msp.o
       112         14          0          0          0       1356   stm32f4xx_hal_pwr_ex.o
       372         44          0          0          0       3030   stm32f4xx_hal_rcc.o
      1068         28          0          0          0       2906   stm32f4xx_hal_rcc_ex.o
       188          0          0          0          0       1267   stm32f4xx_hal_spi.o
       620         46          0          0          0       7141   stm32f4xx_hal_tim.o
         4          0          0          0          0       1737   stm32f4xx_hal_tim_ex.o
      1368         16          0          0          0       9680   stm32f4xx_hal_uart.o
       140         60          0          0          0       9552   stm32f4xx_it.o
        16          4         24          4          0       1235   system_stm32f4xx.o

    ----------------------------------------------------------------------
     16870        892        518        220       2408     907161   Object Totals
         0          0         32          0          0          0   (incl. Generated)
        34          0          2          0          0          0   (incl. Padding)

    ----------------------------------------------------------------------

      Code (inc. data)   RO Data    RW Data    ZI Data      Debug   Library Member Name

         8          0          0          0          0         68   __main.o
         0          0          0          0          0          0   __rtentry.o
        12          0          0          0          0          0   __rtentry2.o
         6          0          0          0          0          0   __rtentry4.o
        52          8          0          0          0          0   __scatter.o
        26          0          0          0          0          0   __scatter_copy.o
        28          0          0          0          0          0   __scatter_zi.o
        22          0          0          0          0        100   _rserrno.o
        16          0          0          0          0         68   aeabi_memset.o
        18          0          0          0          0         80   exit.o
         6          0          0          0          0        152   heapauxi.o
         0          0          0          0          0          0   indicate_semi.o
         2          0          0          0          0          0   libinit.o
         6          0          0          0          0          0   libinit2.o
         2          0          0          0          0          0   libshutdown.o
         2          0          0          0          0          0   libshutdown2.o
         8          4          0          0         96         68   libspace.o
       238          0          0          0          0        100   lludivv7m.o
         8          4          0          0          0         68   rt_errno_addr_intlibspace.o
        68          0          0          0          0         68   rt_memclr.o
        78          0          0          0          0         80   rt_memclr_w.o
       100          0          0          0          0         80   rt_memcpy_w.o
         2          0          0          0          0          0   rtexit.o
        10          0          0          0          0          0   rtexit2.o
        12          4          0          0          0         68   sys_exit.o
        74          0          0          0          0         80   sys_stackheap_outer.o
         2          0          0          0          0         68   use_no_semi.o
        24          0          0          0          0        164   basic.o
        98          4          0          0          0        140   d2f.o
       826         16          0          0          0        492   daddsub_clz.o
        24          0          0          0          0        116   dcmpi.o
       688        140          0          0          0        256   ddiv.o
       120          4          0          0          0        140   deqf.o
        94          4          0          0          0        140   dfix.o
        84          0          0          0          0        232   dflt_clz.o
       120          4          0          0          0        140   dleqf.o
       340         12          0          0          0        152   dmul.o
       156          4          0          0          0        140   dnaninf.o
        12          0          0          0          0        116   dretinf.o
       108          0          0          0          0        128   drleqf.o
       180          4          0          0          0        128   drnd.o
        86          4          0          0          0        132   f2d.o
       140          4          0          0          0        132   fnaninf.o
        10          0          0          0          0        116   fpinit.o
        10          0          0          0          0        116   fretinf.o
         0          0          0          0          0          0   usenofp.o
       368         46         48          0          0        200   cos_i.o
       132         36          0          0          0        496   dunder.o
        24          0          0          0          0        124   fabs.o
        48          0          0          0          0        124   fpclassify.o
       964         92         56          0          0        316   log.o
       248          0          0          0          0        152   poly.o
         0          0          8          0          0          0   qnan.o
       224         30          0          0          0        172   round.o
      1080        142        200          0          0        188   rred.o
       200         20          0          0          0        164   sin.o
       304         24         40          0          0        208   sin_i.o
       128         20          0          0          0        144   tan.o
       848         84         96          0          0        196   tan_i.o

    ----------------------------------------------------------------------
      8516        718        448          0        100       6612   Library Totals
        22          4          0          0          4          0   (incl. Padding)

    ----------------------------------------------------------------------

      Code (inc. data)   RO Data    RW Data    ZI Data      Debug   Library Name

       806         20          0          0         96       1148   c_w.l
      3120        200          0          0          0       2980   fz_wm.l
      4568        494        448          0          0       2484   m_wm.l

    ----------------------------------------------------------------------
      8516        718        448          0        100       6612   Library Totals

    ----------------------------------------------------------------------

==============================================================================


      Code (inc. data)   RO Data    RW Data    ZI Data      Debug   

     25386       1610        966        220       2508     895553   Grand Totals
     25386       1610        966        220       2508     895553   ELF Image Totals
     25386       1610        966        220          0          0   ROM Totals

==============================================================================

    Total RO  Size (Code + RO Data)                26352 (  25.73kB)
    Total RW  Size (RW Data + ZI Data)              2728 (   2.66kB)
    Total ROM Size (Code + RO Data + RW Data)      26572 (  25.95kB)

==============================================================================

