Component: ARM Compiler 5.06 update 7 (build 960) Tool: armlink [4d3601]

==============================================================================

Section Cross References

    startup_stm32f446xx.o(STACK) refers (Special) to heapauxi.o(.text) for __use_two_region_memory
    startup_stm32f446xx.o(HEAP) refers (Special) to heapauxi.o(.text) for __use_two_region_memory
    startup_stm32f446xx.o(RESET) refers (Special) to heapauxi.o(.text) for __use_two_region_memory
    startup_stm32f446xx.o(RESET) refers to startup_stm32f446xx.o(STACK) for __initial_sp
    startup_stm32f446xx.o(RESET) refers to startup_stm32f446xx.o(.text) for Reset_Handler
    startup_stm32f446xx.o(RESET) refers to stm32f4xx_it.o(i.NMI_Handler) for NMI_Handler
    startup_stm32f446xx.o(RESET) refers to stm32f4xx_it.o(i.HardFault_Handler) for HardFault_Handler
    startup_stm32f446xx.o(RESET) refers to stm32f4xx_it.o(i.MemManage_Handler) for MemManage_Handler
    startup_stm32f446xx.o(RESET) refers to stm32f4xx_it.o(i.BusFault_Handler) for BusFault_Handler
    startup_stm32f446xx.o(RESET) refers to stm32f4xx_it.o(i.UsageFault_Handler) for UsageFault_Handler
    startup_stm32f446xx.o(RESET) refers to stm32f4xx_it.o(i.SVC_Handler) for SVC_Handler
    startup_stm32f446xx.o(RESET) refers to stm32f4xx_it.o(i.DebugMon_Handler) for DebugMon_Handler
    startup_stm32f446xx.o(RESET) refers to stm32f4xx_it.o(i.PendSV_Handler) for PendSV_Handler
    startup_stm32f446xx.o(RESET) refers to stm32f4xx_it.o(i.SysTick_Handler) for SysTick_Handler
    startup_stm32f446xx.o(RESET) refers to stm32f4xx_it.o(i.CAN1_RX0_IRQHandler) for CAN1_RX0_IRQHandler
    startup_stm32f446xx.o(RESET) refers to stm32f4xx_it.o(i.CAN1_RX1_IRQHandler) for CAN1_RX1_IRQHandler
    startup_stm32f446xx.o(RESET) refers to stm32f4xx_it.o(i.TIM8_TRG_COM_TIM14_IRQHandler) for TIM8_TRG_COM_TIM14_IRQHandler
    startup_stm32f446xx.o(RESET) refers to stm32f4xx_it.o(i.DMA1_Stream7_IRQHandler) for DMA1_Stream7_IRQHandler
    startup_stm32f446xx.o(RESET) refers to stm32f4xx_it.o(i.UART4_IRQHandler) for UART4_IRQHandler
    startup_stm32f446xx.o(RESET) refers to stm32f4xx_it.o(i.UART5_IRQHandler) for UART5_IRQHandler
    startup_stm32f446xx.o(RESET) refers to stm32f4xx_it.o(i.CAN2_RX0_IRQHandler) for CAN2_RX0_IRQHandler
    startup_stm32f446xx.o(RESET) refers to stm32f4xx_it.o(i.CAN2_RX1_IRQHandler) for CAN2_RX1_IRQHandler
    startup_stm32f446xx.o(.text) refers (Special) to heapauxi.o(.text) for __use_two_region_memory
    startup_stm32f446xx.o(.text) refers to system_stm32f4xx.o(i.SystemInit) for SystemInit
    startup_stm32f446xx.o(.text) refers to __main.o(!!!main) for __main
    startup_stm32f446xx.o(.text) refers to startup_stm32f446xx.o(HEAP) for Heap_Mem
    startup_stm32f446xx.o(.text) refers to startup_stm32f446xx.o(STACK) for Stack_Mem
    main.o(i.Absolute_Position_Reception) refers to main.o(.bss) for .bss
    main.o(i.Absolute_Position_Reception) refers to main.o(.data) for .data
    main.o(i.CAN_Reception) refers to main.o(.data) for .data
    main.o(i.CAN_Transmit) refers to rt_memcpy_w.o(.text) for __aeabi_memcpy4
    main.o(i.CAN_Transmit) refers to stm32f4xx_hal_can.o(i.HAL_CAN_AddTxMessage) for HAL_CAN_AddTxMessage
    main.o(i.CAN_Transmit) refers to stm32f4xx_hal.o(i.HAL_Delay) for HAL_Delay
    main.o(i.CAN_Transmit) refers to main.o(.bss) for .bss
    main.o(i.CAN_Transmit) refers to main.o(.data) for .data
    main.o(i.Error_Handler) refers to main.o(i.Set_Motor_Torque) for Set_Motor_Torque
    main.o(i.Error_Handler) refers to main.o(i.Set_Motor_Velocity) for Set_Motor_Velocity
    main.o(i.HAL_CAN_RxFifo1MsgPendingCallback) refers to stm32f4xx_hal_can.o(i.HAL_CAN_GetRxMessage) for HAL_CAN_GetRxMessage
    main.o(i.HAL_CAN_RxFifo1MsgPendingCallback) refers to main.o(i.convertRawDataToFloat) for convertRawDataToFloat
    main.o(i.HAL_CAN_RxFifo1MsgPendingCallback) refers to main.o(i.CAN_Reception) for CAN_Reception
    main.o(i.HAL_CAN_RxFifo1MsgPendingCallback) refers to main.o(i.Absolute_Position_Reception) for Absolute_Position_Reception
    main.o(i.HAL_CAN_RxFifo1MsgPendingCallback) refers to main.o(.data) for .data
    main.o(i.HAL_CAN_RxFifo1MsgPendingCallback) refers to main.o(.bss) for .bss
    main.o(i.HAL_UART_RxCpltCallback) refers to stm32f4xx_hal_uart.o(i.HAL_UART_Receive_IT) for HAL_UART_Receive_IT
    main.o(i.HAL_UART_RxCpltCallback) refers to main.o(.data) for .data
    main.o(i.HAL_UART_RxCpltCallback) refers to main.o(.bss) for .bss
    main.o(i.Joystick_Reception) refers to main.o(.data) for .data
    main.o(i.MX_CAN1_Init) refers to stm32f4xx_hal_can.o(i.HAL_CAN_Init) for HAL_CAN_Init
    main.o(i.MX_CAN1_Init) refers to main.o(i.Error_Handler) for Error_Handler
    main.o(i.MX_CAN1_Init) refers to stm32f4xx_hal_can.o(i.HAL_CAN_ConfigFilter) for HAL_CAN_ConfigFilter
    main.o(i.MX_CAN1_Init) refers to main.o(.bss) for .bss
    main.o(i.MX_CAN2_Init) refers to stm32f4xx_hal_can.o(i.HAL_CAN_Init) for HAL_CAN_Init
[...]
    i.HAL_NVIC_SetPriorityGrouping           0x08001660   Section        0  stm32f4xx_hal_cortex.o(i.HAL_NVIC_SetPriorityGrouping)
    i.HAL_PWREx_EnableOverDrive              0x08001684   Section        0  stm32f4xx_hal_pwr_ex.o(i.HAL_PWREx_EnableOverDrive)
    i.HAL_RCC_ClockConfig                    0x080016f4   Section        0  stm32f4xx_hal_rcc.o(i.HAL_RCC_ClockConfig)
    i.HAL_RCC_GetPCLK1Freq                   0x08001828   Section        0  stm32f4xx_hal_rcc.o(i.HAL_RCC_GetPCLK1Freq)
    i.HAL_RCC_GetPCLK2Freq                   0x08001848   Section        0  stm32f4xx_hal_rcc.o(i.HAL_RCC_GetPCLK2Freq)
    i.HAL_RCC_GetSysClockFreq                0x08001868   Section        0  stm32f4xx_hal_rcc_ex.o(i.HAL_RCC_GetSysClockFreq)
    i.HAL_RCC_OscConfig                      0x080018fc   Section        0  stm32f4xx_hal_rcc_ex.o(i.HAL_RCC_OscConfig)
    i.HAL_SPI_Init                           0x08001c94   Section        0  stm32f4xx_hal_spi.o(i.HAL_SPI_Init)
    i.HAL_SPI_MspInit                        0x08001d50   Section        0  stm32f4xx_hal_msp.o(i.HAL_SPI_MspInit)
    i.HAL_SYSTICK_Config                     0x08001db8   Section        0  stm32f4xx_hal_cortex.o(i.HAL_SYSTICK_Config)
    i.HAL_TIMEx_BreakCallback                0x08001de0   Section        0  stm32f4xx_hal_tim_ex.o(i.HAL_TIMEx_BreakCallback)
    i.HAL_TIMEx_CommutCallback               0x08001de2   Section        0  stm32f4xx_hal_tim_ex.o(i.HAL_TIMEx_CommutCallback)
    i.HAL_TIM_Base_Init                      0x08001de4   Section        0  stm32f4xx_hal_tim.o(i.HAL_TIM_Base_Init)
    i.HAL_TIM_Base_MspInit                   0x08001e40   Section        0  stm32f4xx_hal_msp.o(i.HAL_TIM_Base_MspInit)
    i.HAL_TIM_IC_CaptureCallback             0x08001e7c   Section        0  stm32f4xx_hal_tim.o(i.HAL_TIM_IC_CaptureCallback)
    i.HAL_TIM_IRQHandler                     0x08001e7e   Section        0  stm32f4xx_hal_tim.o(i.HAL_TIM_IRQHandler)
    i.HAL_TIM_OC_DelayElapsedCallback        0x08001fae   Section        0  stm32f4xx_hal_tim.o(i.HAL_TIM_OC_DelayElapsedCallback)
    i.HAL_TIM_PWM_PulseFinishedCallback      0x08001fb0   Section        0  stm32f4xx_hal_tim.o(i.HAL_TIM_PWM_PulseFinishedCallback)
    i.HAL_TIM_PeriodElapsedCallback          0x08001fb2   Section        0  stm32f4xx_hal_tim.o(i.HAL_TIM_PeriodElapsedCallback)
    i.HAL_TIM_TriggerCallback                0x08001fb4   Section        0  stm32f4xx_hal_tim.o(i.HAL_TIM_TriggerCallback)
    i.HAL_UARTEx_RxEventCallback             0x08001fb6   Section        0  stm32f4xx_hal_uart.o(i.HAL_UARTEx_RxEventCallback)
    i.HAL_UART_ErrorCallback                 0x08001fb8   Section        0  stm32f4xx_hal_uart.o(i.HAL_UART_ErrorCallback)
    i.HAL_UART_IRQHandler                    0x08001fbc   Section        0  stm32f4xx_hal_uart.o(i.HAL_UART_IRQHandler)
    i.HAL_UART_Init                          0x0800222c   Section        0  stm32f4xx_hal_uart.o(i.HAL_UART_Init)
    i.HAL_UART_MspInit                       0x08002290   Section        0  stm32f4xx_hal_msp.o(i.HAL_UART_MspInit)
    i.HAL_UART_Receive_IT                    0x080023c4   Section        0  stm32f4xx_hal_uart.o(i.HAL_UART_Receive_IT)
    i.HAL_UART_RxCpltCallback                0x080023e0   Section        0  main.o(i.HAL_UART_RxCpltCallback)
    i.HAL_UART_TxCpltCallback                0x08002400   Section        0  stm32f4xx_hal_uart.o(i.HAL_UART_TxCpltCallback)
    i.HardFault_Handler                      0x08002402   Section        0  stm32f4xx_it.o(i.HardFault_Handler)
    i.Joystick_Reception                     0x08002404   Section        0  main.o(i.Joystick_Reception)
    i.KMPHtoRPS                              0x08002444   Section        0  main.o(i.KMPHtoRPS)
    i.MX_CAN1_Init                           0x08002478   Section        0  main.o(i.MX_CAN1_Init)
    MX_CAN1_Init                             0x08002479   Thumb Code    90  main.o(i.MX_CAN1_Init)
    i.MX_CAN2_Init                           0x080024dc   Section        0  main.o(i.MX_CAN2_Init)
    MX_CAN2_Init                             0x080024dd   Thumb Code    90  main.o(i.MX_CAN2_Init)
    i.MX_GPIO_Init                           0x08002540   Section        0  main.o(i.MX_GPIO_Init)
    MX_GPIO_Init                             0x08002541   Thumb Code   236  main.o(i.MX_GPIO_Init)
    i.MX_SPI1_Init                           0x0800263c   Section        0  main.o(i.MX_SPI1_Init)
    MX_SPI1_Init                             0x0800263d   Thumb Code    56  main.o(i.MX_SPI1_Init)
    i.Macro_Controls                         0x0800267c   Section        0  main.o(i.Macro_Controls)
    i.MemManage_Handler                      0x080026ec   Section        0  stm32f4xx_it.o(i.MemManage_Handler)
    i.NMI_Handler                            0x080026ee   Section        0  stm32f4xx_it.o(i.NMI_Handler)
    i.New_Drive_Controls                     0x080026f0   Section        0  main.o(i.New_Drive_Controls)
    i.PendSV_Handler                         0x08002850   Section        0  stm32f4xx_it.o(i.PendSV_Handler)
    i.SVC_Handler                            0x08002852   Section        0  stm32f4xx_it.o(i.SVC_Handler)
    i.Set_Motor_Position                     0x08002854   Section        0  main.o(i.Set_Motor_Position)
    i.Set_Motor_Torque                       0x0800285e   Section        0  main.o(i.Set_Motor_Torque)
    i.Set_Motor_Velocity                     0x08002876   Section        0  main.o(i.Set_Motor_Velocity)
    i.Start_Calibration_For                  0x08002880   Section        0  main.o(i.Start_Calibration_For)
    i.Steering_Controls                      0x080028bc   Section        0  main.o(i.Steering_Controls)
    i.SysTick_Handler                        0x08002c1c   Section        0  stm32f4xx_it.o(i.SysTick_Handler)
    i.SystemClock_Config                     0x08002c20   Section        0  main.o(i.SystemClock_Config)
    i.SystemInit                             0x08002cb4   Section        0  system_stm32f4xx.o(i.SystemInit)
    i.TIM8_TRG_COM_TIM14_IRQHandler          0x08002cc4   Section        0  stm32f4xx_it.o(i.TIM8_TRG_COM_TIM14_IRQHandler)
    i.TIM_Base_SetConfig                     0x08002cd0   Section        0  stm32f4xx_hal_tim.o(i.TIM_Base_SetConfig)
    i.Transmit_Motor_Torque                  0x08002da8   Section        0  main.o(i.Transmit_Motor_Torque)
    i.UART4_IRQHandler                       0x08002e4c   Section        0  stm32f4xx_it.o(i.UART4_IRQHandler)
    i.UART5_IRQHandler                       0x08002e58   Section        0  stm32f4xx_it.o(i.UART5_IRQHandler)
    i.UART_DMAAbortOnError                   0x08002e64   Section        0  stm32f4xx_hal_uart.o(i.UART_DMAAbortOnError)
    UART_DMAAbortOnError                     0x08002e65   Thumb Code    16  stm32f4xx_hal_uart.o(i.UART_DMAAbortOnError)
    i.UART_EndRxTransfer                     0x08002e74   Section        0  stm32f4xx_hal_uart.o(i.UART_EndRxTransfer)
    UART_EndRxTransfer                       0x08002e75   Thumb Code    78  stm32f4xx_hal_uart.o(i.UART_EndRxTransfer)
    i.UART_Receive_IT                        0x08002ec2   Section        0  stm32f4xx_hal_uart.o(i.UART_Receive_IT)
    UART_Receive_IT                          0x08002ec3   Thumb Code   194  stm32f4xx_hal_uart.o(i.UART_Receive_IT)
    i.UART_SetConfig                         0x08002f84   Section        0  stm32f4xx_hal_uart.o(i.UART_SetConfig)
    UART_SetConfig                           0x08002f85   Thumb Code   258  stm32f4xx_hal_uart.o(i.UART_SetConfig)
    i.UART_Start_Receive_IT                  0x08003090   Section        0  stm32f4xx_hal_uart.o(i.UART_Start_Receive_IT)
    i.UsageFault_Handler                     0x080030c6   Section        0  stm32f4xx_it.o(i.UsageFault_Handler)
    i.__ARM_fpclassify                       0x080030c8   Section        0  fpclassify.o(i.__ARM_fpclassify)
    i.__NVIC_SetPriority                     0x080030f8   Section        0  stm32f4xx_hal_cortex.o(i.__NVIC_SetPriority)
    __NVIC_SetPriority                       0x080030f9   Thumb Code    32  stm32f4xx_hal_cortex.o(i.__NVIC_SetPriority)
    i.__hardfp_round                         0x08003118   Section        0  round.o(i.__hardfp_round)
    i.__hardfp_sin                           0x080031f8   Section        0  sin.o(i.__hardfp_sin)
    i.__hardfp_tan                           0x080032c0   Section        0  tan.o(i.__hardfp_tan)
    i.__ieee754_rem_pio2                     0x08003340   Section        0  rred.o(i.__ieee754_rem_pio2)
    i.__kernel_cos                           0x08003778   Section        0  cos_i.o(i.__kernel_cos)
    i.__kernel_poly                          0x080038e8   Section        0  poly.o(i.__kernel_poly)
    i.__kernel_sin                           0x080039e0   Section        0  sin_i.o(i.__kernel_sin)
    i.__kernel_tan                           0x08003b10   Section        0  tan_i.o(i.__kernel_tan)
    i.__mathlib_dbl_infnan                   0x08003e60   Section        0  dunder.o(i.__mathlib_dbl_infnan)
    i.__mathlib_dbl_invalid                  0x08003e78   Section        0  dunder.o(i.__mathlib_dbl_invalid)
    i.__mathlib_dbl_underflow                0x08003e98   Section        0  dunder.o(i.__mathlib_dbl_underflow)
    i.convertRawDataToFloat                  0x08003eb8   Section        0  main.o(i.convertRawDataToFloat)
    i.fabs                                   0x08003ece   Section        0  fabs.o(i.fabs)
    i.main                                   0x08003ee8   Section        0  main.o(i.main)
    x$fpl$basic                              0x0800401c   Section       24  basic.o(x$fpl$basic)
    $v0                                      0x0800401c   Number         0  basic.o(x$fpl$basic)
    x$fpl$d2f                                0x08004034   Section       98  d2f.o(x$fpl$d2f)
    $v0                                      0x08004034   Number         0  d2f.o(x$fpl$d2f)
    x$fpl$dadd                               0x08004098   Section      336  daddsub_clz.o(x$fpl$dadd)
    $v0                                      0x08004098   Number         0  daddsub_clz.o(x$fpl$dadd)
    _dadd1                                   0x080040a9   Thumb Code     0  daddsub_clz.o(x$fpl$dadd)
    x$fpl$dcmpinf                            0x080041e8   Section       24  dcmpi.o(x$fpl$dcmpinf)
    $v0                                      0x080041e8   Number         0  dcmpi.o(x$fpl$dcmpinf)
    x$fpl$ddiv                               0x08004200   Section      688  ddiv.o(x$fpl$ddiv)
    $v0                                      0x08004200   Number         0  ddiv.o(x$fpl$ddiv)
    ddiv_entry                               0x08004207   Thumb Code     0  ddiv.o(x$fpl$ddiv)
    x$fpl$dfix                               0x080044b0   Section       94  dfix.o(x$fpl$dfix)
    $v0                                      0x080044b0   Number         0  dfix.o(x$fpl$dfix)
    x$fpl$dflt                               0x0800450e   Section       46  dflt_clz.o(x$fpl$dflt)
    $v0                                      0x0800450e   Number         0  dflt_clz.o(x$fpl$dflt)
    x$fpl$dfltu                              0x0800453c   Section       38  dflt_clz.o(x$fpl$dfltu)
    $v0                                      0x0800453c   Number         0  dflt_clz.o(x$fpl$dfltu)
    x$fpl$dleqf                              0x08004564   Section      120  dleqf.o(x$fpl$dleqf)
    $v0                                      0x08004564   Number         0  dleqf.o(x$fpl$dleqf)
    x$fpl$dmul                               0x080045dc   Section      340  dmul.o(x$fpl$dmul)
    $v0                                      0x080045dc   Number         0  dmul.o(x$fpl$dmul)
    x$fpl$dnaninf                            0x08004730   Section      156  dnaninf.o(x$fpl$dnaninf)
    $v0                                      0x08004730   Number         0  dnaninf.o(x$fpl$dnaninf)
    x$fpl$dretinf                            0x080047cc   Section       12  dretinf.o(x$fpl$dretinf)
    $v0                                      0x080047cc   Number         0  dretinf.o(x$fpl$dretinf)
    x$fpl$drleqf                             0x080047d8   Section      108  drleqf.o(x$fpl$drleqf)
    $v0                                      0x080047d8   Number         0  drleqf.o(x$fpl$drleqf)
    x$fpl$drnd                               0x08004844   Section      180  drnd.o(x$fpl$drnd)
    $v0                                      0x08004844   Number         0  drnd.o(x$fpl$drnd)
    x$fpl$drsb                               0x080048f8   Section       22  daddsub_clz.o(x$fpl$drsb)
    $v0                                      0x080048f8   Number         0  daddsub_clz.o(x$fpl$drsb)
    x$fpl$dsub                               0x08004910   Section      468  daddsub_clz.o(x$fpl$dsub)
    $v0                                      0x08004910   Number         0  daddsub_clz.o(x$fpl$dsub)
    _dsub1                                   0x08004921   Thumb Code     0  daddsub_clz.o(x$fpl$dsub)
    x$fpl$f2d                                0x08004ae4   Section       86  f2d.o(x$fpl$f2d)
    $v0                                      0x08004ae4   Number         0  f2d.o(x$fpl$f2d)
    x$fpl$fnaninf                            0x08004b3a   Section      140  fnaninf.o(x$fpl$fnaninf)
    $v0                                      0x08004b3a   Number         0  fnaninf.o(x$fpl$fnaninf)
    x$fpl$fpinit                             0x08004bc6   Section       10  fpinit.o(x$fpl$fpinit)
    $v0                                      0x08004bc6   Number         0  fpinit.o(x$fpl$fpinit)
    x$fpl$fretinf                            0x08004bd0   Section       10  fretinf.o(x$fpl$fretinf)
    $v0                                      0x08004bd0   Number         0  fretinf.o(x$fpl$fretinf)
    .constdata                               0x08004bda   Section        8  stm32f4xx_hal_dma.o(.constdata)
    x$fpl$usenofp                            0x08004bda   Section        0  usenofp.o(x$fpl$usenofp)
    flagBitshiftOffset                       0x08004bda   Data           8  stm32f4xx_hal_dma.o(.constdata)
    .constdata                               0x08004be2   Section       16  system_stm32f4xx.o(.constdata)
    .constdata                               0x08004bf2   Section        8  system_stm32f4xx.o(.constdata)
    .constdata                               0x08004c00   Section       48  cos_i.o(.constdata)
    C                                        0x08004c00   Data          48  cos_i.o(.constdata)
    .constdata                               0x08004c30   Section      200  rred.o(.constdata)
    pio2s                                    0x08004c30   Data          48  rred.o(.constdata)
    twooverpi                                0x08004c60   Data         152  rred.o(.constdata)
    .constdata                               0x08004cf8   Section       40  sin_i.o(.constdata)
    S                                        0x08004cf8   Data          40  sin_i.o(.constdata)
    .constdata                               0x08004d20   Section       96  tan_i.o(.constdata)
    Todd                                     0x08004d20   Data          48  tan_i.o(.constdata)
    Teven                                    0x08004d50   Data          48  tan_i.o(.constdata)
    .data                                    0x20000000   Section      200  main.o(.data)
    .data                                    0x200000c8   Section        4  stm32f4xx_hal_msp.o(.data)
    HAL_RCC_CAN1_CLK_ENABLED                 0x200000c8   Data           4  stm32f4xx_hal_msp.o(.data)
    .data                                    0x200000cc   Section       12  stm32f4xx_hal.o(.data)
    .data                                    0x200000d8   Section        4  system_stm32f4xx.o(.data)
    .bss                                     0x200000dc   Section      692  main.o(.bss)
    .bss                                     0x20000390   Section       96  main.o(.bss)
    .bss                                     0x200003f0   Section       96  libspace.o(.bss)
    HEAP                                     0x20000450   Section      512  startup_stm32f446xx.o(HEAP)
    Heap_Mem                                 0x20000450   Data         512  startup_stm32f446xx.o(HEAP)
    STACK                                    0x20000650   Section     1024  startup_stm32f446xx.o(STACK)
    Stack_Mem                                0x20000650   Data        1024  startup_stm32f446xx.o(STACK)
    __initial_sp                             0x20000a50   Data           0  startup_stm32f446xx.o(STACK)

    Global Symbols

    Symbol Name                              Value     Ov Type        Size  Object(Section)

    BuildAttributes$$THM_ISAv4$E$P$D$K$B$S$7EM$VFPi3$EXTD16$VFPS$VFMA$PE$A:L22UL41UL21$X:L11$S22US41US21$IEEE1$IW$USESV6$~STKCKD$USESV7$~SHL$OTIME$ROPI$IEEEX$EBA8$UX$STANDARDLIB$REQ8$PRES8$EABIv2 0x00000000   Number         0  anon$$obj.o ABSOLUTE
    __ARM_use_no_argv                        0x00000000   Number         0  main.o ABSOLUTE
    __ARM_exceptions_init                     - Undefined Weak Reference
    __alloca_initialize                       - Undefined Weak Reference
    __arm_fini_                               - Undefined Weak Reference
    __arm_preinit_                            - Undefined Weak Reference
    __cpp_initialize__aeabi_                  - Undefined Weak Reference
    __cxa_finalize                            - Undefined Weak Reference
    __rt_locale                               - Undefined Weak Reference
    __sigvec_lookup                           - Undefined Weak Reference
    _atexit_init                              - Undefined Weak Reference
    _call_atexit_fns                          - Undefined Weak Reference
    _clock_init                               - Undefined Weak Reference
    _fp_trap_init                             - Undefined Weak Reference
    _fp_trap_shutdown                         - Undefined Weak Reference
    _get_lc_collate                           - Undefined Weak Reference
    _get_lc_ctype                             - Undefined Weak Reference
    _get_lc_monetary                          - Undefined Weak Reference
    _get_lc_numeric                           - Undefined Weak Reference
    _get_lc_time                              - Undefined Weak Reference
    _getenv_init                              - Undefined Weak Reference
    _handle_redirection                       - Undefined Weak Reference
    _init_alloc                               - Undefined Weak Reference
    _init_user_alloc                          - Undefined Weak Reference
    _initio                                   - Undefined Weak Reference
    _rand_init                                - Undefined Weak Reference
    _signal_finish                            - Undefined Weak Reference
    _signal_init                              - Undefined Weak Reference
    _terminate_alloc                          - Undefined Weak Reference
    _terminate_user_alloc                     - Undefined Weak Reference
    _terminateio                              - Undefined Weak Reference
    __Vectors_Size                           0x000001c4   Number         0  startup_stm32f446xx.o ABSOLUTE
    __Vectors                                0x08000000   Data           4  startup_stm32f446xx.o(RESET)
    __Vectors_End                            0x080001c4   Data           0  startup_stm32f446xx.o(RESET)
    __main                                   0x080001c5   Thumb Code     8  __main.o(!!!main)
    __scatterload                            0x080001cd   Thumb Code     0  __scatter.o(!!!scatter)
    __scatterload_rt2                        0x080001cd   Thumb Code    44  __scatter.o(!!!scatter)
    __scatterload_rt2_thumb_only             0x080001cd   Thumb Code     0  __scatter.o(!!!scatter)
    __scatterload_null                       0x080001db   Thumb Code     0  __scatter.o(!!!scatter)
    __scatterload_copy                       0x08000201   Thumb Code    26  __scatter_copy.o(!!handler_copy)
    __scatterload_zeroinit                   0x0800021d   Thumb Code    28  __scatter_zi.o(!!handler_zi)
    __rt_lib_init                            0x08000239   Thumb Code     0  libinit.o(.ARM.Collect$$libinit$$00000000)
    __rt_lib_init_fp_1                       0x0800023b   Thumb Code     0  libinit2.o(.ARM.Collect$$libinit$$00000001)
    __rt_lib_init_alloca_1                   0x0800023f   Thumb Code     0  libinit2.o(.ARM.Collect$$libinit$$0000002E)
    __rt_lib_init_argv_1                     0x0800023f   Thumb Code     0  libinit2.o(.ARM.Collect$$libinit$$0000002C)
    __rt_lib_init_atexit_1                   0x0800023f   Thumb Code     0  libinit2.o(.ARM.Collect$$libinit$$0000001B)
    __rt_lib_init_clock_1                    0x0800023f   Thumb Code     0  libinit2.o(.ARM.Collect$$libinit$$00000021)
    __rt_lib_init_cpp_1                      0x0800023f   Thumb Code     0  libinit2.o(.ARM.Collect$$libinit$$00000032)
    __rt_lib_init_exceptions_1               0x0800023f   Thumb Code     0  libinit2.o(.ARM.Collect$$libinit$$00000030)
    __rt_lib_init_fp_trap_1                  0x0800023f   Thumb Code     0  libinit2.o(.ARM.Collect$$libinit$$0000001F)
    __rt_lib_init_getenv_1                   0x0800023f   Thumb Code     0  libinit2.o(.ARM.Collect$$libinit$$00000023)
    __rt_lib_init_heap_1                     0x0800023f   Thumb Code     0  libinit2.o(.ARM.Collect$$libinit$$0000000A)
    __rt_lib_init_lc_collate_1               0x0800023f   Thumb Code     0  libinit2.o(.ARM.Collect$$libinit$$00000011)
    __rt_lib_init_lc_ctype_1                 0x0800023f   Thumb Code     0  libinit2.o(.ARM.Collect$$libinit$$00000013)
    __rt_lib_init_lc_monetary_1              0x0800023f   Thumb Code     0  libinit2.o(.ARM.Collect$$libinit$$00000015)
    __rt_lib_init_lc_numeric_1               0x0800023f   Thumb Code     0  libinit2.o(.ARM.Collect$$libinit$$00000017)
    __rt_lib_init_lc_time_1                  0x0800023f   Thumb Code     0  libinit2.o(.ARM.Collect$$libinit$$00000019)
    __rt_lib_init_preinit_1                  0x0800023f   Thumb Code     0  libinit2.o(.ARM.Collect$$libinit$$00000004)
    __rt_lib_init_rand_1                     0x0800023f   Thumb Code     0  libinit2.o(.ARM.Collect$$libinit$$0000000E)
    __rt_lib_init_return                     0x0800023f   Thumb Code     0  libinit2.o(.ARM.Collect$$libinit$$00000033)
    __rt_lib_init_signal_1                   0x0800023f   Thumb Code     0  libinit2.o(.ARM.Collect$$libinit$$0000001D)
    __rt_lib_init_stdio_1                    0x0800023f   Thumb Code     0  libinit2.o(.ARM.Collect$$libinit$$00000025)
    __rt_lib_init_user_alloc_1               0x0800023f   Thumb Code     0  libinit2.o(.ARM.Collect$$libinit$$0000000C)
    __rt_lib_shutdown                        0x08000241   Thumb Code     0  libshutdown.o(.ARM.Collect$$libshutdown$$00000000)
    __rt_lib_shutdown_cpp_1                  0x08000243   Thumb Code     0  libshutdown2.o(.ARM.Collect$$libshutdown$$00000004)
    __rt_lib_shutdown_fini_1                 0x08000243   Thumb Code     0  libshutdown2.o(.ARM.Collect$$libshutdown$$00000002)
    __rt_lib_shutdown_fp_trap_1              0x08000243   Thumb Code     0  libshutdown2.o(.ARM.Collect$$libshutdown$$00000009)
    __rt_lib_shutdown_heap_1                 0x08000243   Thumb Code     0  libshutdown2.o(.ARM.Collect$$libshutdown$$00000011)
    __rt_lib_shutdown_return                 0x08000243   Thumb Code     0  libshutdown2.o(.ARM.Collect$$libshutdown$$00000012)
    __rt_lib_shutdown_signal_1               0x08000243   Thumb Code     0  libshutdown2.o(.ARM.Collect$$libshutdown$$0000000C)
    __rt_lib_shutdown_stdio_1                0x08000243   Thumb Code     0  libshutdown2.o(.ARM.Collect$$libshutdown$$00000006)
    __rt_lib_shutdown_user_alloc_1           0x08000243   Thumb Code     0  libshutdown2.o(.ARM.Collect$$libshutdown$$0000000E)
    __rt_entry                               0x08000245   Thumb Code     0  __rtentry.o(.ARM.Collect$$rtentry$$00000000)
    __rt_entry_presh_1                       0x08000245   Thumb Code     0  __rtentry2.o(.ARM.Collect$$rtentry$$00000002)
    __rt_entry_sh                            0x08000245   Thumb Code     0  __rtentry4.o(.ARM.Collect$$rtentry$$00000004)
    __rt_entry_li                            0x0800024b   Thumb Code     0  __rtentry2.o(.ARM.Collect$$rtentry$$0000000A)
    __rt_entry_postsh_1                      0x0800024b   Thumb Code     0  __rtentry2.o(.ARM.Collect$$rtentry$$00000009)
    __rt_entry_main                          0x0800024f   Thumb Code     0  __rtentry2.o(.ARM.Collect$$rtentry$$0000000D)
    __rt_entry_postli_1                      0x0800024f   Thumb Code     0  __rtentry2.o(.ARM.Collect$$rtentry$$0000000C)
    __rt_exit                                0x08000257   Thumb Code     0  rtexit.o(.ARM.Collect$$rtexit$$00000000)
    __rt_exit_ls                             0x08000259   Thumb Code     0  rtexit2.o(.ARM.Collect$$rtexit$$00000003)
    __rt_exit_prels_1                        0x08000259   Thumb Code     0  rtexit2.o(.ARM.Collect$$rtexit$$00000002)
    __rt_exit_exit                           0x0800025d   Thumb Code     0  rtexit2.o(.ARM.Collect$$rtexit$$00000004)
    Reset_Handler                            0x08000265   Thumb Code     8  startup_stm32f446xx.o(.text)
    ADC_IRQHandler                           0x0800027f   Thumb Code     0  startup_stm32f446xx.o(.text)
    CAN1_SCE_IRQHandler                      0x0800027f   Thumb Code     0  startup_stm32f446xx.o(.text)
    CAN1_TX_IRQHandler                       0x0800027f   Thumb Code     0  startup_stm32f446xx.o(.text)
    CAN2_SCE_IRQHandler                      0x0800027f   Thumb Code     0  startup_stm32f446xx.o(.text)
    CAN2_TX_IRQHandler                       0x0800027f   Thumb Code     0  startup_stm32f446xx.o(.text)
    CEC_IRQHandler                           0x0800027f   Thumb Code     0  startup_stm32f446xx.o(.text)
    DCMI_IRQHandler                          0x0800027f   Thumb Code     0  startup_stm32f446xx.o(.text)
    DMA1_Stream0_IRQHandler                  0x0800027f   Thumb Code     0  startup_stm32f446xx.o(.text)
    DMA1_Stream1_IRQHandler                  0x0800027f   Thumb Code     0  startup_stm32f446xx.o(.text)
    DMA1_Stream2_IRQHandler                  0x0800027f   Thumb Code     0  startup_stm32f446xx.o(.text)
    DMA1_Stream3_IRQHandler                  0x0800027f   Thumb Code     0  startup_stm32f446xx.o(.text)
    DMA1_Stream4_IRQHandler                  0x0800027f   Thumb Code     0  startup_stm32f446xx.o(.text)
    DMA1_Stream5_IRQHandler                  0x0800027f   Thumb Code     0  startup_stm32f446xx.o(.text)
    DMA1_Stream6_IRQHandler                  0x0800027f   Thumb Code     0  startup_stm32f446xx.o(.text)
    DMA2_Stream0_IRQHandler                  0x0800027f   Thumb Code     0  startup_stm32f446xx.o(.text)
    DMA2_Stream1_IRQHandler                  0x0800027f   Thumb Code     0  startup_stm32f446xx.o(.text)
    DMA2_Stream2_IRQHandler                  0x0800027f   Thumb Code     0  startup_stm32f446xx.o(.text)
    DMA2_Stream3_IRQHandler                  0x0800027f   Thumb Code     0  startup_stm32f446xx.o(.text)
    DMA2_Stream4_IRQHandler                  0x0800027f   Thumb Code     0  startup_stm32f446xx.o(.text)
    DMA2_Stream5_IRQHandler                  0x0800027f   Thumb Code     0  startup_stm32f446xx.o(.text)
    DMA2_Stream6_IRQHandler                  0x0800027f   Thumb Code     0  startup_stm32f446xx.o(.text)
    DMA2_Stream7_IRQHandler                  0x0800027f   Thumb Code     0  startup_stm32f446xx.o(.text)
    EXTI0_IRQHandler                         0x0800027f   Thumb Code     0  startup_stm32f446xx.o(.text)
    EXTI15_10_IRQHandler                     0x0800027f   Thumb Code     0  startup_stm32f446xx.o(.text)
    EXTI1_IRQHandler                         0x0800027f   Thumb Code     0  startup_stm32f446xx.o(.text)
    EXTI2_IRQHandler                         0x0800027f   Thumb Code     0  startup_stm32f446xx.o(.text)
    EXTI3_IRQHandler                         0x0800027f   Thumb Code     0  startup_stm32f446xx.o(.text)
    EXTI4_IRQHandler                         0x0800027f   Thumb Code     0  startup_stm32f446xx.o(.text)
    EXTI9_5_IRQHandler                       0x0800027f   Thumb Code     0  startup_stm32f446xx.o(.text)
    FLASH_IRQHandler                         0x0800027f   Thumb Code     0  startup_stm32f446xx.o(.text)
    FMC_IRQHandler                           0x0800027f   Thumb Code     0  startup_stm32f446xx.o(.text)
    FMPI2C1_ER_IRQHandler                    0x0800027f   Thumb Code     0  startup_stm32f446xx.o(.text)
    FMPI2C1_EV_IRQHandler                    0x0800027f   Thumb Code     0  startup_stm32f446xx.o(.text)
    FPU_IRQHandler                           0x0800027f   Thumb Code     0  startup_stm32f446xx.o(.text)
    I2C1_ER_IRQHandler                       0x0800027f   Thumb Code     0  startup_stm32f446xx.o(.text)
    I2C1_EV_IRQHandler                       0x0800027f   Thumb Code     0  startup_stm32f446xx.o(.text)
    I2C2_ER_IRQHandler                       0x0800027f   Thumb Code     0  startup_stm32f446xx.o(.text)
    I2C2_EV_IRQHandler                       0x0800027f   Thumb Code     0  startup_stm32f446xx.o(.text)
    I2C3_ER_IRQHandler                       0x0800027f   Thumb Code     0  startup_stm32f446xx.o(.text)
    I2C3_EV_IRQHandler                       0x0800027f   Thumb Code     0  startup_stm32f446xx.o(.text)
    OTG_FS_IRQHandler                        0x0800027f   Thumb Code     0  startup_stm32f446xx.o(.text)
    OTG_FS_WKUP_IRQHandler                   0x0800027f   Thumb Code     0  startup_stm32f446xx.o(.text)
    OTG_HS_EP1_IN_IRQHandler                 0x0800027f   Thumb Code     0  startup_stm32f446xx.o(.text)
    OTG_HS_EP1_OUT_IRQHandler                0x0800027f   Thumb Code     0  startup_stm32f446xx.o(.text)
    OTG_HS_IRQHandler                        0x0800027f   Thumb Code     0  startup_stm32f446xx.o(.text)
    OTG_HS_WKUP_IRQHandler                   0x0800027f   Thumb Code     0  startup_stm32f446xx.o(.text)
    PVD_IRQHandler                           0x0800027f   Thumb Code     0  startup_stm32f446xx.o(.text)
    QUADSPI_IRQHandler                       0x0800027f   Thumb Code     0  startup_stm32f446xx.o(.text)
    RCC_IRQHandler                           0x0800027f   Thumb Code     0  startup_stm32f446xx.o(.text)
    RTC_Alarm_IRQHandler                     0x0800027f   Thumb Code     0  startup_stm32f446xx.o(.text)
    RTC_WKUP_IRQHandler                      0x0800027f   Thumb Code     0  startup_stm32f446xx.o(.text)
    SAI1_IRQHandler                          0x0800027f   Thumb Code     0  startup_stm32f446xx.o(.text)
    SAI2_IRQHandler                          0x0800027f   Thumb Code     0  startup_stm32f446xx.o(.text)
    SDIO_IRQHandler                          0x0800027f   Thumb Code     0  startup_stm32f446xx.o(.text)
    SPDIF_RX_IRQHandler                      0x0800027f   Thumb Code     0  startup_stm32f446xx.o(.text)
    SPI1_IRQHandler                          0x0800027f   Thumb Code     0  startup_stm32f446xx.o(.text)
    SPI2_IRQHandler                          0x0800027f   Thumb Code     0  startup_stm32f446xx.o(.text)
    SPI3_IRQHandler                          0x0800027f   Thumb Code     0  startup_stm32f446xx.o(.text)
    SPI4_IRQHandler                          0x0800027f   Thumb Code     0  startup_stm32f446xx.o(.text)
    TAMP_STAMP_IRQHandler                    0x0800027f   Thumb Code     0  startup_stm32f446xx.o(.text)
    TIM1_BRK_TIM9_IRQHandler                 0x0800027f   Thumb Code     0  startup_stm32f446xx.o(.text)
    TIM1_CC_IRQHandler                       0x0800027f   Thumb Code     0  startup_stm32f446xx.o(.text)
    TIM1_TRG_COM_TIM11_IRQHandler            0x0800027f   Thumb Code     0  startup_stm32f446xx.o(.text)
    TIM1_UP_TIM10_IRQHandler                 0x0800027f   Thumb Code     0  startup_stm32f446xx.o(.text)
    TIM2_IRQHandler                          0x0800027f   Thumb Code     0  startup_stm32f446xx.o(.text)
    TIM3_IRQHandler                          0x0800027f   Thumb Code     0  startup_stm32f446xx.o(.text)
    TIM4_IRQHandler                          0x0800027f   Thumb Code     0  startup_stm32f446xx.o(.text)
    TIM5_IRQHandler                          0x0800027f   Thumb Code     0  startup_stm32f446xx.o(.text)
    TIM6_DAC_IRQHandler                      0x0800027f   Thumb Code     0  startup_stm32f446xx.o(.text)
    TIM7_IRQHandler                          0x0800027f   Thumb Code     0  startup_stm32f446xx.o(.text)
    TIM8_BRK_TIM12_IRQHandler                0x0800027f   Thumb Code     0  startup_stm32f446xx.o(.text)
    TIM8_CC_IRQHandler                       0x0800027f   Thumb Code     0  startup_stm32f446xx.o(.text)
    TIM8_UP_TIM13_IRQHandler                 0x0800027f   Thumb Code     0  startup_stm32f446xx.o(.text)
    USART1_IRQHandler                        0x0800027f   Thumb Code     0  startup_stm32f446xx.o(.text)
    USART2_IRQHandler                        0x0800027f   Thumb Code     0  startup_stm32f446xx.o(.text)
    USART3_IRQHandler                        0x0800027f   Thumb Code     0  startup_stm32f446xx.o(.text)
    USART6_IRQHandler                        0x0800027f   Thumb Code     0  startup_stm32f446xx.o(.text)
    WWDG_IRQHandler                          0x0800027f   Thumb Code     0  startup_stm32f446xx.o(.text)
    __user_initial_stackheap                 0x08000281   Thumb Code     0  startup_stm32f446xx.o(.text)
    __aeabi_uldivmod                         0x080002a5   Thumb Code     0  lludivv7m.o(.text)
    _ll_udiv                                 0x080002a5   Thumb Code   238  lludivv7m.o(.text)
    __aeabi_memcpy4                          0x08000393   Thumb Code     0  rt_memcpy_w.o(.text)
    __aeabi_memcpy8                          0x08000393   Thumb Code     0  rt_memcpy_w.o(.text)
    __rt_memcpy_w                            0x08000393   Thumb Code   100  rt_memcpy_w.o(.text)
    _memcpy_lastbytes_aligned                0x080003db   Thumb Code     0  rt_memcpy_w.o(.text)
    __aeabi_memclr4                          0x080003f7   Thumb Code     0  rt_memclr_w.o(.text)
    __aeabi_memclr8                          0x080003f7   Thumb Code     0  rt_memclr_w.o(.text)
    __rt_memclr_w                            0x080003f7   Thumb Code    78  rt_memclr_w.o(.text)
    _memset_w                                0x080003fb   Thumb Code     0  rt_memclr_w.o(.text)
    __use_two_region_memory                  0x08000445   Thumb Code     2  heapauxi.o(.text)
    __rt_heap_escrow$2region                 0x08000447   Thumb Code     2  heapauxi.o(.text)
    __rt_heap_expand$2region                 0x08000449   Thumb Code     2  heapauxi.o(.text)
    __read_errno                             0x0800044b   Thumb Code    10  _rserrno.o(.text)
    __set_errno                              0x08000455   Thumb Code    12  _rserrno.o(.text)
    __aeabi_errno_addr                       0x08000461   Thumb Code     8  rt_errno_addr_intlibspace.o(.text)
    __errno$intlibspace                      0x08000461   Thumb Code     0  rt_errno_addr_intlibspace.o(.text)
    __rt_errno_addr$intlibspace              0x08000461   Thumb Code     0  rt_errno_addr_intlibspace.o(.text)
    __user_libspace                          0x08000469   Thumb Code     8  libspace.o(.text)
    __user_perproc_libspace                  0x08000469   Thumb Code     0  libspace.o(.text)
    __user_perthread_libspace                0x08000469   Thumb Code     0  libspace.o(.text)
    __user_setup_stackheap                   0x08000471   Thumb Code    74  sys_stackheap_outer.o(.text)
    exit                                     0x080004bb   Thumb Code    18  exit.o(.text)
    _sys_exit                                0x080004cd   Thumb Code     8  sys_exit.o(.text)
    __I$use$semihosting                      0x080004d9   Thumb Code     0  use_no_semi.o(.text)
    __use_no_semihosting_swi                 0x080004d9   Thumb Code     2  use_no_semi.o(.text)
    __semihosting_library_function           0x080004db   Thumb Code     0  indicate_semi.o(.text)
    Absolute_Position_Reception              0x080004dd   Thumb Code    32  main.o(i.Absolute_Position_Reception)
    BusFault_Handler                         0x08000505   Thumb Code     2  stm32f4xx_it.o(i.BusFault_Handler)
    CAN1_RX0_IRQHandler                      0x08000509   Thumb Code     6  stm32f4xx_it.o(i.CAN1_RX0_IRQHandler)
    CAN1_RX1_IRQHandler                      0x08000515   Thumb Code     6  stm32f4xx_it.o(i.CAN1_RX1_IRQHandler)
    CAN2_RX0_IRQHandler                      0x08000521   Thumb Code     6  stm32f4xx_it.o(i.CAN2_RX0_IRQHandler)
    CAN2_RX1_IRQHandler                      0x0800052d   Thumb Code     6  stm32f4xx_it.o(i.CAN2_RX1_IRQHandler)
    CAN_Reception                            0x08000539   Thumb Code    50  main.o(i.CAN_Reception)
    CAN_Transmit                             0x08000571   Thumb Code   250  main.o(i.CAN_Transmit)
    DMA1_Stream7_IRQHandler                  0x08000675   Thumb Code     6  stm32f4xx_it.o(i.DMA1_Stream7_IRQHandler)
    DebugMon_Handler                         0x080006fd   Thumb Code     2  stm32f4xx_it.o(i.DebugMon_Handler)
    Error_Handler                            0x08000701   Thumb Code   104  main.o(i.Error_Handler)
    HAL_CAN_ActivateNotification             0x0800076d   Thumb Code    36  stm32f4xx_hal_can.o(i.HAL_CAN_ActivateNotification)
    HAL_CAN_AddTxMessage                     0x08000791   Thumb Code   208  stm32f4xx_hal_can.o(i.HAL_CAN_AddTxMessage)
    HAL_CAN_ConfigFilter                     0x08000861   Thumb Code   262  stm32f4xx_hal_can.o(i.HAL_CAN_ConfigFilter)
    HAL_CAN_ErrorCallback                    0x0800096d   Thumb Code     2  stm32f4xx_hal_can.o(i.HAL_CAN_ErrorCallback)
    HAL_CAN_GetRxMessage                     0x0800096f   Thumb Code   244  stm32f4xx_hal_can.o(i.HAL_CAN_GetRxMessage)
    HAL_CAN_IRQHandler                       0x08000a63   Thumb Code   508  stm32f4xx_hal_can.o(i.HAL_CAN_IRQHandler)
    HAL_CAN_Init                             0x08000c5f   Thumb Code   282  stm32f4xx_hal_can.o(i.HAL_CAN_Init)
    HAL_CAN_MspInit                          0x08000d79   Thumb Code   264  stm32f4xx_hal_msp.o(i.HAL_CAN_MspInit)
    HAL_CAN_RxFifo0FullCallback              0x08000e99   Thumb Code     2  stm32f4xx_hal_can.o(i.HAL_CAN_RxFifo0FullCallback)
    HAL_CAN_RxFifo0MsgPendingCallback        0x08000e9b   Thumb Code     2  stm32f4xx_hal_can.o(i.HAL_CAN_RxFifo0MsgPendingCallback)
    HAL_CAN_RxFifo1FullCallback              0x08000e9d   Thumb Code     2  stm32f4xx_hal_can.o(i.HAL_CAN_RxFifo1FullCallback)
    HAL_CAN_RxFifo1MsgPendingCallback        0x08000ea1   Thumb Code   252  main.o(i.HAL_CAN_RxFifo1MsgPendingCallback)
    HAL_CAN_SleepCallback                    0x08000fa5   Thumb Code     2  stm32f4xx_hal_can.o(i.HAL_CAN_SleepCallback)
    HAL_CAN_Start                            0x08000fa9   Thumb Code    88  stm32f4xx_hal_can.o(i.HAL_CAN_Start)
    HAL_CAN_TxMailbox0AbortCallback          0x08001001   Thumb Code     2  stm32f4xx_hal_can.o(i.HAL_CAN_TxMailbox0AbortCallback)
    HAL_CAN_TxMailbox0CompleteCallback       0x08001003   Thumb Code     2  stm32f4xx_hal_can.o(i.HAL_CAN_TxMailbox0CompleteCallback)
    HAL_CAN_TxMailbox1AbortCallback          0x08001005   Thumb Code     2  stm32f4xx_hal_can.o(i.HAL_CAN_TxMailbox1AbortCallback)
    HAL_CAN_TxMailbox1CompleteCallback       0x08001007   Thumb Code     2  stm32f4xx_hal_can.o(i.HAL_CAN_TxMailbox1CompleteCallback)
    HAL_CAN_TxMailbox2AbortCallback          0x08001009   Thumb Code     2  stm32f4xx_hal_can.o(i.HAL_CAN_TxMailbox2AbortCallback)
    HAL_CAN_TxMailbox2CompleteCallback       0x0800100b   Thumb Code     2  stm32f4xx_hal_can.o(i.HAL_CAN_TxMailbox2CompleteCallback)
    HAL_CAN_WakeUpFromRxMsgCallback          0x0800100d   Thumb Code     2  stm32f4xx_hal_can.o(i.HAL_CAN_WakeUpFromRxMsgCallback)
    HAL_DMA_Abort                            0x0800100f   Thumb Code   146  stm32f4xx_hal_dma.o(i.HAL_DMA_Abort)
    HAL_DMA_Abort_IT                         0x080010a1   Thumb Code    36  stm32f4xx_hal_dma.o(i.HAL_DMA_Abort_IT)
    HAL_DMA_IRQHandler                       0x080010c5   Thumb Code   412  stm32f4xx_hal_dma.o(i.HAL_DMA_IRQHandler)
    HAL_DMA_Init                             0x08001265   Thumb Code   206  stm32f4xx_hal_dma.o(i.HAL_DMA_Init)
    HAL_Delay                                0x08001339   Thumb Code    32  stm32f4xx_hal.o(i.HAL_Delay)
    HAL_GPIO_Init                            0x0800135d   Thumb Code   436  stm32f4xx_hal_gpio.o(i.HAL_GPIO_Init)
    HAL_GPIO_WritePin                        0x08001539   Thumb Code    10  stm32f4xx_hal_gpio.o(i.HAL_GPIO_WritePin)
    HAL_GetTick                              0x08001545   Thumb Code     6  stm32f4xx_hal.o(i.HAL_GetTick)
    HAL_IncTick                              0x08001551   Thumb Code    12  stm32f4xx_hal.o(i.HAL_IncTick)
    HAL_Init                                 0x08001561   Thumb Code    48  stm32f4xx_hal.o(i.HAL_Init)
    HAL_InitTick                             0x08001595   Thumb Code    54  stm32f4xx_hal.o(i.HAL_InitTick)
    HAL_MspInit                              0x080015d5   Thumb Code    42  stm32f4xx_hal_msp.o(i.HAL_MspInit)
    HAL_NVIC_EnableIRQ                       0x08001605   Thumb Code    26  stm32f4xx_hal_cortex.o(i.HAL_NVIC_EnableIRQ)
    HAL_NVIC_SetPriority                     0x08001621   Thumb Code    60  stm32f4xx_hal_cortex.o(i.HAL_NVIC_SetPriority)
    HAL_NVIC_SetPriorityGrouping             0x08001661   Thumb Code    26  stm32f4xx_hal_cortex.o(i.HAL_NVIC_SetPriorityGrouping)
    HAL_PWREx_EnableOverDrive                0x08001685   Thumb Code    98  stm32f4xx_hal_pwr_ex.o(i.HAL_PWREx_EnableOverDrive)
    HAL_RCC_ClockConfig                      0x080016f5   Thumb Code   288  stm32f4xx_hal_rcc.o(i.HAL_RCC_ClockConfig)
    HAL_RCC_GetPCLK1Freq                     0x08001829   Thumb Code    20  stm32f4xx_hal_rcc.o(i.HAL_RCC_GetPCLK1Freq)
    HAL_RCC_GetPCLK2Freq                     0x08001849   Thumb Code    20  stm32f4xx_hal_rcc.o(i.HAL_RCC_GetPCLK2Freq)
    HAL_RCC_GetSysClockFreq                  0x08001869   Thumb Code   140  stm32f4xx_hal_rcc_ex.o(i.HAL_RCC_GetSysClockFreq)
    HAL_RCC_OscConfig                        0x080018fd   Thumb Code   900  stm32f4xx_hal_rcc_ex.o(i.HAL_RCC_OscConfig)
    HAL_SPI_Init                             0x08001c95   Thumb Code   188  stm32f4xx_hal_spi.o(i.HAL_SPI_Init)
    HAL_SPI_MspInit                          0x08001d51   Thumb Code    92  stm32f4xx_hal_msp.o(i.HAL_SPI_MspInit)
    HAL_SYSTICK_Config                       0x08001db9   Thumb Code    40  stm32f4xx_hal_cortex.o(i.HAL_SYSTICK_Config)
    HAL_TIMEx_BreakCallback                  0x08001de1   Thumb Code     2  stm32f4xx_hal_tim_ex.o(i.HAL_TIMEx_BreakCallback)
    HAL_TIMEx_CommutCallback                 0x08001de3   Thumb Code     2  stm32f4xx_hal_tim_ex.o(i.HAL_TIMEx_CommutCallback)
    HAL_TIM_Base_Init                        0x08001de5   Thumb Code    90  stm32f4xx_hal_tim.o(i.HAL_TIM_Base_Init)
    HAL_TIM_Base_MspInit                     0x08001e41   Thumb Code    50  stm32f4xx_hal_msp.o(i.HAL_TIM_Base_MspInit)
    HAL_TIM_IC_CaptureCallback               0x08001e7d   Thumb Code     2  stm32f4xx_hal_tim.o(i.HAL_TIM_IC_CaptureCallback)
    HAL_TIM_IRQHandler                       0x08001e7f   Thumb Code   304  stm32f4xx_hal_tim.o(i.HAL_TIM_IRQHandler)
    HAL_TIM_OC_DelayElapsedCallback          0x08001faf   Thumb Code     2  stm32f4xx_hal_tim.o(i.HAL_TIM_OC_DelayElapsedCallback)
    HAL_TIM_PWM_PulseFinishedCallback        0x08001fb1   Thumb Code     2  stm32f4xx_hal_tim.o(i.HAL_TIM_PWM_PulseFinishedCallback)
    HAL_TIM_PeriodElapsedCallback            0x08001fb3   Thumb Code     2  stm32f4xx_hal_tim.o(i.HAL_TIM_PeriodElapsedCallback)
    HAL_TIM_TriggerCallback                  0x08001fb5   Thumb Code     2  stm32f4xx_hal_tim.o(i.HAL_TIM_TriggerCallback)
    HAL_UARTEx_RxEventCallback               0x08001fb7   Thumb Code     2  stm32f4xx_hal_uart.o(i.HAL_UARTEx_RxEventCallback)
    HAL_UART_ErrorCallback                   0x08001fb9   Thumb Code     2  stm32f4xx_hal_uart.o(i.HAL_UART_ErrorCallback)
    HAL_UART_IRQHandler                      0x08001fbd   Thumb Code   618  stm32f4xx_hal_uart.o(i.HAL_UART_IRQHandler)
    HAL_UART_Init                            0x0800222d   Thumb Code   100  stm32f4xx_hal_uart.o(i.HAL_UART_Init)
    HAL_UART_MspInit                         0x08002291   Thumb Code   276  stm32f4xx_hal_msp.o(i.HAL_UART_MspInit)
    HAL_UART_Receive_IT                      0x080023c5   Thumb Code    28  stm32f4xx_hal_uart.o(i.HAL_UART_Receive_IT)
    HAL_UART_RxCpltCallback                  0x080023e1   Thumb Code    24  main.o(i.HAL_UART_RxCpltCallback)
    HAL_UART_TxCpltCallback                  0x08002401   Thumb Code     2  stm32f4xx_hal_uart.o(i.HAL_UART_TxCpltCallback)
    HardFault_Handler                        0x08002403   Thumb Code     2  stm32f4xx_it.o(i.HardFault_Handler)
    Joystick_Reception                       0x08002405   Thumb Code    58  main.o(i.Joystick_Reception)
    KMPHtoRPS                                0x08002445   Thumb Code    34  main.o(i.KMPHtoRPS)
    Macro_Controls                           0x0800267d   Thumb Code   104  main.o(i.Macro_Controls)
    MemManage_Handler                        0x080026ed   Thumb Code     2  stm32f4xx_it.o(i.MemManage_Handler)
    NMI_Handler                              0x080026ef   Thumb Code     2  stm32f4xx_it.o(i.NMI_Handler)
    New_Drive_Controls                       0x080026f1   Thumb Code   338  main.o(i.New_Drive_Controls)
    PendSV_Handler                           0x08002851   Thumb Code     2  stm32f4xx_it.o(i.PendSV_Handler)
    SVC_Handler                              0x08002853   Thumb Code     2  stm32f4xx_it.o(i.SVC_Handler)
    Set_Motor_Position                       0x08002855   Thumb Code    10  main.o(i.Set_Motor_Position)
    Set_Motor_Torque                         0x0800285f   Thumb Code    24  main.o(i.Set_Motor_Torque)
    Set_Motor_Velocity                       0x08002877   Thumb Code    10  main.o(i.Set_Motor_Velocity)
    Start_Calibration_For                    0x08002881   Thumb Code    52  main.o(i.Start_Calibration_For)
    Steering_Controls                        0x080028bd   Thumb Code   754  main.o(i.Steering_Controls)
    SysTick_Handler                          0x08002c1d   Thumb Code     4  stm32f4xx_it.o(i.SysTick_Handler)
    SystemClock_Config                       0x08002c21   Thumb Code   140  main.o(i.SystemClock_Config)
    SystemInit                               0x08002cb5   Thumb Code    12  system_stm32f4xx.o(i.SystemInit)
    TIM8_TRG_COM_TIM14_IRQHandler            0x08002cc5   Thumb Code     6  stm32f4xx_it.o(i.TIM8_TRG_COM_TIM14_IRQHandler)
    TIM_Base_SetConfig                       0x08002cd1   Thumb Code   170  stm32f4xx_hal_tim.o(i.TIM_Base_SetConfig)
    Transmit_Motor_Torque                    0x08002da9   Thumb Code   154  main.o(i.Transmit_Motor_Torque)
    UART4_IRQHandler                         0x08002e4d   Thumb Code     6  stm32f4xx_it.o(i.UART4_IRQHandler)
    UART5_IRQHandler                         0x08002e59   Thumb Code     6  stm32f4xx_it.o(i.UART5_IRQHandler)
    UART_Start_Receive_IT                    0x08003091   Thumb Code    54  stm32f4xx_hal_uart.o(i.UART_Start_Receive_IT)
    UsageFault_Handler                       0x080030c7   Thumb Code     2  stm32f4xx_it.o(i.UsageFault_Handler)
    __ARM_fpclassify                         0x080030c9   Thumb Code    48  fpclassify.o(i.__ARM_fpclassify)
    __hardfp_round                           0x08003119   Thumb Code   194  round.o(i.__hardfp_round)
    __hardfp_sin                             0x080031f9   Thumb Code   180  sin.o(i.__hardfp_sin)
    __hardfp_tan                             0x080032c1   Thumb Code   108  tan.o(i.__hardfp_tan)
    __ieee754_rem_pio2                       0x08003341   Thumb Code   938  rred.o(i.__ieee754_rem_pio2)
    __kernel_cos                             0x08003779   Thumb Code   322  cos_i.o(i.__kernel_cos)
    __kernel_poly                            0x080038e9   Thumb Code   248  poly.o(i.__kernel_poly)
    __kernel_sin                             0x080039e1   Thumb Code   280  sin_i.o(i.__kernel_sin)
    __kernel_tan                             0x08003b11   Thumb Code   764  tan_i.o(i.__kernel_tan)
    __mathlib_dbl_infnan                     0x08003e61   Thumb Code    20  dunder.o(i.__mathlib_dbl_infnan)
    __mathlib_dbl_invalid                    0x08003e79   Thumb Code    24  dunder.o(i.__mathlib_dbl_invalid)
    __mathlib_dbl_underflow                  0x08003e99   Thumb Code    24  dunder.o(i.__mathlib_dbl_underflow)
    convertRawDataToFloat                    0x08003eb9   Thumb Code    22  main.o(i.convertRawDataToFloat)
    fabs                                     0x08003ecf   Thumb Code    24  fabs.o(i.fabs)
    main                                     0x08003ee9   Thumb Code   278  main.o(i.main)
    __aeabi_dneg                             0x0800401d   Thumb Code     0  basic.o(x$fpl$basic)
    _dneg                                    0x0800401d   Thumb Code     6  basic.o(x$fpl$basic)
    __aeabi_fneg                             0x08004023   Thumb Code     0  basic.o(x$fpl$basic)
    _fneg                                    0x08004023   Thumb Code     6  basic.o(x$fpl$basic)
    _dabs                                    0x08004029   Thumb Code     6  basic.o(x$fpl$basic)
    _fabs                                    0x0800402f   Thumb Code     6  basic.o(x$fpl$basic)
    __aeabi_d2f                              0x08004035   Thumb Code     0  d2f.o(x$fpl$d2f)
    _d2f                                     0x08004035   Thumb Code    98  d2f.o(x$fpl$d2f)
    __aeabi_dadd                             0x08004099   Thumb Code     0  daddsub_clz.o(x$fpl$dadd)
    _dadd                                    0x08004099   Thumb Code   332  daddsub_clz.o(x$fpl$dadd)
    __fpl_dcmp_Inf                           0x080041e9   Thumb Code    24  dcmpi.o(x$fpl$dcmpinf)
    __aeabi_ddiv                             0x08004201   Thumb Code     0  ddiv.o(x$fpl$ddiv)
    _ddiv                                    0x08004201   Thumb Code   552  ddiv.o(x$fpl$ddiv)
    __aeabi_d2iz                             0x080044b1   Thumb Code     0  dfix.o(x$fpl$dfix)
    _dfix                                    0x080044b1   Thumb Code    94  dfix.o(x$fpl$dfix)
    __aeabi_i2d                              0x0800450f   Thumb Code     0  dflt_clz.o(x$fpl$dflt)
    _dflt                                    0x0800450f   Thumb Code    46  dflt_clz.o(x$fpl$dflt)
    __aeabi_ui2d                             0x0800453d   Thumb Code     0  dflt_clz.o(x$fpl$dfltu)
    _dfltu                                   0x0800453d   Thumb Code    38  dflt_clz.o(x$fpl$dfltu)
    __aeabi_cdcmple                          0x08004565   Thumb Code     0  dleqf.o(x$fpl$dleqf)
    _dcmple                                  0x08004565   Thumb Code   120  dleqf.o(x$fpl$dleqf)
    __fpl_dcmple_InfNaN                      0x080045c7   Thumb Code     0  dleqf.o(x$fpl$dleqf)
    __aeabi_dmul                             0x080045dd   Thumb Code     0  dmul.o(x$fpl$dmul)
    _dmul                                    0x080045dd   Thumb Code   332  dmul.o(x$fpl$dmul)
    __fpl_dnaninf                            0x08004731   Thumb Code   156  dnaninf.o(x$fpl$dnaninf)
    __fpl_dretinf                            0x080047cd   Thumb Code    12  dretinf.o(x$fpl$dretinf)
    __aeabi_cdrcmple                         0x080047d9   Thumb Code     0  drleqf.o(x$fpl$drleqf)
    _drcmple                                 0x080047d9   Thumb Code   108  drleqf.o(x$fpl$drleqf)
    _drnd                                    0x08004845   Thumb Code   180  drnd.o(x$fpl$drnd)
    __aeabi_drsub                            0x080048f9   Thumb Code     0  daddsub_clz.o(x$fpl$drsb)
    _drsb                                    0x080048f9   Thumb Code    22  daddsub_clz.o(x$fpl$drsb)
    __aeabi_dsub                             0x08004911   Thumb Code     0  daddsub_clz.o(x$fpl$dsub)
    _dsub                                    0x08004911   Thumb Code   464  daddsub_clz.o(x$fpl$dsub)
    __aeabi_f2d                              0x08004ae5   Thumb Code     0  f2d.o(x$fpl$f2d)
    _f2d                                     0x08004ae5   Thumb Code    86  f2d.o(x$fpl$f2d)
    __fpl_fnaninf                            0x08004b3b   Thumb Code   140  fnaninf.o(x$fpl$fnaninf)
    _fp_init                                 0x08004bc7   Thumb Code    10  fpinit.o(x$fpl$fpinit)
    __fplib_config_fpu_vfp                   0x08004bcf   Thumb Code     0  fpinit.o(x$fpl$fpinit)
    __fplib_config_pureend_doubles           0x08004bcf   Thumb Code     0  fpinit.o(x$fpl$fpinit)
    __fpl_fretinf                            0x08004bd1   Thumb Code    10  fretinf.o(x$fpl$fretinf)
    __I$use$fp                               0x08004bda   Number         0  usenofp.o(x$fpl$usenofp)
    AHBPrescTable                            0x08004be2   Data          16  system_stm32f4xx.o(.constdata)
    APBPrescTable                            0x08004bf2   Data           8  system_stm32f4xx.o(.constdata)
    Region$$Table$$Base                      0x08004d80   Number         0  anon$$obj.o(Region$$Table)
    Region$$Table$$Limit                     0x08004da0   Number         0  anon$$obj.o(Region$$Table)
    Received_Node_Id                         0x20000000   Data           1  main.o(.data)
    Received_Command_Id                      0x20000001   Data           1  main.o(.data)
    Mode                                     0x20000002   Data           1  main.o(.data)
    Speed                                    0x20000003   Data           1  main.o(.data)
    Joystick                                 0x20000004   Data           1  main.o(.data)
    Steering_Mode                            0x20000005   Data           1  main.o(.data)
    Shearing                                 0x20000006   Data           1  main.o(.data)
    Pot_Angle                                0x20000007   Data           1  main.o(.data)
    Joystick_Temp                            0x20000008   Data           1  main.o(.data)
    Buzzer_Acivated                          0x20000009   Data           1  main.o(.data)
    Left_IMU_State                           0x2000000a   Data           1  main.o(.data)
    Left_Vel_Limit                           0x2000000b   Data           1  main.o(.data)
    Right_Vel_Limit                          0x2000000c   Data           1  main.o(.data)
    Prev_Left_Vel_Limit                      0x2000000d   Data           1  main.o(.data)
    Prev_Right_Vel_Limit                     0x2000000e   Data           1  main.o(.data)
    Left_Transmit_Vel                        0x2000000f   Data           1  main.o(.data)
    Right_Transmit_Vel                       0x20000010   Data           1  main.o(.data)
    node_id_BLE                              0x20000011   Data           1  main.o(.data)
    command_id_BLE                           0x20000012   Data           1  main.o(.data)
    BT_Count                                 0x20000014   Data           2  main.o(.data)
    Left_IMU_Node                            0x20000016   Data           2  main.o(.data)
    Left_Encoder_Node                        0x20000018   Data           2  main.o(.data)
    Right_Encoder_Node                       0x2000001a   Data           2  main.o(.data)
    CAN_Count                                0x2000001c   Data           4  main.o(.data)
    Macro_Speed                              0x20000020   Data           4  main.o(.data)
    Macro_Speed_Temp                         0x20000024   Data           4  main.o(.data)
    Wheel_Torque                             0x20000028   Data           4  main.o(.data)
    Vel_Limit                                0x2000002c   Data           4  main.o(.data)
    Torque                                   0x20000030   Data           4  main.o(.data)
    Torque_Temp                              0x20000034   Data           4  main.o(.data)
    Left_Encoder                             0x20000038   Data           4  main.o(.data)
    Right_Encoder                            0x2000003c   Data           4  main.o(.data)
    Left_Steering_Speed                      0x20000040   Data           4  main.o(.data)
    Right_Steering_Speed                     0x20000044   Data           4  main.o(.data)
    Left_Frame_Speed                         0x20000048   Data           4  main.o(.data)
    Right_Turn_Radius                        0x2000004c   Data           4  main.o(.data)
    Chord_Dist                               0x20000050   Data           4  main.o(.data)
    Turning_Radius                           0x20000054   Data           4  main.o(.data)
    Right_Motor_Position                     0x20000058   Data           4  main.o(.data)
    Right_Front_Steer_Pos                    0x2000005c   Data           4  main.o(.data)
    Right_Rear_Steer_Pos                     0x20000060   Data           4  main.o(.data)
    Right_Front_Steer_Pos_Temp               0x20000064   Data           4  main.o(.data)
    Right_Rear_Steer_Pos_Temp                0x20000068   Data           4  main.o(.data)
    TxMailbox                                0x2000006c   Data           4  main.o(.data)
    Left_roll_value                          0x20000070   Data           4  main.o(.data)
    Left_pitch_value                         0x20000074   Data           4  main.o(.data)
    Right_roll_value                         0x20000078   Data           4  main.o(.data)
    Right_pitch_value                        0x2000007c   Data           4  main.o(.data)
    Right_Steer_Angle                        0x20000080   Data           8  main.o(.data)
    TimeTaken                                0x20000088   Data           8  main.o(.data)
    Inner_Speed                              0x20000090   Data           8  main.o(.data)
    Outer_Speed                              0x20000098   Data           8  main.o(.data)
    Mean_kmph                                0x200000a0   Data           8  main.o(.data)
    BT_Rx                                    0x200000a8   Data           8  main.o(.data)
    TxData                                   0x200000b0   Data           8  main.o(.data)
    RxData2                                  0x200000b8   Data           8  main.o(.data)
    RxBuff                                   0x200000c0   Data           8  main.o(.data)
    uwTickFreq                               0x200000cc   Data           1  stm32f4xx_hal.o(.data)
    uwTickPrio                               0x200000d0   Data           4  stm32f4xx_hal.o(.data)
    uwTick                                   0x200000d4   Data           4  stm32f4xx_hal.o(.data)
    SystemCoreClock                          0x200000d8   Data           4  system_stm32f4xx.o(.data)
    hcan1                                    0x200000dc   Data          40  main.o(.bss)
    hcan2                                    0x20000104   Data          40  main.o(.bss)
    hspi1                                    0x2000012c   Data          88  main.o(.bss)
    htim14                                   0x20000184   Data          72  main.o(.bss)
    huart4                                   0x200001cc   Data          72  main.o(.bss)
    huart5                                   0x20000214   Data          72  main.o(.bss)
    TxHeader                                 0x2000025c   Data          24  main.o(.bss)
    RxHeader2                                0x20000274   Data          28  main.o(.bss)
    Node_Id                                  0x20000290   Data          23  main.o(.bss)
    Sensor_Id                                0x200002a7   Data          10  main.o(.bss)
    Axis_State                               0x200002b1   Data          20  main.o(.bss)
    Motor_Velocity                           0x200002c8   Data          80  main.o(.bss)
    Absolute_Position                        0x20000318   Data          80  main.o(.bss)
    Absolute_Position_Int                    0x20000368   Data          40  main.o(.bss)
    hdma_uart5_tx                            0x20000390   Data          96  main.o(.bss)
    __libspace_start                         0x200003f0   Data          96  libspace.o(.bss)
    __temporary_stack_top$libspace           0x20000450   Data           0  libspace.o(.bss)



==============================================================================

Memory Map of the image

  Image Entry point : 0x080001c5

  Load Region LR_IROM1 (Base: 0x08000000, Size: 0x00004e7c, Max: 0x00080000, ABSOLUTE)

    Execution Region ER_IROM1 (Exec base: 0x08000000, Load base: 0x08000000, Size: 0x00004da0, Max: 0x00080000, ABSOLUTE)

    Exec Addr    Load Addr    Size         Type   Attr      Idx    E Section Name        Object

    0x08000000   0x08000000   0x000001c4   Data   RO            3    RESET               startup_stm32f446xx.o
    0x080001c4   0x080001c4   0x00000008   Code   RO         3747  * !!!main             c_w.l(__main.o)
    0x080001cc   0x080001cc   0x00000034   Code   RO         4040    !!!scatter          c_w.l(__scatter.o)
    0x08000200   0x08000200   0x0000001a   Code   RO         4042    !!handler_copy      c_w.l(__scatter_copy.o)
    0x0800021a   0x0800021a   0x00000002   PAD
    0x0800021c   0x0800021c   0x0000001c   Code   RO         4044    !!handler_zi        c_w.l(__scatter_zi.o)
    0x08000238   0x08000238   0x00000002   Code   RO         3911    .ARM.Collect$$libinit$$00000000  c_w.l(libinit.o)
    0x0800023a   0x0800023a   0x00000004   Code   RO         3920    .ARM.Collect$$libinit$$00000001  c_w.l(libinit2.o)
    0x0800023e   0x0800023e   0x00000000   Code   RO         3923    .ARM.Collect$$libinit$$00000004  c_w.l(libinit2.o)
    0x0800023e   0x0800023e   0x00000000   Code   RO         3926    .ARM.Collect$$libinit$$0000000A  c_w.l(libinit2.o)
    0x0800023e   0x0800023e   0x00000000   Code   RO         3928    .ARM.Collect$$libinit$$0000000C  c_w.l(libinit2.o)
    0x0800023e   0x0800023e   0x00000000   Code   RO         3930    .ARM.Collect$$libinit$$0000000E  c_w.l(libinit2.o)
    0x0800023e   0x0800023e   0x00000000   Code   RO         3933    .ARM.Collect$$libinit$$00000011  c_w.l(libinit2.o)
    0x0800023e   0x0800023e   0x00000000   Code   RO         3935    .ARM.Collect$$libinit$$00000013  c_w.l(libinit2.o)
    0x0800023e   0x0800023e   0x00000000   Code   RO         3937    .ARM.Collect$$libinit$$00000015  c_w.l(libinit2.o)
    0x0800023e   0x0800023e   0x00000000   Code   RO         3939    .ARM.Collect$$libinit$$00000017  c_w.l(libinit2.o)
    0x0800023e   0x0800023e   0x00000000   Code   RO         3941    .ARM.Collect$$libinit$$00000019  c_w.l(libinit2.o)
    0x0800023e   0x0800023e   0x00000000   Code   RO         3943    .ARM.Collect$$libinit$$0000001B  c_w.l(libinit2.o)
    0x0800023e   0x0800023e   0x00000000   Code   RO         3945    .ARM.Collect$$libinit$$0000001D  c_w.l(libinit2.o)
    0x0800023e   0x0800023e   0x00000000   Code   RO         3947    .ARM.Collect$$libinit$$0000001F  c_w.l(libinit2.o)
    0x0800023e   0x0800023e   0x00000000   Code   RO         3949    .ARM.Collect$$libinit$$00000021  c_w.l(libinit2.o)
    0x0800023e   0x0800023e   0x00000000   Code   RO         3951    .ARM.Collect$$libinit$$00000023  c_w.l(libinit2.o)
    0x0800023e   0x0800023e   0x00000000   Code   RO         3953    .ARM.Collect$$libinit$$00000025  c_w.l(libinit2.o)
    0x0800023e   0x0800023e   0x00000000   Code   RO         3957    .ARM.Collect$$libinit$$0000002C  c_w.l(libinit2.o)
    0x0800023e   0x0800023e   0x00000000   Code   RO         3959    .ARM.Collect$$libinit$$0000002E  c_w.l(libinit2.o)
    0x0800023e   0x0800023e   0x00000000   Code   RO         3961    .ARM.Collect$$libinit$$00000030  c_w.l(libinit2.o)
    0x0800023e   0x0800023e   0x00000000   Code   RO         3963    .ARM.Collect$$libinit$$00000032  c_w.l(libinit2.o)
    0x0800023e   0x0800023e   0x00000002   Code   RO         3964    .ARM.Collect$$libinit$$00000033  c_w.l(libinit2.o)
    0x08000240   0x08000240   0x00000002   Code   RO         3995    .ARM.Collect$$libshutdown$$00000000  c_w.l(libshutdown.o)
    0x08000242   0x08000242   0x00000000   Code   RO         4021    .ARM.Collect$$libshutdown$$00000002  c_w.l(libshutdown2.o)
    0x08000242   0x08000242   0x00000000   Code   RO         4023    .ARM.Collect$$libshutdown$$00000004  c_w.l(libshutdown2.o)
    0x08000242   0x08000242   0x00000000   Code   RO         4025    .ARM.Collect$$libshutdown$$00000006  c_w.l(libshutdown2.o)
    0x08000242   0x08000242   0x00000000   Code   RO         4028    .ARM.Collect$$libshutdown$$00000009  c_w.l(libshutdown2.o)
    0x08000242   0x08000242   0x00000000   Code   RO         4031    .ARM.Collect$$libshutdown$$0000000C  c_w.l(libshutdown2.o)
    0x08000242   0x08000242   0x00000000   Code   RO         4033    .ARM.Collect$$libshutdown$$0000000E  c_w.l(libshutdown2.o)
    0x08000242   0x08000242   0x00000000   Code   RO         4036    .ARM.Collect$$libshutdown$$00000011  c_w.l(libshutdown2.o)
    0x08000242   0x08000242   0x00000002   Code   RO         4037    .ARM.Collect$$libshutdown$$00000012  c_w.l(libshutdown2.o)
    0x08000244   0x08000244   0x00000000   Code   RO         3803    .ARM.Collect$$rtentry$$00000000  c_w.l(__rtentry.o)
    0x08000244   0x08000244   0x00000000   Code   RO         3862    .ARM.Collect$$rtentry$$00000002  c_w.l(__rtentry2.o)
    0x08000244   0x08000244   0x00000006   Code   RO         3874    .ARM.Collect$$rtentry$$00000004  c_w.l(__rtentry4.o)
    0x0800024a   0x0800024a   0x00000000   Code   RO         3864    .ARM.Collect$$rtentry$$00000009  c_w.l(__rtentry2.o)
    0x0800024a   0x0800024a   0x00000004   Code   RO         3865    .ARM.Collect$$rtentry$$0000000A  c_w.l(__rtentry2.o)
    0x0800024e   0x0800024e   0x00000000   Code   RO         3867    .ARM.Collect$$rtentry$$0000000C  c_w.l(__rtentry2.o)
    0x0800024e   0x0800024e   0x00000008   Code   RO         3868    .ARM.Collect$$rtentry$$0000000D  c_w.l(__rtentry2.o)
    0x08000256   0x08000256   0x00000002   Code   RO         3912    .ARM.Collect$$rtexit$$00000000  c_w.l(rtexit.o)
    0x08000258   0x08000258   0x00000000   Code   RO         3968    .ARM.Collect$$rtexit$$00000002  c_w.l(rtexit2.o)
    0x08000258   0x08000258   0x00000004   Code   RO         3969    .ARM.Collect$$rtexit$$00000003  c_w.l(rtexit2.o)
    0x0800025c   0x0800025c   0x00000006   Code   RO         3970    .ARM.Collect$$rtexit$$00000004  c_w.l(rtexit2.o)
    0x08000262   0x08000262   0x00000002   PAD
    0x08000264   0x08000264   0x00000040   Code   RO            4    .text               startup_stm32f446xx.o
    0x080002a4   0x080002a4   0x000000ee   Code   RO         3739    .text               c_w.l(lludivv7m.o)
    0x08000392   0x08000392   0x00000064   Code   RO         3741    .text               c_w.l(rt_memcpy_w.o)
    0x080003f6   0x080003f6   0x0000004e   Code   RO         3743    .text               c_w.l(rt_memclr_w.o)
    0x08000444   0x08000444   0x00000006   Code   RO         3745    .text               c_w.l(heapauxi.o)
    0x0800044a   0x0800044a   0x00000016   Code   RO         3808    .text               c_w.l(_rserrno.o)
    0x08000460   0x08000460   0x00000008   Code   RO         3881    .text               c_w.l(rt_errno_addr_intlibspace.o)
    0x08000468   0x08000468   0x00000008   Code   RO         3895    .text               c_w.l(libspace.o)
    0x08000470   0x08000470   0x0000004a   Code   RO         3898    .text               c_w.l(sys_stackheap_outer.o)
    0x080004ba   0x080004ba   0x00000012   Code   RO         3900    .text               c_w.l(exit.o)
    0x080004cc   0x080004cc   0x0000000c   Code   RO         3965    .text               c_w.l(sys_exit.o)
    0x080004d8   0x080004d8   0x00000002   Code   RO         3984    .text               c_w.l(use_no_semi.o)
    0x080004da   0x080004da   0x00000000   Code   RO         3986    .text               c_w.l(indicate_semi.o)
    0x080004da   0x080004da   0x00000002   PAD
    0x080004dc   0x080004dc   0x00000028   Code   RO           13    i.Absolute_Position_Reception  main.o
    0x08000504   0x08000504   0x00000002   Code   RO          371    i.BusFault_Handler  stm32f4xx_it.o
    0x08000506   0x08000506   0x00000002   PAD
    0x08000508   0x08000508   0x0000000c   Code   RO          372    i.CAN1_RX0_IRQHandler  stm32f4xx_it.o
    0x08000514   0x08000514   0x0000000c   Code   RO          373    i.CAN1_RX1_IRQHandler  stm32f4xx_it.o
    0x08000520   0x08000520   0x0000000c   Code   RO          374    i.CAN2_RX0_IRQHandler  stm32f4xx_it.o
    0x0800052c   0x0800052c   0x0000000c   Code   RO          375    i.CAN2_RX1_IRQHandler  stm32f4xx_it.o
    0x08000538   0x08000538   0x00000038   Code   RO           14    i.CAN_Reception     main.o
    0x08000570   0x08000570   0x00000104   Code   RO           15    i.CAN_Transmit      main.o
    0x08000674   0x08000674   0x0000000c   Code   RO          376    i.DMA1_Stream7_IRQHandler  stm32f4xx_it.o
    0x08000680   0x08000680   0x00000028   Code   RO         1347    i.DMA_CalcBaseAndBitshift  stm32f4xx_hal_dma.o
    0x080006a8   0x080006a8   0x00000054   Code   RO         1348    i.DMA_CheckFifoParam  stm32f4xx_hal_dma.o
    0x080006fc   0x080006fc   0x00000002   Code   RO          377    i.DebugMon_Handler  stm32f4xx_it.o
    0x080006fe   0x080006fe   0x00000002   PAD
    0x08000700   0x08000700   0x0000006c   Code   RO           16    i.Error_Handler     main.o
    0x0800076c   0x0800076c   0x00000024   Code   RO          571    i.HAL_CAN_ActivateNotification  stm32f4xx_hal_can.o
    0x08000790   0x08000790   0x000000d0   Code   RO          572    i.HAL_CAN_AddTxMessage  stm32f4xx_hal_can.o
    0x08000860   0x08000860   0x0000010c   Code   RO          573    i.HAL_CAN_ConfigFilter  stm32f4xx_hal_can.o
    0x0800096c   0x0800096c   0x00000002   Code   RO          576    i.HAL_CAN_ErrorCallback  stm32f4xx_hal_can.o
    0x0800096e   0x0800096e   0x000000f4   Code   RO          579    i.HAL_CAN_GetRxMessage  stm32f4xx_hal_can.o
    0x08000a62   0x08000a62   0x000001fc   Code   RO          583    i.HAL_CAN_IRQHandler  stm32f4xx_hal_can.o
    0x08000c5e   0x08000c5e   0x0000011a   Code   RO          584    i.HAL_CAN_Init      stm32f4xx_hal_can.o
    0x08000d78   0x08000d78   0x00000120   Code   RO          496    i.HAL_CAN_MspInit   stm32f4xx_hal_msp.o
    0x08000e98   0x08000e98   0x00000002   Code   RO          591    i.HAL_CAN_RxFifo0FullCallback  stm32f4xx_hal_can.o
    0x08000e9a   0x08000e9a   0x00000002   Code   RO          592    i.HAL_CAN_RxFifo0MsgPendingCallback  stm32f4xx_hal_can.o
    0x08000e9c   0x08000e9c   0x00000002   Code   RO          593    i.HAL_CAN_RxFifo1FullCallback  stm32f4xx_hal_can.o
    0x08000e9e   0x08000e9e   0x00000002   PAD
    0x08000ea0   0x08000ea0   0x00000104   Code   RO           17    i.HAL_CAN_RxFifo1MsgPendingCallback  main.o
    0x08000fa4   0x08000fa4   0x00000002   Code   RO          595    i.HAL_CAN_SleepCallback  stm32f4xx_hal_can.o
    0x08000fa6   0x08000fa6   0x00000002   PAD
    0x08000fa8   0x08000fa8   0x00000058   Code   RO          596    i.HAL_CAN_Start     stm32f4xx_hal_can.o
    0x08001000   0x08001000   0x00000002   Code   RO          598    i.HAL_CAN_TxMailbox0AbortCallback  stm32f4xx_hal_can.o
    0x08001002   0x08001002   0x00000002   Code   RO          599    i.HAL_CAN_TxMailbox0CompleteCallback  stm32f4xx_hal_can.o
    0x08001004   0x08001004   0x00000002   Code   RO          600    i.HAL_CAN_TxMailbox1AbortCallback  stm32f4xx_hal_can.o
    0x08001006   0x08001006   0x00000002   Code   RO          601    i.HAL_CAN_TxMailbox1CompleteCallback  stm32f4xx_hal_can.o
    0x08001008   0x08001008   0x00000002   Code   RO          602    i.HAL_CAN_TxMailbox2AbortCallback  stm32f4xx_hal_can.o
    0x0800100a   0x0800100a   0x00000002   Code   RO          603    i.HAL_CAN_TxMailbox2CompleteCallback  stm32f4xx_hal_can.o
    0x0800100c   0x0800100c   0x00000002   Code   RO          605    i.HAL_CAN_WakeUpFromRxMsgCallback  stm32f4xx_hal_can.o
    0x0800100e   0x0800100e   0x00000092   Code   RO         1350    i.HAL_DMA_Abort     stm32f4xx_hal_dma.o
    0x080010a0   0x080010a0   0x00000024   Code   RO         1351    i.HAL_DMA_Abort_IT  stm32f4xx_hal_dma.o
    0x080010c4   0x080010c4   0x000001a0   Code   RO         1355    i.HAL_DMA_IRQHandler  stm32f4xx_hal_dma.o
    0x08001264   0x08001264   0x000000d4   Code   RO         1356    i.HAL_DMA_Init      stm32f4xx_hal_dma.o
    0x08001338   0x08001338   0x00000024   Code   RO         1793    i.HAL_Delay         stm32f4xx_hal.o
    0x0800135c   0x0800135c   0x000001dc   Code   RO         1243    i.HAL_GPIO_Init     stm32f4xx_hal_gpio.o
    0x08001538   0x08001538   0x0000000a   Code   RO         1247    i.HAL_GPIO_WritePin  stm32f4xx_hal_gpio.o
    0x08001542   0x08001542   0x00000002   PAD
    0x08001544   0x08001544   0x0000000c   Code   RO         1799    i.HAL_GetTick       stm32f4xx_hal.o
    0x08001550   0x08001550   0x00000010   Code   RO         1805    i.HAL_IncTick       stm32f4xx_hal.o
    0x08001560   0x08001560   0x00000034   Code   RO         1806    i.HAL_Init          stm32f4xx_hal.o
    0x08001594   0x08001594   0x00000040   Code   RO         1807    i.HAL_InitTick      stm32f4xx_hal.o
    0x080015d4   0x080015d4   0x00000030   Code   RO          497    i.HAL_MspInit       stm32f4xx_hal_msp.o
    0x08001604   0x08001604   0x0000001a   Code   RO         1651    i.HAL_NVIC_EnableIRQ  stm32f4xx_hal_cortex.o
    0x0800161e   0x0800161e   0x00000002   PAD
    0x08001620   0x08001620   0x00000040   Code   RO         1657    i.HAL_NVIC_SetPriority  stm32f4xx_hal_cortex.o
    0x08001660   0x08001660   0x00000024   Code   RO         1658    i.HAL_NVIC_SetPriorityGrouping  stm32f4xx_hal_cortex.o
    0x08001684   0x08001684   0x00000070   Code   RO         1579    i.HAL_PWREx_EnableOverDrive  stm32f4xx_hal_pwr_ex.o
    0x080016f4   0x080016f4   0x00000134   Code   RO          805    i.HAL_RCC_ClockConfig  stm32f4xx_hal_rcc.o
    0x08001828   0x08001828   0x00000020   Code   RO          812    i.HAL_RCC_GetPCLK1Freq  stm32f4xx_hal_rcc.o
    0x08001848   0x08001848   0x00000020   Code   RO          813    i.HAL_RCC_GetPCLK2Freq  stm32f4xx_hal_rcc.o
    0x08001868   0x08001868   0x00000094   Code   RO          916    i.HAL_RCC_GetSysClockFreq  stm32f4xx_hal_rcc_ex.o
    0x080018fc   0x080018fc   0x00000398   Code   RO          917    i.HAL_RCC_OscConfig  stm32f4xx_hal_rcc_ex.o
    0x08001c94   0x08001c94   0x000000bc   Code   RO         2055    i.HAL_SPI_Init      stm32f4xx_hal_spi.o
    0x08001d50   0x08001d50   0x00000068   Code   RO          499    i.HAL_SPI_MspInit   stm32f4xx_hal_msp.o
    0x08001db8   0x08001db8   0x00000028   Code   RO         1662    i.HAL_SYSTICK_Config  stm32f4xx_hal_cortex.o
    0x08001de0   0x08001de0   0x00000002   Code   RO         3072    i.HAL_TIMEx_BreakCallback  stm32f4xx_hal_tim_ex.o
    0x08001de2   0x08001de2   0x00000002   Code   RO         3073    i.HAL_TIMEx_CommutCallback  stm32f4xx_hal_tim_ex.o
    0x08001de4   0x08001de4   0x0000005a   Code   RO         2368    i.HAL_TIM_Base_Init  stm32f4xx_hal_tim.o
    0x08001e3e   0x08001e3e   0x00000002   PAD
    0x08001e40   0x08001e40   0x0000003c   Code   RO          501    i.HAL_TIM_Base_MspInit  stm32f4xx_hal_msp.o
    0x08001e7c   0x08001e7c   0x00000002   Code   RO         2402    i.HAL_TIM_IC_CaptureCallback  stm32f4xx_hal_tim.o
    0x08001e7e   0x08001e7e   0x00000130   Code   RO         2416    i.HAL_TIM_IRQHandler  stm32f4xx_hal_tim.o
    0x08001fae   0x08001fae   0x00000002   Code   RO         2419    i.HAL_TIM_OC_DelayElapsedCallback  stm32f4xx_hal_tim.o
    0x08001fb0   0x08001fb0   0x00000002   Code   RO         2446    i.HAL_TIM_PWM_PulseFinishedCallback  stm32f4xx_hal_tim.o
    0x08001fb2   0x08001fb2   0x00000002   Code   RO         2454    i.HAL_TIM_PeriodElapsedCallback  stm32f4xx_hal_tim.o
    0x08001fb4   0x08001fb4   0x00000002   Code   RO         2459    i.HAL_TIM_TriggerCallback  stm32f4xx_hal_tim.o
    0x08001fb6   0x08001fb6   0x00000002   Code   RO         3351    i.HAL_UARTEx_RxEventCallback  stm32f4xx_hal_uart.o
    0x08001fb8   0x08001fb8   0x00000002   Code   RO         3365    i.HAL_UART_ErrorCallback  stm32f4xx_hal_uart.o
    0x08001fba   0x08001fba   0x00000002   PAD
    0x08001fbc   0x08001fbc   0x00000270   Code   RO         3368    i.HAL_UART_IRQHandler  stm32f4xx_hal_uart.o
    0x0800222c   0x0800222c   0x00000064   Code   RO         3369    i.HAL_UART_Init     stm32f4xx_hal_uart.o
    0x08002290   0x08002290   0x00000134   Code   RO          503    i.HAL_UART_MspInit  stm32f4xx_hal_msp.o
    0x080023c4   0x080023c4   0x0000001c   Code   RO         3374    i.HAL_UART_Receive_IT  stm32f4xx_hal_uart.o
    0x080023e0   0x080023e0   0x00000020   Code   RO           18    i.HAL_UART_RxCpltCallback  main.o
    0x08002400   0x08002400   0x00000002   Code   RO         3380    i.HAL_UART_TxCpltCallback  stm32f4xx_hal_uart.o
    0x08002402   0x08002402   0x00000002   Code   RO          378    i.HardFault_Handler  stm32f4xx_it.o
    0x08002404   0x08002404   0x00000040   Code   RO           19    i.Joystick_Reception  main.o
    0x08002444   0x08002444   0x00000034   Code   RO           20    i.KMPHtoRPS         main.o
    0x08002478   0x08002478   0x00000064   Code   RO           21    i.MX_CAN1_Init      main.o
    0x080024dc   0x080024dc   0x00000064   Code   RO           22    i.MX_CAN2_Init      main.o
    0x08002540   0x08002540   0x000000fc   Code   RO           23    i.MX_GPIO_Init      main.o
    0x0800263c   0x0800263c   0x00000040   Code   RO           24    i.MX_SPI1_Init      main.o
    0x0800267c   0x0800267c   0x00000070   Code   RO           25    i.Macro_Controls    main.o
    0x080026ec   0x080026ec   0x00000002   Code   RO          379    i.MemManage_Handler  stm32f4xx_it.o
    0x080026ee   0x080026ee   0x00000002   Code   RO          380    i.NMI_Handler       stm32f4xx_it.o
    0x080026f0   0x080026f0   0x00000160   Code   RO           26    i.New_Drive_Controls  main.o
    0x08002850   0x08002850   0x00000002   Code   RO          381    i.PendSV_Handler    stm32f4xx_it.o
    0x08002852   0x08002852   0x00000002   Code   RO          382    i.SVC_Handler       stm32f4xx_it.o
    0x08002854   0x08002854   0x0000000a   Code   RO           28    i.Set_Motor_Position  main.o
    0x0800285e   0x0800285e   0x00000018   Code   RO           29    i.Set_Motor_Torque  main.o
    0x08002876   0x08002876   0x0000000a   Code   RO           30    i.Set_Motor_Velocity  main.o
    0x08002880   0x08002880   0x0000003c   Code   RO           31    i.Start_Calibration_For  main.o
    0x080028bc   0x080028bc   0x00000360   Code   RO           32    i.Steering_Controls  main.o
    0x08002c1c   0x08002c1c   0x00000004   Code   RO          383    i.SysTick_Handler   stm32f4xx_it.o
    0x08002c20   0x08002c20   0x00000094   Code   RO           33    i.SystemClock_Config  main.o
    0x08002cb4   0x08002cb4   0x00000010   Code   RO         3703    i.SystemInit        system_stm32f4xx.o
    0x08002cc4   0x08002cc4   0x0000000c   Code   RO          384    i.TIM8_TRG_COM_TIM14_IRQHandler  stm32f4xx_it.o
    0x08002cd0   0x08002cd0   0x000000d8   Code   RO         2461    i.TIM_Base_SetConfig  stm32f4xx_hal_tim.o
    0x08002da8   0x08002da8   0x000000a4   Code   RO           34    i.Transmit_Motor_Torque  main.o
    0x08002e4c   0x08002e4c   0x0000000c   Code   RO          385    i.UART4_IRQHandler  stm32f4xx_it.o
    0x08002e58   0x08002e58   0x0000000c   Code   RO          386    i.UART5_IRQHandler  stm32f4xx_it.o
    0x08002e64   0x08002e64   0x00000010   Code   RO         3382    i.UART_DMAAbortOnError  stm32f4xx_hal_uart.o
    0x08002e74   0x08002e74   0x0000004e   Code   RO         3392    i.UART_EndRxTransfer  stm32f4xx_hal_uart.o
    0x08002ec2   0x08002ec2   0x000000c2   Code   RO         3394    i.UART_Receive_IT   stm32f4xx_hal_uart.o
    0x08002f84   0x08002f84   0x0000010c   Code   RO         3395    i.UART_SetConfig    stm32f4xx_hal_uart.o
    0x08003090   0x08003090   0x00000036   Code   RO         3397    i.UART_Start_Receive_IT  stm32f4xx_hal_uart.o
    0x080030c6   0x080030c6   0x00000002   Code   RO          387    i.UsageFault_Handler  stm32f4xx_it.o
    0x080030c8   0x080030c8   0x00000030   Code   RO         3891    i.__ARM_fpclassify  m_wm.l(fpclassify.o)
    0x080030f8   0x080030f8   0x00000020   Code   RO         1664    i.__NVIC_SetPriority  stm32f4xx_hal_cortex.o
    0x08003118   0x08003118   0x000000e0   Code   RO         3775    i.__hardfp_round    m_wm.l(round.o)
    0x080031f8   0x080031f8   0x000000c8   Code   RO         3779    i.__hardfp_sin      m_wm.l(sin.o)
    0x080032c0   0x080032c0   0x00000080   Code   RO         3791    i.__hardfp_tan      m_wm.l(tan.o)
    0x08003340   0x08003340   0x00000438   Code   RO         3844    i.__ieee754_rem_pio2  m_wm.l(rred.o)
    0x08003778   0x08003778   0x00000170   Code   RO         3827    i.__kernel_cos      m_wm.l(cos_i.o)
    0x080038e8   0x080038e8   0x000000f8   Code   RO         3893    i.__kernel_poly     m_wm.l(poly.o)
    0x080039e0   0x080039e0   0x00000130   Code   RO         3849    i.__kernel_sin      m_wm.l(sin_i.o)
    0x08003b10   0x08003b10   0x00000350   Code   RO         3855    i.__kernel_tan      m_wm.l(tan_i.o)
    0x08003e60   0x08003e60   0x00000014   Code   RO         3831    i.__mathlib_dbl_infnan  m_wm.l(dunder.o)
    0x08003e74   0x08003e74   0x00000004   PAD
    0x08003e78   0x08003e78   0x00000020   Code   RO         3833    i.__mathlib_dbl_invalid  m_wm.l(dunder.o)
    0x08003e98   0x08003e98   0x00000020   Code   RO         3836    i.__mathlib_dbl_underflow  m_wm.l(dunder.o)
    0x08003eb8   0x08003eb8   0x00000016   Code   RO           36    i.convertRawDataToFloat  main.o
    0x08003ece   0x08003ece   0x00000018   Code   RO         3887    i.fabs              m_wm.l(fabs.o)
    0x08003ee6   0x08003ee6   0x00000002   PAD
    0x08003ee8   0x08003ee8   0x00000134   Code   RO           37    i.main              main.o
    0x0800401c   0x0800401c   0x00000018   Code   RO         3810    x$fpl$basic         fz_wm.l(basic.o)
    0x08004034   0x08004034   0x00000062   Code   RO         3749    x$fpl$d2f           fz_wm.l(d2f.o)
    0x08004096   0x08004096   0x00000002   PAD
    0x08004098   0x08004098   0x00000150   Code   RO         3751    x$fpl$dadd          fz_wm.l(daddsub_clz.o)
    0x080041e8   0x080041e8   0x00000018   Code   RO         3883    x$fpl$dcmpinf       fz_wm.l(dcmpi.o)
    0x08004200   0x08004200   0x000002b0   Code   RO         3758    x$fpl$ddiv          fz_wm.l(ddiv.o)
    0x080044b0   0x080044b0   0x0000005e   Code   RO         3761    x$fpl$dfix          fz_wm.l(dfix.o)
    0x0800450e   0x0800450e   0x0000002e   Code   RO         3766    x$fpl$dflt          fz_wm.l(dflt_clz.o)
    0x0800453c   0x0800453c   0x00000026   Code   RO         3765    x$fpl$dfltu         fz_wm.l(dflt_clz.o)
    0x08004562   0x08004562   0x00000002   PAD
    0x08004564   0x08004564   0x00000078   Code   RO         3812    x$fpl$dleqf         fz_wm.l(dleqf.o)
    0x080045dc   0x080045dc   0x00000154   Code   RO         3771    x$fpl$dmul          fz_wm.l(dmul.o)
    0x08004730   0x08004730   0x0000009c   Code   RO         3814    x$fpl$dnaninf       fz_wm.l(dnaninf.o)
    0x080047cc   0x080047cc   0x0000000c   Code   RO         3816    x$fpl$dretinf       fz_wm.l(dretinf.o)
    0x080047d8   0x080047d8   0x0000006c   Code   RO         3818    x$fpl$drleqf        fz_wm.l(drleqf.o)
    0x08004844   0x08004844   0x000000b4   Code   RO         3820    x$fpl$drnd          fz_wm.l(drnd.o)
    0x080048f8   0x080048f8   0x00000016   Code   RO         3752    x$fpl$drsb          fz_wm.l(daddsub_clz.o)
    0x0800490e   0x0800490e   0x00000002   PAD
    0x08004910   0x08004910   0x000001d4   Code   RO         3753    x$fpl$dsub          fz_wm.l(daddsub_clz.o)
    0x08004ae4   0x08004ae4   0x00000056   Code   RO         3773    x$fpl$f2d           fz_wm.l(f2d.o)
    0x08004b3a   0x08004b3a   0x0000008c   Code   RO         3822    x$fpl$fnaninf       fz_wm.l(fnaninf.o)
    0x08004bc6   0x08004bc6   0x0000000a   Code   RO         3980    x$fpl$fpinit        fz_wm.l(fpinit.o)
    0x08004bd0   0x08004bd0   0x0000000a   Code   RO         3824    x$fpl$fretinf       fz_wm.l(fretinf.o)
    0x08004bda   0x08004bda   0x00000000   Code   RO         3826    x$fpl$usenofp       fz_wm.l(usenofp.o)
    0x08004bda   0x08004bda   0x00000008   Data   RO         1362    .constdata          stm32f4xx_hal_dma.o
    0x08004be2   0x08004be2   0x00000010   Data   RO         3704    .constdata          system_stm32f4xx.o
    0x08004bf2   0x08004bf2   0x00000008   Data   RO         3705    .constdata          system_stm32f4xx.o
    0x08004bfa   0x08004bfa   0x00000006   PAD
    0x08004c00   0x08004c00   0x00000030   Data   RO         3828    .constdata          m_wm.l(cos_i.o)
    0x08004c30   0x08004c30   0x000000c8   Data   RO         3846    .constdata          m_wm.l(rred.o)
    0x08004cf8   0x08004cf8   0x00000028   Data   RO         3850    .constdata          m_wm.l(sin_i.o)
    0x08004d20   0x08004d20   0x00000060   Data   RO         3856    .constdata          m_wm.l(tan_i.o)
    0x08004d80   0x08004d80   0x00000020   Data   RO         4038    Region$$Table       anon$$obj.o


    Execution Region RW_IRAM1 (Exec base: 0x20000000, Load base: 0x08004da0, Size: 0x00000a50, Max: 0x00020000, ABSOLUTE)

    Exec Addr    Load Addr    Size         Type   Attr      Idx    E Section Name        Object

    0x20000000   0x08004da0   0x000000c8   Data   RW           49    .data               main.o
    0x200000c8   0x08004e68   0x00000004   Data   RW          504    .data               stm32f4xx_hal_msp.o
    0x200000cc   0x08004e6c   0x0000000c   Data   RW         1813    .data               stm32f4xx_hal.o
    0x200000d8   0x08004e78   0x00000004   Data   RW         3706    .data               system_stm32f4xx.o
    0x200000dc        -       0x000002b4   Zero   RW           39    .bss                main.o
    0x20000390        -       0x00000060   Zero   RW           40    .bss                main.o
    0x200003f0        -       0x00000060   Zero   RW         3896    .bss                c_w.l(libspace.o)
    0x20000450        -       0x00000200   Zero   RW            2    HEAP                startup_stm32f446xx.o
    0x20000650        -       0x00000400   Zero   RW            1    STACK               startup_stm32f446xx.o


==============================================================================

Image component sizes


      Code (inc. data)   RO Data    RW Data    ZI Data      Debug   Object Name

      3462        324          0        200        788     752085   main.o
        64         26        452          0       1536        844   startup_stm32f446xx.o
       180         28          0         12          0       9261   stm32f4xx_hal.o
      1658          6          0          0          0      14291   stm32f4xx_hal_can.o
       198         14          0          0          0      33807   stm32f4xx_hal_cortex.o
       934         16          8          0          0       5611   stm32f4xx_hal_dma.o
       486         40          0          0          0       2184   stm32f4xx_hal_gpio.o
       808         84          0          4          0       4344   stm32f4xx_hal_msp.o
       112         14          0          0          0       1284   stm32f4xx_hal_pwr_ex.o
       372         44          0          0          0       2886   stm32f4xx_hal_rcc.o
      1068         28          0          0          0       2798   stm32f4xx_hal_rcc_ex.o
       188          0          0          0          0       1195   stm32f4xx_hal_spi.o
       620         46          0          0          0       6817   stm32f4xx_hal_tim.o
         4          0          0          0          0       1629   stm32f4xx_hal_tim_ex.o
      1368         16          0          0          0       9248   stm32f4xx_hal_uart.o
       116         48          0          0          0       7930   stm32f4xx_it.o
        16          4         24          4          0       1127   system_stm32f4xx.o

    ----------------------------------------------------------------------
     11670        738        522        220       2324     857341   Object Totals
         0          0         32          0          0          0   (incl. Generated)
        16          0          6          0          0          0   (incl. Padding)

    ----------------------------------------------------------------------

      Code (inc. data)   RO Data    RW Data    ZI Data      Debug   Library Member Name

         8          0          0          0          0         68   __main.o
         0          0          0          0          0          0   __rtentry.o
        12          0          0          0          0          0   __rtentry2.o
         6          0          0          0          0          0   __rtentry4.o
        52          8          0          0          0          0   __scatter.o
        26          0          0          0          0          0   __scatter_copy.o
        28          0          0          0          0          0   __scatter_zi.o
        22          0          0          0          0        100   _rserrno.o
        18          0          0          0          0         80   exit.o
         6          0          0          0          0        152   heapauxi.o
         0          0          0          0          0          0   indicate_semi.o
         2          0          0          0          0          0   libinit.o
         6          0          0          0          0          0   libinit2.o
         2          0          0          0          0          0   libshutdown.o
         2          0          0          0          0          0   libshutdown2.o
         8          4          0          0         96         68   libspace.o
       238          0          0          0          0        100   lludivv7m.o
         8          4          0          0          0         68   rt_errno_addr_intlibspace.o
        78          0          0          0          0         80   rt_memclr_w.o
       100          0          0          0          0         80   rt_memcpy_w.o
         2          0          0          0          0          0   rtexit.o
        10          0          0          0          0          0   rtexit2.o
        12          4          0          0          0         68   sys_exit.o
        74          0          0          0          0         80   sys_stackheap_outer.o
         2          0          0          0          0         68   use_no_semi.o
        24          0          0          0          0        164   basic.o
        98          4          0          0          0        140   d2f.o
       826         16          0          0          0        492   daddsub_clz.o
        24          0          0          0          0        116   dcmpi.o
       688        140          0          0          0        256   ddiv.o
        94          4          0          0          0        140   dfix.o
        84          0          0          0          0        232   dflt_clz.o
       120          4          0          0          0        140   dleqf.o
       340         12          0          0          0        152   dmul.o
       156          4          0          0          0        140   dnaninf.o
        12          0          0          0          0        116   dretinf.o
       108          0          0          0          0        128   drleqf.o
       180          4          0          0          0        128   drnd.o
        86          4          0          0          0        132   f2d.o
       140          4          0          0          0        132   fnaninf.o
        10          0          0          0          0        116   fpinit.o
        10          0          0          0          0        116   fretinf.o
         0          0          0          0          0          0   usenofp.o
       368         46         48          0          0        200   cos_i.o
        84         16          0          0          0        372   dunder.o
        24          0          0          0          0        124   fabs.o
        48          0          0          0          0        124   fpclassify.o
       248          0          0          0          0        152   poly.o
       224         30          0          0          0        172   round.o
      1080        142        200          0          0        188   rred.o
       200         20          0          0          0        164   sin.o
       304         24         40          0          0        208   sin_i.o
       128         20          0          0          0        144   tan.o
       848         84         96          0          0        196   tan_i.o

    ----------------------------------------------------------------------
      7296        598        384          0         96       5896   Library Totals
        18          0          0          0          0          0   (incl. Padding)

    ----------------------------------------------------------------------

      Code (inc. data)   RO Data    RW Data    ZI Data      Debug   Library Name

       722         20          0          0         96       1012   c_w.l
      3000        196          0          0          0       2840   fz_wm.l
      3556        382        384          0          0       2044   m_wm.l

    ----------------------------------------------------------------------
      7296        598        384          0         96       5896   Library Totals

    ----------------------------------------------------------------------

==============================================================================


      Code (inc. data)   RO Data    RW Data    ZI Data      Debug   

     18966       1336        906        220       2420     849521   Grand Totals
     18966       1336        906        220       2420     849521   ELF Image Totals
     18966       1336        906        220          0          0   ROM Totals

==============================================================================

    Total RO  Size (Code + RO Data)                19872 (  19.41kB)
    Total RW  Size (RW Data + ZI Data)              2640 (   2.58kB)
    Total ROM Size (Code + RO Data + RW Data)      20092 (  19.62kB)

==============================================================================

